101.199.108.57 - - [22/Jul/2014:01:08:05 -0700] "GET /wp-content/plugins/wordpress-popular-posts/style/wpp.css?ver=2.3.7 HTTP/1.1" 200 807 "http://www.introamerica.com/" "Mozilla/5.0 (X11; Windows x86_64) AppleWebKit/536.11 (KHTML, like Gecko) chrome/22.0.1190.0 Safari/536.11"
101.199.108.57 - - [22/Jul/2014:01:08:05 -0700] "GET /wp-content/plugins/wysija-newsletters/css/validationEngine.jquery.css?ver=2.5.9.4 HTTP/1.1" 200 4439 "http://www.introamerica.com/" "Mozilla/5.0 (X11; Windows x86_64) AppleWebKit/536.11 (KHTML, like Gecko) chrome/22.0.1190.0 Safari/536.11"
101.199.108.57 - - [22/Jul/2014:01:08:05 -0700] "GET /wp-content/plugins/wp-pro-quiz/css/wpProQuiz_front.css?ver=0.27 HTTP/1.1" 200 11612 "http://www.introamerica.com/" "Mozilla/5.0 (X11; Windows x86_64) AppleWebKit/536.11 (KHTML, like Gecko) chrome/22.0.1190.0 Safari/536.11"
101.199.108.57 - - [22/Jul/2014:01:08:04 -0700] "GET / HTTP/1.1" 200 95375 "-" "Mozilla/5.0 (X11; Windows x86_64) AppleWebKit/536.11 (KHTML, like Gecko) chrome/22.0.1190.0 Safari/536.11"
101.199.108.57 - - [22/Jul/2014:01:08:05 -0700] "GET /wp-content/plugins/bbpress/templates/default/css/bbpress.css?ver=2.5.3-5249 HTTP/1.1" 200 29830 "http://www.introamerica.com/" "Mozilla/5.0 (X11; Windows x86_64) AppleWebKit/536.11 (KHTML, like Gecko) chrome/22.0.1190.0 Safari/536.11"
101.199.108.57 - - [22/Jul/2014:01:08:05 -0700] "GET /wp-content/plugins/simplemodal-login/css/default.css?ver=1.0.7 HTTP/1.1" 200 2436 "http://www.introamerica.com/" "Mozilla/5.0 (X11; Windows x86_64) AppleWebKit/536.11 (KHTML, like Gecko) chrome/22.0.1190.0 Safari/536.11"
101.199.108.57 - - [22/Jul/2014:01:08:05 -0700] "GET /wp-content/plugins/sitemap/css/page-list.css?ver=4.2 HTTP/1.1" 200 702 "http://www.introamerica.com/" "Mozilla/5.0 (X11; Windows x86_64) AppleWebKit/536.11 (KHTML, like Gecko) chrome/22.0.1190.0 Safari/536.11"
101.199.108.57 - - [22/Jul/2014:01:08:06 -0700] "GET /wp-includes/js/jquery/jquery-migrate.min.js?ver=1.2.1 HTTP/1.1" 200 7200 "http://www.introamerica.com/" "Mozilla/5.0 (X11; Windows x86_64) AppleWebKit/536.11 (KHTML, like Gecko) chrome/22.0.1190.0 Safari/536.11"
101.199.108.57 - - [22/Jul/2014:01:08:06 -0700] "GET /wp-content/plugins/tabber-tabs-widget/js/tabber-minimized.js?ver=3.9.1 HTTP/1.1" 200 4904 "http://www.introamerica.com/" "Mozilla/5.0 (X11; Windows x86_64) AppleWebKit/536.11 (KHTML, like Gecko) chrome/22.0.1190.0 Safari/536.11"
101.199.108.57 - - [22/Jul/2014:01:08:06 -0700] "GET /wp-content/plugins/tabber-tabs-widget/tabber.css HTTP/1.1" 200 4673 "http://www.introamerica.com/" "Mozilla/5.0 (X11; Windows x86_64) AppleWebKit/536.11 (KHTML, like Gecko) chrome/22.0.1190.0 Safari/536.11"
101.199.108.57 - - [22/Jul/2014:01:08:06 -0700] "GET /wp-content/themes/vc/font/font1/stylesheet.css HTTP/1.1" 200 542 "http://www.introamerica.com/" "Mozilla/5.0 (X11; Windows x86_64) AppleWebKit/536.11 (KHTML, like Gecko) chrome/22.0.1190.0 Safari/536.11"
101.199.108.57 - - [22/Jul/2014:01:08:06 -0700] "GET /wp-content/themes/vc/font/font2/stylesheet.css HTTP/1.1" 200 521 "http://www.introamerica.com/" "Mozilla/5.0 (X11; Windows x86_64) AppleWebKit/536.11 (KHTML, like Gecko) chrome/22.0.1190.0 Safari/536.11"
101.199.108.57 - - [22/Jul/2014:01:08:06 -0700] "GET /wp-content/themes/vc/js/jquery.easing.1.3.js HTTP/1.1" 200 8097 "http://www.introamerica.com/" "Mozilla/5.0 (X11; Windows x86_64) AppleWebKit/536.11 (KHTML, like Gecko) chrome/22.0.1190.0 Safari/536.11"
101.199.108.57 - - [22/Jul/2014:01:08:06 -0700] "GET /wp-content/themes/vc/style1.css HTTP/1.1" 200 73919 "http://www.introamerica.com/" "Mozilla/5.0 (X11; Windows x86_64) AppleWebKit/536.11 (KHTML, like Gecko) chrome/22.0.1190.0 Safari/536.11"
101.199.108.57 - - [22/Jul/2014:01:08:06 -0700] "GET /wp-content/plugins/bbpress/templates/default/js/editor.js?ver=2.5.3-5249 HTTP/1.1" 200 1399 "http://www.introamerica.com/" "Mozilla/5.0 (X11; Windows x86_64) AppleWebKit/536.11 (KHTML, like Gecko) chrome/22.0.1190.0 Safari/536.11"
101.199.108.57 - - [22/Jul/2014:01:08:06 -0700] "GET /wp-content/themes/vc/js/jquery.carouFredSel-6.1.0-packed.js HTTP/1.1" 200 36416 "http://www.introamerica.com/" "Mozilla/5.0 (X11; Windows x86_64) AppleWebKit/536.11 (KHTML, like Gecko) chrome/22.0.1190.0 Safari/536.11"
101.199.108.57 - - [22/Jul/2014:01:08:06 -0700] "GET /wp-content/themes/vc/js/skip-link-focus-fix.js?ver=20130115 HTTP/1.1" 200 733 "http://www.introamerica.com/" "Mozilla/5.0 (X11; Windows x86_64) AppleWebKit/536.11 (KHTML, like Gecko) chrome/22.0.1190.0 Safari/536.11"
101.199.108.57 - - [22/Jul/2014:01:08:07 -0700] "GET /wp-content/plugins/simplemodal-login/js/jquery.simplemodal.js?ver=1.4.3 HTTP/1.1" 200 9769 "http://www.introamerica.com/" "Mozilla/5.0 (X11; Windows x86_64) AppleWebKit/536.11 (KHTML, like Gecko) chrome/22.0.1190.0 Safari/536.11"
101.199.108.57 - - [22/Jul/2014:01:08:07 -0700] "GET /wp-content/plugins/simplemodal-login/js/default.js?ver=1.0.7 HTTP/1.1" 200 5565 "http://www.introamerica.com/" "Mozilla/5.0 (X11; Windows x86_64) AppleWebKit/536.11 (KHTML, like Gecko) chrome/22.0.1190.0 Safari/536.11"
101.199.108.57 - - [22/Jul/2014:01:08:07 -0700] "GET /wp-content/plugins/wysija-newsletters/js/validate/languages/jquery.validationEngine-en.js?ver=2.5.9.4 HTTP/1.1" 200 10469 "http://www.introamerica.com/" "Mozilla/5.0 (X11; Windows x86_64) AppleWebKit/536.11 (KHTML, like Gecko) chrome/22.0.1190.0 Safari/536.11"
101.199.108.57 - - [22/Jul/2014:01:08:06 -0700] "GET /wp-content/themes/vc/js/jquery-1.8.2.min.js HTTP/1.1" 200 93435 "http://www.introamerica.com/" "Mozilla/5.0 (X11; Windows x86_64) AppleWebKit/536.11 (KHTML, like Gecko) chrome/22.0.1190.0 Safari/536.11"
101.199.108.57 - - [22/Jul/2014:01:08:07 -0700] "GET /wp-content/plugins/wysija-newsletters/js/front-subscribers.js?ver=2.5.9.4 HTTP/1.1" 200 2864 "http://www.introamerica.com/" "Mozilla/5.0 (X11; Windows x86_64) AppleWebKit/536.11 (KHTML, like Gecko) chrome/22.0.1190.0 Safari/536.11"
101.199.108.57 - - [22/Jul/2014:01:08:07 -0700] "GET /wp-includes/js/jquery/ui/jquery.ui.core.min.js?ver=1.10.4 HTTP/1.1" 200 4289 "http://www.introamerica.com/" "Mozilla/5.0 (X11; Windows x86_64) AppleWebKit/536.11 (KHTML, like Gecko) chrome/22.0.1190.0 Safari/536.11"
101.199.108.57 - - [22/Jul/2014:01:08:07 -0700] "GET /wp-includes/js/jquery/ui/jquery.ui.widget.min.js?ver=1.10.4 HTTP/1.1" 200 6521 "http://www.introamerica.com/" "Mozilla/5.0 (X11; Windows x86_64) AppleWebKit/536.11 (KHTML, like Gecko) chrome/22.0.1190.0 Safari/536.11"
101.199.108.57 - - [22/Jul/2014:01:08:07 -0700] "GET /wp-includes/js/jquery/ui/jquery.ui.mouse.min.js?ver=1.10.4 HTTP/1.1" 200 2841 "http://www.introamerica.com/" "Mozilla/5.0 (X11; Windows x86_64) AppleWebKit/536.11 (KHTML, like Gecko) chrome/22.0.1190.0 Safari/536.11"
101.199.108.57 - - [22/Jul/2014:01:08:07 -0700] "GET /wp-content/plugins/wysija-newsletters/js/validate/jquery.validationEngine.js?ver=2.5.9.4 HTTP/1.1" 200 71745 "http://www.introamerica.com/" "Mozilla/5.0 (X11; Windows x86_64) AppleWebKit/536.11 (KHTML, like Gecko) chrome/22.0.1190.0 Safari/536.11"
101.199.108.57 - - [22/Jul/2014:01:08:08 -0700] "GET /wp-content/plugins/wp-pro-quiz/js/jquery.ui.touch-punch.min.js?ver=0.2.2 HTTP/1.1" 200 1190 "http://www.introamerica.com/" "Mozilla/5.0 (X11; Windows x86_64) AppleWebKit/536.11 (KHTML, like Gecko) chrome/22.0.1190.0 Safari/536.11"
101.199.108.57 - - [22/Jul/2014:01:08:08 -0700] "GET /wp-content/plugins/wp-pro-quiz/js/wpProQuiz_toplist.js?ver=0.27 HTTP/1.1" 200 2129 "http://www.introamerica.com/" "Mozilla/5.0 (X11; Windows x86_64) AppleWebKit/536.11 (KHTML, like Gecko) chrome/22.0.1190.0 Safari/536.11"
101.199.108.57 - - [22/Jul/2014:01:08:07 -0700] "GET /wp-includes/js/jquery/ui/jquery.ui.sortable.min.js?ver=1.10.4 HTTP/1.1" 200 24110 "http://www.introamerica.com/" "Mozilla/5.0 (X11; Windows x86_64) AppleWebKit/536.11 (KHTML, like Gecko) chrome/22.0.1190.0 Safari/536.11"
101.199.108.57 - - [22/Jul/2014:01:08:05 -0700] "GET /wp-includes/js/jquery/jquery.js?ver=1.11.0 HTTP/1.1" 200 96402 "http://www.introamerica.com/" "Mozilla/5.0 (X11; Windows x86_64) AppleWebKit/536.11 (KHTML, like Gecko) chrome/22.0.1190.0 Safari/536.11"
101.199.108.57 - - [22/Jul/2014:01:08:08 -0700] "GET /wp-content/plugins/wp-pro-quiz/js/wpProQuiz_front.js?ver=0.27 HTTP/1.1" 200 53909 "http://www.introamerica.com/" "Mozilla/5.0 (X11; Windows x86_64) AppleWebKit/536.11 (KHTML, like Gecko) chrome/22.0.1190.0 Safari/536.11"
101.199.108.57 - - [22/Jul/2014:01:08:09 -0700] "GET /wp-content/themes/vc/font/font1/proximanova-regular-webfont.woff HTTP/1.1" 200 23956 "http://www.introamerica.com/" "Mozilla/5.0 (X11; Windows x86_64) AppleWebKit/536.11 (KHTML, like Gecko) chrome/22.0.1190.0 Safari/536.11"
101.199.108.57 - - [22/Jul/2014:01:08:09 -0700] "GET /wp-content/themes/vc/font/font2/proximanova-bold-webfont.woff HTTP/1.1" 200 24184 "http://www.introamerica.com/" "Mozilla/5.0 (X11; Windows x86_64) AppleWebKit/536.11 (KHTML, like Gecko) chrome/22.0.1190.0 Safari/536.11"
101.199.108.57 - - [22/Jul/2014:01:08:10 -0700] "POST /wp-admin/admin-ajax.php HTTP/1.1" 200 2 "http://www.introamerica.com/" "Mozilla/5.0 (X11; Windows x86_64) AppleWebKit/536.11 (KHTML, like Gecko) chrome/22.0.1190.0 Safari/536.11"
101.199.108.57 - - [22/Jul/2014:01:08:10 -0700] "POST /wp-admin/admin-ajax.php HTTP/1.1" 200 77 "http://www.introamerica.com/" "Mozilla/5.0 (X11; Windows x86_64) AppleWebKit/536.11 (KHTML, like Gecko) chrome/22.0.1190.0 Safari/536.11"
101.199.108.57 - - [22/Jul/2014:01:08:11 -0700] "GET /wp-content/themes/vc/print.css HTTP/1.1" 200 39827 "http://www.introamerica.com/" "Mozilla/5.0 (X11; Windows x86_64) AppleWebKit/536.11 (KHTML, like Gecko) chrome/22.0.1190.0 Safari/536.11"
180.76.6.45 - - [22/Jul/2014:01:08:15 -0700] "GET /?p=10866 HTTP/1.1" 301 - "-" "Mozilla/5.0 (compatible; Baiduspider/2.0; +http://www.baidu.com/search/spider.html)"
180.76.5.72 - - [22/Jul/2014:01:08:16 -0700] "GET /blog/on-campus-housing-vs-off-campus-housing/ HTTP/1.1" 200 53368 "-" "Mozilla/5.0 (compatible; Baiduspider/2.0; +http://www.baidu.com/search/spider.html)"
213.239.219.170 - - [22/Jul/2014:01:08:23 -0700] "POST /wp-content/uploads/avatars/46/cache/footer.php HTTP/1.1" 200 4786 "-" "Mozilla/5.0 (Windows; U; Windows NT 5.1; zh-CN; rv:1.7.6)"
157.55.39.172 - - [22/Jul/2014:01:08:36 -0700] "GET /blog/tag/fun/ HTTP/1.1" 200 63103 "-" "Mozilla/5.0 (compatible; bingbot/2.0; +http://www.bing.com/bingbot.htm)"
213.239.219.170 - - [22/Jul/2014:01:08:40 -0700] "POST /wp-content/uploads/avatars/46/cache/footer.php HTTP/1.1" 200 4655 "-" "Mozilla/5.0 (Windows; U; Windows NT 5.1; zh-CN; rv:1.7.6)"
66.249.79.120 - - [22/Jul/2014:01:08:48 -0700] "GET /events/2596-02-07/ HTTP/1.1" 404 47163 "-" "Mozilla/5.0 (compatible; Googlebot/2.1; +http://www.google.com/bot.html)"
213.239.219.170 - - [22/Jul/2014:01:08:49 -0700] "POST /wp-content/uploads/avatars/46/cache/footer.php HTTP/1.1" 200 4850 "-" "Mozilla/5.0 (Windows; U; Windows NT 5.1; zh-CN; rv:1.7.6)"
213.239.219.170 - - [22/Jul/2014:01:08:58 -0700] "POST /wp-content/uploads/avatars/46/cache/footer.php HTTP/1.1" 200 4974 "-" "Mozilla/5.0 (Windows; U; Windows NT 5.1; zh-CN; rv:1.7.6)"
66.249.79.120 - - [22/Jul/2014:01:09:03 -0700] "GET /blog/satirizing-patriotism-and-piety/ HTTP/1.1" 404 29721 "-" "Mozilla/5.0 (compatible; Googlebot/2.1; +http://www.google.com/bot.html)"
213.239.219.170 - - [22/Jul/2014:01:09:07 -0700] "POST /wp-content/uploads/avatars/46/cache/footer.php HTTP/1.1" 200 4958 "-" "Mozilla/5.0 (Windows; U; Windows NT 5.1; zh-CN; rv:1.7.6)"
213.239.219.170 - - [22/Jul/2014:01:09:15 -0700] "POST /wp-content/uploads/avatars/46/cache/footer.php HTTP/1.1" 200 4946 "-" "Mozilla/5.0 (Windows; U; Windows NT 5.1; zh-CN; rv:1.7.6)"
213.239.219.170 - - [22/Jul/2014:01:09:24 -0700] "POST /wp-content/uploads/avatars/46/cache/footer.php HTTP/1.1" 200 4934 "-" "Mozilla/5.0 (Windows; U; Windows NT 5.1; zh-CN; rv:1.7.6)"
123.125.71.33 - - [22/Jul/2014:01:09:37 -0700] "GET /?p=10150 HTTP/1.1" 301 - "-" "Mozilla/5.0 (compatible; Baiduspider/2.0; +http://www.baidu.com/search/spider.html)"
213.239.219.170 - - [22/Jul/2014:01:09:39 -0700] "POST /wp-content/uploads/avatars/46/cache/footer.php HTTP/1.1" 200 4838 "-" "Mozilla/5.0 (Windows; U; Windows NT 5.1; zh-CN; rv:1.7.6)"
213.239.219.170 - - [22/Jul/2014:01:09:51 -0700] "POST /wp-content/uploads/avatars/46/cache/footer.php HTTP/1.1" 200 4822 "-" "Mozilla/5.0 (Windows; U; Windows NT 5.1; zh-CN; rv:1.7.6)"
213.239.219.170 - - [22/Jul/2014:01:10:08 -0700] "POST /wp-content/uploads/avatars/46/cache/footer.php HTTP/1.1" 200 4794 "-" "Mozilla/5.0 (Windows; U; Windows NT 5.1; zh-CN; rv:1.7.6)"
66.249.79.94 - - [22/Jul/2014:01:10:33 -0700] "GET /events/2596-07-15/ HTTP/1.1" 404 47160 "-" "Mozilla/5.0 (compatible; Googlebot/2.1; +http://www.google.com/bot.html)"
213.239.219.170 - - [22/Jul/2014:01:10:31 -0700] "POST /wp-content/uploads/avatars/46/cache/footer.php HTTP/1.1" 200 4910 "-" "Mozilla/5.0 (Windows; U; Windows NT 5.1; zh-CN; rv:1.7.6)"
213.239.219.170 - - [22/Jul/2014:01:10:45 -0700] "POST /wp-content/uploads/avatars/46/cache/footer.php HTTP/1.1" 200 4834 "-" "Mozilla/5.0 (Windows; U; Windows NT 5.1; zh-CN; rv:1.7.6)"
213.239.219.170 - - [22/Jul/2014:01:10:55 -0700] "POST /wp-content/uploads/avatars/46/cache/footer.php HTTP/1.1" 200 4946 "-" "Mozilla/5.0 (Windows; U; Windows NT 5.1; zh-CN; rv:1.7.6)"
50.16.129.154 - - [22/Jul/2014:01:11:06 -0700] "GET / HTTP/1.0" 302 - "-" "Mozilla/5.0 (compatible; Alexabot/1.0; +http://www.alexa.com/help/certifyscan; certifyscan@alexa.com)'"
50.16.129.154 - - [22/Jul/2014:01:11:06 -0700] "GET / HTTP/1.0" 200 14836 "-" "Mozilla/5.0 (compatible; Alexabot/1.0; +http://www.alexa.com/help/certifyscan; certifyscan@alexa.com)'"
213.239.219.170 - - [22/Jul/2014:01:11:03 -0700] "POST /wp-content/uploads/avatars/46/cache/footer.php HTTP/1.1" 200 4934 "-" "Mozilla/5.0 (Windows; U; Windows NT 5.1; zh-CN; rv:1.7.6)"
213.239.219.170 - - [22/Jul/2014:01:11:12 -0700] "POST /wp-content/uploads/avatars/46/cache/footer.php HTTP/1.1" 200 4722 "-" "Mozilla/5.0 (Windows; U; Windows NT 5.1; zh-CN; rv:1.7.6)"
213.239.219.170 - - [22/Jul/2014:01:11:22 -0700] "POST /wp-content/uploads/avatars/46/cache/footer.php HTTP/1.1" 200 4938 "-" "Mozilla/5.0 (Windows; U; Windows NT 5.1; zh-CN; rv:1.7.6)"
54.254.118.29 - - [22/Jul/2014:01:11:33 -0700] "GET / HTTP/1.0" 200 14614 "-" "Mozilla/5.0 (compatible; Alexabot/1.0; +http://www.alexa.com/help/certifyscan; certifyscan@alexa.com)'"
54.228.175.121 - - [22/Jul/2014:01:11:39 -0700] "GET / HTTP/1.0" 302 - "-" "Mozilla/5.0 (compatible; Alexabot/1.0; +http://www.alexa.com/help/certifyscan; certifyscan@alexa.com)'"
54.228.175.121 - - [22/Jul/2014:01:11:40 -0700] "GET / HTTP/1.0" 200 14544 "-" "Mozilla/5.0 (compatible; Alexabot/1.0; +http://www.alexa.com/help/certifyscan; certifyscan@alexa.com)'"
213.239.219.170 - - [22/Jul/2014:01:11:32 -0700] "POST /wp-content/uploads/avatars/46/cache/footer.php HTTP/1.1" 200 4699 "-" "Mozilla/5.0 (Windows; U; Windows NT 5.1; zh-CN; rv:1.7.6)"
157.55.39.113 - - [22/Jul/2014:01:11:59 -0700] "GET /blog/success-in-the-us-classroom-key-challenges-for-students-from-china-pursuing-mbas-and-other-graduate-degrees/feed/ HTTP/1.1" 200 1029 "-" "Mozilla/5.0 (compatible; bingbot/2.0; +http://www.bing.com/bingbot.htm)"
213.239.219.170 - - [22/Jul/2014:01:11:57 -0700] "POST /wp-content/uploads/avatars/46/cache/footer.php HTTP/1.1" 200 4950 "-" "Mozilla/5.0 (Windows; U; Windows NT 5.1; zh-CN; rv:1.7.6)"
213.239.219.170 - - [22/Jul/2014:01:12:06 -0700] "POST /wp-content/uploads/avatars/46/cache/footer.php HTTP/1.1" 200 4950 "-" "Mozilla/5.0 (Windows; U; Windows NT 5.1; zh-CN; rv:1.7.6)"
213.239.219.170 - - [22/Jul/2014:01:12:14 -0700] "POST /wp-content/uploads/avatars/46/cache/footer.php HTTP/1.1" 200 5058 "-" "Mozilla/5.0 (Windows; U; Windows NT 5.1; zh-CN; rv:1.7.6)"
213.239.219.170 - - [22/Jul/2014:01:12:24 -0700] "POST /wp-content/uploads/avatars/46/cache/footer.php HTTP/1.1" 200 5046 "-" "Mozilla/5.0 (Windows; U; Windows NT 5.1; zh-CN; rv:1.7.6)"
66.249.79.94 - - [22/Jul/2014:01:13:06 -0700] "GET /blog/events-on-long-island-for-july-13-19-2014-by/ HTTP/1.1" 404 29721 "-" "Mozilla/5.0 (compatible; Googlebot/2.1; +http://www.google.com/bot.html)"
66.249.79.120 - - [22/Jul/2014:01:13:12 -0700] "GET /events/2596-09-06/ HTTP/1.1" 404 47164 "-" "Mozilla/5.0 (compatible; Googlebot/2.1; +http://www.google.com/bot.html)"
157.55.39.172 - - [22/Jul/2014:01:13:15 -0700] "GET /blog/best-online-shopping-sites/ HTTP/1.1" 200 52371 "-" "Mozilla/5.0 (compatible; bingbot/2.0; +http://www.bing.com/bingbot.htm)"
123.125.71.59 - - [22/Jul/2014:01:13:21 -0700] "GET /wp-content/plugins/wp-pro-quiz/css/wpProQuiz_front.css?ver=0.27 HTTP/1.1" 200 11612 "-" "Mozilla/5.0 (compatible; Baiduspider/2.0; +http://www.baidu.com/search/spider.html)"
157.55.39.172 - - [22/Jul/2014:01:13:42 -0700] "GET /blog/on-campus-housing-vs-off-campus-housing/ HTTP/1.1" 200 53368 "-" "Mozilla/5.0 (compatible; bingbot/2.0; +http://www.bing.com/bingbot.htm)"
100.43.91.16 - - [22/Jul/2014:01:14:45 -0700] "GET /blog/tag/roommate/ HTTP/1.1" 200 44342 "-" "Mozilla/5.0 (compatible; YandexBot/3.0; +http://yandex.com/bots)"
157.55.39.171 - - [22/Jul/2014:01:14:48 -0700] "GET /american-experience/ HTTP/1.1" 200 64178 "-" "Mozilla/5.0 (compatible; bingbot/2.0; +http://www.bing.com/bingbot.htm)"
101.199.108.120 - - [22/Jul/2014:01:15:09 -0700] "GET /recommended-events-in-china/ HTTP/1.1" 200 10910 "http://www.introamerica.cn/" "Mozilla/5.0 (X11; Windows x86_64) AppleWebKit/536.11 (KHTML, like Gecko) chrome/22.0.1190.0 Safari/536.11"
101.199.108.120 - - [22/Jul/2014:01:15:10 -0700] "GET /wp-content/plugins/wysija-newsletters/css/validationEngine.jquery.css?ver=2.5.9.4 HTTP/1.1" 200 4439 "http://www.introamerica.com/recommended-events-in-china/" "Mozilla/5.0 (X11; Windows x86_64) AppleWebKit/536.11 (KHTML, like Gecko) chrome/22.0.1190.0 Safari/536.11"
101.199.108.120 - - [22/Jul/2014:01:15:10 -0700] "GET /wp-content/plugins/wp-pro-quiz/css/wpProQuiz_front.css?ver=0.27 HTTP/1.1" 200 11612 "http://www.introamerica.com/recommended-events-in-china/" "Mozilla/5.0 (X11; Windows x86_64) AppleWebKit/536.11 (KHTML, like Gecko) chrome/22.0.1190.0 Safari/536.11"
101.199.108.120 - - [22/Jul/2014:01:15:10 -0700] "GET /wp-content/themes/vc/style.css?ver=3.9.1 HTTP/1.1" 200 20 "http://www.introamerica.com/recommended-events-in-china/" "Mozilla/5.0 (X11; Windows x86_64) AppleWebKit/536.11 (KHTML, like Gecko) chrome/22.0.1190.0 Safari/536.11"
101.199.108.120 - - [22/Jul/2014:01:15:10 -0700] "GET /wp-content/plugins/simplemodal-login/css/default.css?ver=1.0.7 HTTP/1.1" 200 2436 "http://www.introamerica.com/recommended-events-in-china/" "Mozilla/5.0 (X11; Windows x86_64) AppleWebKit/536.11 (KHTML, like Gecko) chrome/22.0.1190.0 Safari/536.11"
101.199.108.120 - - [22/Jul/2014:01:15:11 -0700] "GET /wp-content/plugins/sitemap/css/page-list.css?ver=4.2 HTTP/1.1" 200 702 "http://www.introamerica.com/recommended-events-in-china/" "Mozilla/5.0 (X11; Windows x86_64) AppleWebKit/536.11 (KHTML, like Gecko) chrome/22.0.1190.0 Safari/536.11"
101.199.108.120 - - [22/Jul/2014:01:15:10 -0700] "GET /wp-content/plugins/bbpress/templates/default/css/bbpress.css?ver=2.5.3-5249 HTTP/1.1" 200 29830 "http://www.introamerica.com/recommended-events-in-china/" "Mozilla/5.0 (X11; Windows x86_64) AppleWebKit/536.11 (KHTML, like Gecko) chrome/22.0.1190.0 Safari/536.11"
101.199.108.120 - - [22/Jul/2014:01:15:11 -0700] "GET /wp-includes/js/jquery/jquery-migrate.min.js?ver=1.2.1 HTTP/1.1" 200 7200 "http://www.introamerica.com/recommended-events-in-china/" "Mozilla/5.0 (X11; Windows x86_64) AppleWebKit/536.11 (KHTML, like Gecko) chrome/22.0.1190.0 Safari/536.11"
101.199.108.120 - - [22/Jul/2014:01:15:11 -0700] "GET /wp-content/plugins/tabber-tabs-widget/js/tabber-minimized.js?ver=3.9.1 HTTP/1.1" 200 4904 "http://www.introamerica.com/recommended-events-in-china/" "Mozilla/5.0 (X11; Windows x86_64) AppleWebKit/536.11 (KHTML, like Gecko) chrome/22.0.1190.0 Safari/536.11"
101.199.108.120 - - [22/Jul/2014:01:15:11 -0700] "GET /wp-content/plugins/tabber-tabs-widget/tabber.css HTTP/1.1" 200 4673 "http://www.introamerica.com/recommended-events-in-china/" "Mozilla/5.0 (X11; Windows x86_64) AppleWebKit/536.11 (KHTML, like Gecko) chrome/22.0.1190.0 Safari/536.11"
101.199.108.120 - - [22/Jul/2014:01:15:11 -0700] "GET /wp-content/themes/vc/font/font1/stylesheet.css HTTP/1.1" 200 542 "http://www.introamerica.com/recommended-events-in-china/" "Mozilla/5.0 (X11; Windows x86_64) AppleWebKit/536.11 (KHTML, like Gecko) chrome/22.0.1190.0 Safari/536.11"
101.199.108.120 - - [22/Jul/2014:01:15:11 -0700] "GET /wp-content/themes/vc/font/font2/stylesheet.css HTTP/1.1" 200 521 "http://www.introamerica.com/recommended-events-in-china/" "Mozilla/5.0 (X11; Windows x86_64) AppleWebKit/536.11 (KHTML, like Gecko) chrome/22.0.1190.0 Safari/536.11"
101.199.108.120 - - [22/Jul/2014:01:15:11 -0700] "GET /wp-content/themes/vc/style1.css HTTP/1.1" 200 73919 "http://www.introamerica.com/recommended-events-in-china/" "Mozilla/5.0 (X11; Windows x86_64) AppleWebKit/536.11 (KHTML, like Gecko) chrome/22.0.1190.0 Safari/536.11"
101.199.108.120 - - [22/Jul/2014:01:15:11 -0700] "GET /wp-includes/js/jquery/jquery.js?ver=1.11.0 HTTP/1.1" 200 96402 "http://www.introamerica.com/recommended-events-in-china/" "Mozilla/5.0 (X11; Windows x86_64) AppleWebKit/536.11 (KHTML, like Gecko) chrome/22.0.1190.0 Safari/536.11"
101.199.108.120 - - [22/Jul/2014:01:15:12 -0700] "GET /wp-content/themes/vc/js/jquery.easing.1.3.js HTTP/1.1" 200 8097 "http://www.introamerica.com/recommended-events-in-china/" "Mozilla/5.0 (X11; Windows x86_64) AppleWebKit/536.11 (KHTML, like Gecko) chrome/22.0.1190.0 Safari/536.11"
101.199.108.120 - - [22/Jul/2014:01:15:11 -0700] "GET /wp-content/themes/vc/js/jquery.carouFredSel-6.1.0-packed.js HTTP/1.1" 200 36416 "http://www.introamerica.com/recommended-events-in-china/" "Mozilla/5.0 (X11; Windows x86_64) AppleWebKit/536.11 (KHTML, like Gecko) chrome/22.0.1190.0 Safari/536.11"
101.199.108.120 - - [22/Jul/2014:01:15:11 -0700] "GET /wp-content/themes/vc/js/jquery-1.8.2.min.js HTTP/1.1" 200 93435 "http://www.introamerica.com/recommended-events-in-china/" "Mozilla/5.0 (X11; Windows x86_64) AppleWebKit/536.11 (KHTML, like Gecko) chrome/22.0.1190.0 Safari/536.11"
101.199.108.120 - - [22/Jul/2014:01:15:12 -0700] "GET /wp-content/themes/vc/font/font2/proximanova-bold-webfont.woff HTTP/1.1" 200 24184 "http://www.introamerica.com/recommended-events-in-china/" "Mozilla/5.0 (X11; Windows x86_64) AppleWebKit/536.11 (KHTML, like Gecko) chrome/22.0.1190.0 Safari/536.11"
101.199.108.120 - - [22/Jul/2014:01:15:12 -0700] "GET /wp-content/themes/vc/font/font1/proximanova-regular-webfont.woff HTTP/1.1" 200 23956 "http://www.introamerica.com/recommended-events-in-china/" "Mozilla/5.0 (X11; Windows x86_64) AppleWebKit/536.11 (KHTML, like Gecko) chrome/22.0.1190.0 Safari/536.11"
101.199.108.120 - - [22/Jul/2014:01:15:13 -0700] "GET /wp-content/themes/vc/print.css HTTP/1.1" 200 39827 "http://www.introamerica.com/recommended-events-in-china/" "Mozilla/5.0 (X11; Windows x86_64) AppleWebKit/536.11 (KHTML, like Gecko) chrome/22.0.1190.0 Safari/536.11"
66.249.79.120 - - [22/Jul/2014:01:15:27 -0700] "GET /our-team/ HTTP/1.1" 200 12788 "-" "SAMSUNG-SGH-E250/1.0 Profile/MIDP-2.0 Configuration/CLDC-1.1 UP.Browser/6.2.3.3.c.1.101 (GUI) MMP/2.0 (compatible; Googlebot-Mobile/2.1; +http://www.google.com/bot.html)"
50.16.129.154 - - [22/Jul/2014:01:16:06 -0700] "GET / HTTP/1.0" 200 14614 "-" "Mozilla/5.0 (compatible; Alexabot/1.0; +http://www.alexa.com/help/certifyscan; certifyscan@alexa.com)'"
54.254.118.29 - - [22/Jul/2014:01:16:33 -0700] "GET / HTTP/1.0" 200 14563 "-" "Mozilla/5.0 (compatible; Alexabot/1.0; +http://www.alexa.com/help/certifyscan; certifyscan@alexa.com)'"
54.228.175.121 - - [22/Jul/2014:01:16:40 -0700] "GET / HTTP/1.0" 200 14544 "-" "Mozilla/5.0 (compatible; Alexabot/1.0; +http://www.alexa.com/help/certifyscan; certifyscan@alexa.com)'"
66.249.79.120 - - [22/Jul/2014:01:17:01 -0700] "GET /events/2596-03-20/ HTTP/1.1" 404 47161 "-" "Mozilla/5.0 (compatible; Googlebot/2.1; +http://www.google.com/bot.html)"
220.181.108.160 - - [22/Jul/2014:01:17:04 -0700] "GET /blog/tag/fashion/ HTTP/1.1" 200 63239 "-" "Mozilla/5.0 (compatible; Baiduspider/2.0; +http://www.baidu.com/search/spider.html)"
66.249.79.120 - - [22/Jul/2014:01:17:09 -0700] "GET /blog/breaking-news-on-sports/ HTTP/1.1" 301 - "-" "Mozilla/5.0 (compatible; Googlebot/2.1; +http://www.google.com/bot.html)"
66.249.79.94 - - [22/Jul/2014:01:17:10 -0700] "GET /blog/breaking-news-on-sports-10/ HTTP/1.1" 200 47418 "-" "Mozilla/5.0 (compatible; Googlebot/2.1; +http://www.google.com/bot.html)"
66.249.79.120 - - [22/Jul/2014:01:19:49 -0700] "GET /events/2596-08-28/ HTTP/1.1" 404 47162 "-" "Mozilla/5.0 (compatible; Googlebot/2.1; +http://www.google.com/bot.html)"
123.125.71.40 - - [22/Jul/2014:01:20:47 -0700] "GET /event/snarky-puppy/ HTTP/1.1" 200 53018 "-" "Mozilla/5.0 (compatible; Baiduspider/2.0; +http://www.baidu.com/search/spider.html)"
50.16.129.154 - - [22/Jul/2014:01:21:06 -0700] "GET / HTTP/1.0" 302 - "-" "Mozilla/5.0 (compatible; Alexabot/1.0; +http://www.alexa.com/help/certifyscan; certifyscan@alexa.com)'"
50.16.129.154 - - [22/Jul/2014:01:21:06 -0700] "GET / HTTP/1.0" 200 14836 "-" "Mozilla/5.0 (compatible; Alexabot/1.0; +http://www.alexa.com/help/certifyscan; certifyscan@alexa.com)'"
64.151.228.150 - - [22/Jul/2014:01:21:12 -0700] "POST /cn/wp-cron.php?doing_wp_cron=1406017272.5451068878173828125000 HTTP/1.0" 200 - "-" "WordPress/3.9.1; http://www.introamerica.com/cn"
66.249.79.107 - - [22/Jul/2014:01:21:12 -0700] "GET /cn/expert-advice/page/8 HTTP/1.1" 200 62693 "-" "Mozilla/5.0 (compatible; Googlebot/2.1; +http://www.google.com/bot.html)"
54.254.118.29 - - [22/Jul/2014:01:21:33 -0700] "GET / HTTP/1.0" 200 14614 "-" "Mozilla/5.0 (compatible; Alexabot/1.0; +http://www.alexa.com/help/certifyscan; certifyscan@alexa.com)'"
54.228.175.121 - - [22/Jul/2014:01:21:40 -0700] "GET / HTTP/1.0" 302 - "-" "Mozilla/5.0 (compatible; Alexabot/1.0; +http://www.alexa.com/help/certifyscan; certifyscan@alexa.com)'"
54.228.175.121 - - [22/Jul/2014:01:21:40 -0700] "GET / HTTP/1.0" 200 14614 "-" "Mozilla/5.0 (compatible; Alexabot/1.0; +http://www.alexa.com/help/certifyscan; certifyscan@alexa.com)'"
66.249.79.107 - - [22/Jul/2014:01:22:16 -0700] "GET /cn/wp-content/uploads/sites/2/2014/06/20090514_UNIcampusAerial_R0366-150x150.jpg HTTP/1.1" 304 - "-" "Googlebot-Image/1.0"
66.249.79.107 - - [22/Jul/2014:01:22:18 -0700] "GET /events/2597-02-26/ HTTP/1.1" 404 47164 "-" "Mozilla/5.0 (compatible; Googlebot/2.1; +http://www.google.com/bot.html)"
54.89.107.89 - - [22/Jul/2014:01:22:36 -0700] "GET /feed/ HTTP/1.1" 200 22255 "-" "feedzirra http://github.com/pauldix/feedzirra/tree/master"
66.249.79.107 - - [22/Jul/2014:01:22:39 -0700] "GET /wp-content/uploads/2014/06/Baohaus3-1024x768.jpg HTTP/1.1" 304 - "-" "Googlebot-Image/1.0"
66.249.79.107 - - [22/Jul/2014:01:22:46 -0700] "GET /blog/what-if-i-fall-behind-in-my-classwork/favicon.ico HTTP/1.1" 404 29721 "-" "Googlebot-Image/1.0"
66.249.79.94 - - [22/Jul/2014:01:22:51 -0700] "GET /wp-content/uploads/2014/02/bryant_park_ice_skating2.jpg HTTP/1.1" 304 - "-" "Googlebot-Image/1.0"
192.187.108.181 - - [22/Jul/2014:01:22:50 -0700] "POST /wp-content/uploads/avatars/46/cache/footer.php HTTP/1.1" 200 4838 "-" "Mozilla/5.0 (Windows; U; Windows NT 5.1; zh-CN; rv:1.7.6)"
192.187.108.181 - - [22/Jul/2014:01:23:00 -0700] "POST /wp-content/uploads/avatars/46/cache/footer.php HTTP/1.1" 200 4842 "-" "Mozilla/5.0 (Windows; U; Windows NT 5.1; zh-CN; rv:1.7.6)"
192.187.108.181 - - [22/Jul/2014:01:23:19 -0700] "POST /wp-content/uploads/avatars/46/cache/footer.php HTTP/1.1" 200 4806 "-" "Mozilla/5.0 (Windows; U; Windows NT 5.1; zh-CN; rv:1.7.6)"
192.187.108.181 - - [22/Jul/2014:01:23:28 -0700] "POST /wp-content/uploads/avatars/46/cache/footer.php HTTP/1.1" 200 4898 "-" "Mozilla/5.0 (Windows; U; Windows NT 5.1; zh-CN; rv:1.7.6)"
192.187.108.181 - - [22/Jul/2014:01:23:39 -0700] "POST /wp-content/uploads/avatars/46/cache/footer.php HTTP/1.1" 200 4906 "-" "Mozilla/5.0 (Windows; U; Windows NT 5.1; zh-CN; rv:1.7.6)"
157.55.39.113 - - [22/Jul/2014:01:24:00 -0700] "GET /blog/creating-a-start-up-from-scratch-blood-sweat-and-tears-introamerica/ HTTP/1.1" 200 48813 "-" "Mozilla/5.0 (compatible; bingbot/2.0; +http://www.bing.com/bingbot.htm)"
192.187.108.181 - - [22/Jul/2014:01:23:58 -0700] "POST /wp-content/uploads/avatars/46/cache/footer.php HTTP/1.1" 200 4726 "-" "Mozilla/5.0 (Windows; U; Windows NT 5.1; zh-CN; rv:1.7.6)"
192.187.108.181 - - [22/Jul/2014:01:24:09 -0700] "POST /wp-content/uploads/avatars/46/cache/footer.php HTTP/1.1" 200 4711 "-" "Mozilla/5.0 (Windows; U; Windows NT 5.1; zh-CN; rv:1.7.6)"
180.153.236.68 - - [22/Jul/2014:01:24:16 -0700] "GET /cn/archives/588 HTTP/1.1" 200 51434 "http://www.introamerica.com/cn/archives/588" "Mozilla/5.0 (compatible; MSIE 9.0; Windows NT 6.1; Trident/5.0); 360Spider"
100.43.91.16 - - [22/Jul/2014:01:24:43 -0700] "GET /blog/tag/rent/ HTTP/1.1" 200 44322 "-" "Mozilla/5.0 (compatible; YandexBot/3.0; +http://yandex.com/bots)"
192.187.108.181 - - [22/Jul/2014:01:24:24 -0700] "POST /wp-content/uploads/avatars/46/cache/footer.php HTTP/1.1" 200 4946 "-" "Mozilla/5.0 (Windows; U; Windows NT 5.1; zh-CN; rv:1.7.6)"
192.187.108.181 - - [22/Jul/2014:01:24:59 -0700] "POST /wp-content/uploads/avatars/46/cache/footer.php HTTP/1.1" 200 4910 "-" "Mozilla/5.0 (Windows; U; Windows NT 5.1; zh-CN; rv:1.7.6)"
192.187.108.181 - - [22/Jul/2014:01:25:09 -0700] "POST /wp-content/uploads/avatars/46/cache/footer.php HTTP/1.1" 200 4974 "-" "Mozilla/5.0 (Windows; U; Windows NT 5.1; zh-CN; rv:1.7.6)"
66.249.79.94 - - [22/Jul/2014:01:25:14 -0700] "GET /event/inland-empire-cupcake-fair/ HTTP/1.1" 200 53011 "-" "Mozilla/5.0 (compatible; Googlebot/2.1; +http://www.google.com/bot.html)"
66.249.79.120 - - [22/Jul/2014:01:25:15 -0700] "GET /events/2596-02-04/ HTTP/1.1" 404 47163 "-" "Mozilla/5.0 (compatible; Googlebot/2.1; +http://www.google.com/bot.html)"
157.55.39.211 - - [22/Jul/2014:01:25:17 -0700] "GET /event/art-and-soul-oakland-ca/ HTTP/1.1" 200 54404 "-" "Mozilla/5.0 (compatible; bingbot/2.0; +http://www.bing.com/bingbot.htm)"
54.80.216.119 - - [22/Jul/2014:01:25:21 -0700] "GET /blog/chinese-american-designers HTTP/1.1" 301 - "-" "Mozilla/5.0 (Macintosh; Intel Mac OS X 10.9; rv:28.0) Gecko/20100101 Firefox/28.0 (FlipboardProxy/1.1; +http://flipboard.com/browserproxy)"
54.80.216.119 - - [22/Jul/2014:01:25:22 -0700] "GET /blog/chinese-american-designers/ HTTP/1.1" 200 52887 "-" "Mozilla/5.0 (Macintosh; Intel Mac OS X 10.9; rv:28.0) Gecko/20100101 Firefox/28.0 (FlipboardProxy/1.1; +http://flipboard.com/browserproxy)"
192.187.108.181 - - [22/Jul/2014:01:25:18 -0700] "POST /wp-content/uploads/avatars/46/cache/footer.php HTTP/1.1" 200 4962 "-" "Mozilla/5.0 (Windows; U; Windows NT 5.1; zh-CN; rv:1.7.6)"
157.55.39.172 - - [22/Jul/2014:01:25:36 -0700] "GET /blog/fourth-of-july-traditions/ HTTP/1.1" 200 50675 "-" "Mozilla/5.0 (compatible; bingbot/2.0; +http://www.bing.com/bingbot.htm)"
192.187.108.181 - - [22/Jul/2014:01:25:28 -0700] "POST /wp-content/uploads/avatars/46/cache/footer.php HTTP/1.1" 200 4902 "-" "Mozilla/5.0 (Windows; U; Windows NT 5.1; zh-CN; rv:1.7.6)"
50.16.129.154 - - [22/Jul/2014:01:26:06 -0700] "GET / HTTP/1.0" 200 14544 "-" "Mozilla/5.0 (compatible; Alexabot/1.0; +http://www.alexa.com/help/certifyscan; certifyscan@alexa.com)'"
192.187.108.181 - - [22/Jul/2014:01:26:02 -0700] "POST /wp-content/uploads/avatars/46/cache/footer.php HTTP/1.1" 200 4806 "-" "Mozilla/5.0 (Windows; U; Windows NT 5.1; zh-CN; rv:1.7.6)"
54.254.118.29 - - [22/Jul/2014:01:26:34 -0700] "GET / HTTP/1.0" 200 14535 "-" "Mozilla/5.0 (compatible; Alexabot/1.0; +http://www.alexa.com/help/certifyscan; certifyscan@alexa.com)'"
54.228.175.121 - - [22/Jul/2014:01:26:39 -0700] "GET / HTTP/1.0" 200 14544 "-" "Mozilla/5.0 (compatible; Alexabot/1.0; +http://www.alexa.com/help/certifyscan; certifyscan@alexa.com)'"
148.251.75.46 - - [22/Jul/2014:01:26:42 -0700] "GET /expert-advice/ HTTP/1.1" 200 62687 "-" "Mozilla/5.0 (X11; Linux i686; rv:21.0) Gecko/20100101 Firefox/21.0"
192.187.108.181 - - [22/Jul/2014:01:26:27 -0700] "POST /wp-content/uploads/avatars/46/cache/footer.php HTTP/1.1" 200 4838 "-" "Mozilla/5.0 (Windows; U; Windows NT 5.1; zh-CN; rv:1.7.6)"
192.187.108.181 - - [22/Jul/2014:01:27:12 -0700] "POST /wp-content/uploads/avatars/46/cache/footer.php HTTP/1.1" 200 4762 "-" "Mozilla/5.0 (Windows; U; Windows NT 5.1; zh-CN; rv:1.7.6)"
192.187.108.181 - - [22/Jul/2014:01:27:22 -0700] "POST /wp-content/uploads/avatars/46/cache/footer.php HTTP/1.1" 200 4942 "-" "Mozilla/5.0 (Windows; U; Windows NT 5.1; zh-CN; rv:1.7.6)"
192.187.108.181 - - [22/Jul/2014:01:27:37 -0700] "POST /wp-content/uploads/avatars/46/cache/footer.php HTTP/1.1" 200 4918 "-" "Mozilla/5.0 (Windows; U; Windows NT 5.1; zh-CN; rv:1.7.6)"
192.187.108.181 - - [22/Jul/2014:01:27:46 -0700] "POST /wp-content/uploads/avatars/46/cache/footer.php HTTP/1.1" 200 4679 "-" "Mozilla/5.0 (Windows; U; Windows NT 5.1; zh-CN; rv:1.7.6)"
192.187.108.181 - - [22/Jul/2014:01:27:55 -0700] "POST /wp-content/uploads/avatars/46/cache/footer.php HTTP/1.1" 200 4942 "-" "Mozilla/5.0 (Windows; U; Windows NT 5.1; zh-CN; rv:1.7.6)"
192.187.108.181 - - [22/Jul/2014:01:28:04 -0700] "POST /wp-content/uploads/avatars/46/cache/footer.php HTTP/1.1" 200 5002 "-" "Mozilla/5.0 (Windows; U; Windows NT 5.1; zh-CN; rv:1.7.6)"
192.187.108.181 - - [22/Jul/2014:01:28:15 -0700] "POST /wp-content/uploads/avatars/46/cache/footer.php HTTP/1.1" 200 4990 "-" "Mozilla/5.0 (Windows; U; Windows NT 5.1; zh-CN; rv:1.7.6)"
192.187.108.181 - - [22/Jul/2014:01:28:24 -0700] "POST /wp-content/uploads/avatars/46/cache/footer.php HTTP/1.1" 200 4878 "-" "Mozilla/5.0 (Windows; U; Windows NT 5.1; zh-CN; rv:1.7.6)"
192.187.108.181 - - [22/Jul/2014:01:28:33 -0700] "POST /wp-content/uploads/avatars/46/cache/footer.php HTTP/1.1" 200 4914 "-" "Mozilla/5.0 (Windows; U; Windows NT 5.1; zh-CN; rv:1.7.6)"
193.201.224.70 - - [22/Jul/2014:01:28:45 -0700] "GET /forums/topic/u-s-to-accept-applications-for-h-1b-visas/ HTTP/1.0" 200 50376 "http://www.introamerica.com/forums/topic/u-s-to-accept-applications-for-h-1b-visas/" "Mozilla/5.0 (Windows NT 6.2; WOW64) AppleWebKit/537.36 (KHTML, like Gecko) Chrome/32.0.1700.107 Safari/537.36"
192.187.108.181 - - [22/Jul/2014:01:28:46 -0700] "POST /wp-content/uploads/avatars/46/cache/footer.php HTTP/1.1" 200 4954 "-" "Mozilla/5.0 (Windows; U; Windows NT 5.1; zh-CN; rv:1.7.6)"
66.249.79.107 - - [22/Jul/2014:01:28:52 -0700] "GET /wp-content/uploads/2014/06/Baohaus2-1024x768.jpg HTTP/1.1" 304 - "-" "Googlebot-Image/1.0"
193.201.224.70 - - [22/Jul/2014:01:28:52 -0700] "POST /forums/topic/u-s-to-accept-applications-for-h-1b-visas/ HTTP/1.0" 200 52513 "http://www.introamerica.com/forums/topic/u-s-to-accept-applications-for-h-1b-visas/" "Mozilla/5.0 (Windows NT 6.2; WOW64) AppleWebKit/537.36 (KHTML, like Gecko) Chrome/32.0.1700.107 Safari/537.36"
192.187.108.181 - - [22/Jul/2014:01:28:56 -0700] "POST /wp-content/uploads/avatars/46/cache/footer.php HTTP/1.1" 200 4683 "-" "Mozilla/5.0 (Windows; U; Windows NT 5.1; zh-CN; rv:1.7.6)"
49.50.8.42 - - [22/Jul/2014:01:28:55 -0700] "POST /wp-content/uploads/avatars/46/cache/footer.php HTTP/1.1" 200 4695 "-" "Mozilla/5.0 (Windows; U; Windows NT 5.1; zh-CN; rv:1.7.6)"
49.50.8.42 - - [22/Jul/2014:01:29:08 -0700] "POST /wp-content/uploads/avatars/46/cache/footer.php HTTP/1.1" 200 4914 "-" "Mozilla/5.0 (Windows; U; Windows NT 5.1; zh-CN; rv:1.7.6)"
66.249.79.107 - - [22/Jul/2014:01:29:17 -0700] "GET /event/times-square-new-year-ball-drop/ HTTP/1.1" 200 54127 "-" "Mozilla/5.0 (compatible; Googlebot/2.1; +http://www.google.com/bot.html)"
49.50.8.42 - - [22/Jul/2014:01:29:25 -0700] "POST /wp-content/uploads/avatars/46/cache/footer.php HTTP/1.1" 200 4962 "-" "Mozilla/5.0 (Windows; U; Windows NT 5.1; zh-CN; rv:1.7.6)"
66.91.32.116 - - [22/Jul/2014:01:29:47 -0700] "GET /blog/a-guide-to-warby-parker-glasses-for-asians/ HTTP/1.1" 200 47910 "http://www.google.com/url?sa=t&rct=j&q=&esrc=s&source=web&cd=20&ved=0CIIBEBYwCTgK&url=http%3A%2F%2Fwww.introamerica.com%2Fblog%2Fa-guide-to-warby-parker-glasses-for-asians%2F&ei=syDOU67aKYPvoASF7ICQAw&usg=AFQjCNEIPVdgw8W0VB4N3WxgFzVwoH-4aQ&sig2=BaAD8LwZy7EViTdUjNjLdg" "Mozilla/5.0 (Windows NT 6.1; WOW64; rv:30.0) Gecko/20100101 Firefox/30.0"
49.50.8.42 - - [22/Jul/2014:01:29:43 -0700] "POST /wp-content/uploads/avatars/46/cache/footer.php HTTP/1.1" 200 4978 "-" "Mozilla/5.0 (Windows; U; Windows NT 5.1; zh-CN; rv:1.7.6)"
66.91.32.116 - - [22/Jul/2014:01:29:49 -0700] "GET /wp-content/plugins/wysija-newsletters/css/validationEngine.jquery.css?ver=2.5.9.4 HTTP/1.1" 200 4439 "http://www.introamerica.com/blog/a-guide-to-warby-parker-glasses-for-asians/" "Mozilla/5.0 (Windows NT 6.1; WOW64; rv:30.0) Gecko/20100101 Firefox/30.0"
66.91.32.116 - - [22/Jul/2014:01:29:49 -0700] "GET /wp-content/plugins/wordpress-popular-posts/style/wpp.css?ver=2.3.7 HTTP/1.1" 200 807 "http://www.introamerica.com/blog/a-guide-to-warby-parker-glasses-for-asians/" "Mozilla/5.0 (Windows NT 6.1; WOW64; rv:30.0) Gecko/20100101 Firefox/30.0"
66.91.32.116 - - [22/Jul/2014:01:29:49 -0700] "GET /wp-content/plugins/bbpress/templates/default/css/bbpress.css?ver=2.5.3-5249 HTTP/1.1" 200 29830 "http://www.introamerica.com/blog/a-guide-to-warby-parker-glasses-for-asians/" "Mozilla/5.0 (Windows NT 6.1; WOW64; rv:30.0) Gecko/20100101 Firefox/30.0"
66.91.32.116 - - [22/Jul/2014:01:29:49 -0700] "GET /wp-content/themes/vc/style.css?ver=3.9.1 HTTP/1.1" 200 20 "http://www.introamerica.com/blog/a-guide-to-warby-parker-glasses-for-asians/" "Mozilla/5.0 (Windows NT 6.1; WOW64; rv:30.0) Gecko/20100101 Firefox/30.0"
66.91.32.116 - - [22/Jul/2014:01:29:49 -0700] "GET /wp-content/plugins/wp-pro-quiz/css/wpProQuiz_front.css?ver=0.27 HTTP/1.1" 200 11612 "http://www.introamerica.com/blog/a-guide-to-warby-parker-glasses-for-asians/" "Mozilla/5.0 (Windows NT 6.1; WOW64; rv:30.0) Gecko/20100101 Firefox/30.0"
66.91.32.116 - - [22/Jul/2014:01:29:49 -0700] "GET /wp-content/plugins/simplemodal-login/css/default.css?ver=1.0.7 HTTP/1.1" 200 2436 "http://www.introamerica.com/blog/a-guide-to-warby-parker-glasses-for-asians/" "Mozilla/5.0 (Windows NT 6.1; WOW64; rv:30.0) Gecko/20100101 Firefox/30.0"
66.91.32.116 - - [22/Jul/2014:01:29:49 -0700] "GET /wp-content/plugins/sitemap/css/page-list.css?ver=4.2 HTTP/1.1" 200 702 "http://www.introamerica.com/blog/a-guide-to-warby-parker-glasses-for-asians/" "Mozilla/5.0 (Windows NT 6.1; WOW64; rv:30.0) Gecko/20100101 Firefox/30.0"
66.91.32.116 - - [22/Jul/2014:01:29:49 -0700] "GET /wp-includes/js/jquery/jquery-migrate.min.js?ver=1.2.1 HTTP/1.1" 200 7200 "http://www.introamerica.com/blog/a-guide-to-warby-parker-glasses-for-asians/" "Mozilla/5.0 (Windows NT 6.1; WOW64; rv:30.0) Gecko/20100101 Firefox/30.0"
66.91.32.116 - - [22/Jul/2014:01:29:49 -0700] "GET /wp-content/plugins/tabber-tabs-widget/js/tabber-minimized.js?ver=3.9.1 HTTP/1.1" 200 4904 "http://www.introamerica.com/blog/a-guide-to-warby-parker-glasses-for-asians/" "Mozilla/5.0 (Windows NT 6.1; WOW64; rv:30.0) Gecko/20100101 Firefox/30.0"
66.91.32.116 - - [22/Jul/2014:01:29:49 -0700] "GET /wp-content/plugins/tabber-tabs-widget/tabber.css HTTP/1.1" 200 4673 "http://www.introamerica.com/blog/a-guide-to-warby-parker-glasses-for-asians/" "Mozilla/5.0 (Windows NT 6.1; WOW64; rv:30.0) Gecko/20100101 Firefox/30.0"
66.91.32.116 - - [22/Jul/2014:01:29:50 -0700] "GET /wp-content/themes/vc/font/font1/stylesheet.css HTTP/1.1" 200 542 "http://www.introamerica.com/blog/a-guide-to-warby-parker-glasses-for-asians/" "Mozilla/5.0 (Windows NT 6.1; WOW64; rv:30.0) Gecko/20100101 Firefox/30.0"
66.91.32.116 - - [22/Jul/2014:01:29:50 -0700] "GET /wp-content/themes/vc/font/font2/stylesheet.css HTTP/1.1" 200 521 "http://www.introamerica.com/blog/a-guide-to-warby-parker-glasses-for-asians/" "Mozilla/5.0 (Windows NT 6.1; WOW64; rv:30.0) Gecko/20100101 Firefox/30.0"
66.91.32.116 - - [22/Jul/2014:01:29:50 -0700] "GET /wp-content/themes/vc/js/jquery.easing.1.3.js HTTP/1.1" 200 8097 "http://www.introamerica.com/blog/a-guide-to-warby-parker-glasses-for-asians/" "Mozilla/5.0 (Windows NT 6.1; WOW64; rv:30.0) Gecko/20100101 Firefox/30.0"
66.91.32.116 - - [22/Jul/2014:01:29:49 -0700] "GET /wp-content/themes/vc/style1.css HTTP/1.1" 200 73919 "http://www.introamerica.com/blog/a-guide-to-warby-parker-glasses-for-asians/" "Mozilla/5.0 (Windows NT 6.1; WOW64; rv:30.0) Gecko/20100101 Firefox/30.0"
66.91.32.116 - - [22/Jul/2014:01:29:50 -0700] "GET /wp-content/themes/vc/print.css HTTP/1.1" 200 39827 "http://www.introamerica.com/blog/a-guide-to-warby-parker-glasses-for-asians/" "Mozilla/5.0 (Windows NT 6.1; WOW64; rv:30.0) Gecko/20100101 Firefox/30.0"
66.91.32.116 - - [22/Jul/2014:01:29:49 -0700] "GET /wp-includes/js/jquery/jquery.js?ver=1.11.0 HTTP/1.1" 200 96402 "http://www.introamerica.com/blog/a-guide-to-warby-parker-glasses-for-asians/" "Mozilla/5.0 (Windows NT 6.1; WOW64; rv:30.0) Gecko/20100101 Firefox/30.0"
66.91.32.116 - - [22/Jul/2014:01:29:50 -0700] "GET /wp-content/themes/vc/js/jquery-1.8.2.min.js HTTP/1.1" 200 93435 "http://www.introamerica.com/blog/a-guide-to-warby-parker-glasses-for-asians/" "Mozilla/5.0 (Windows NT 6.1; WOW64; rv:30.0) Gecko/20100101 Firefox/30.0"
66.91.32.116 - - [22/Jul/2014:01:29:50 -0700] "GET /wp-content/themes/vc/js/jquery.carouFredSel-6.1.0-packed.js HTTP/1.1" 200 36416 "http://www.introamerica.com/blog/a-guide-to-warby-parker-glasses-for-asians/" "Mozilla/5.0 (Windows NT 6.1; WOW64; rv:30.0) Gecko/20100101 Firefox/30.0"
66.249.79.120 - - [22/Jul/2014:01:29:50 -0700] "GET /events/2596-09-03/ HTTP/1.1" 404 47164 "-" "Mozilla/5.0 (compatible; Googlebot/2.1; +http://www.google.com/bot.html)"
66.91.32.116 - - [22/Jul/2014:01:29:51 -0700] "GET /wp-content/plugins/bbpress/templates/default/js/editor.js?ver=2.5.3-5249 HTTP/1.1" 200 1399 "http://www.introamerica.com/blog/a-guide-to-warby-parker-glasses-for-asians/" "Mozilla/5.0 (Windows NT 6.1; WOW64; rv:30.0) Gecko/20100101 Firefox/30.0"
66.91.32.116 - - [22/Jul/2014:01:29:51 -0700] "GET /wp-content/plugins/simplemodal-login/js/jquery.simplemodal.js?ver=1.4.3 HTTP/1.1" 200 9769 "http://www.introamerica.com/blog/a-guide-to-warby-parker-glasses-for-asians/" "Mozilla/5.0 (Windows NT 6.1; WOW64; rv:30.0) Gecko/20100101 Firefox/30.0"
66.91.32.116 - - [22/Jul/2014:01:29:51 -0700] "GET /wp-content/themes/vc/js/skip-link-focus-fix.js?ver=20130115 HTTP/1.1" 200 733 "http://www.introamerica.com/blog/a-guide-to-warby-parker-glasses-for-asians/" "Mozilla/5.0 (Windows NT 6.1; WOW64; rv:30.0) Gecko/20100101 Firefox/30.0"
66.91.32.116 - - [22/Jul/2014:01:29:51 -0700] "GET /wp-content/plugins/simplemodal-login/js/default.js?ver=1.0.7 HTTP/1.1" 200 5565 "http://www.introamerica.com/blog/a-guide-to-warby-parker-glasses-for-asians/" "Mozilla/5.0 (Windows NT 6.1; WOW64; rv:30.0) Gecko/20100101 Firefox/30.0"
66.91.32.116 - - [22/Jul/2014:01:29:51 -0700] "GET /wp-content/plugins/wysija-newsletters/js/validate/languages/jquery.validationEngine-en.js?ver=2.5.9.4 HTTP/1.1" 200 10469 "http://www.introamerica.com/blog/a-guide-to-warby-parker-glasses-for-asians/" "Mozilla/5.0 (Windows NT 6.1; WOW64; rv:30.0) Gecko/20100101 Firefox/30.0"
66.91.32.116 - - [22/Jul/2014:01:29:51 -0700] "GET /wp-includes/js/comment-reply.min.js?ver=3.9.1 HTTP/1.1" 200 757 "http://www.introamerica.com/blog/a-guide-to-warby-parker-glasses-for-asians/" "Mozilla/5.0 (Windows NT 6.1; WOW64; rv:30.0) Gecko/20100101 Firefox/30.0"
66.91.32.116 - - [22/Jul/2014:01:29:51 -0700] "GET /wp-content/plugins/wysija-newsletters/js/front-subscribers.js?ver=2.5.9.4 HTTP/1.1" 200 2864 "http://www.introamerica.com/blog/a-guide-to-warby-parker-glasses-for-asians/" "Mozilla/5.0 (Windows NT 6.1; WOW64; rv:30.0) Gecko/20100101 Firefox/30.0"
66.91.32.116 - - [22/Jul/2014:01:29:51 -0700] "GET /wp-content/uploads/2014/03/logobeta1.jpg HTTP/1.1" 200 31454 "http://www.introamerica.com/blog/a-guide-to-warby-parker-glasses-for-asians/" "Mozilla/5.0 (Windows NT 6.1; WOW64; rv:30.0) Gecko/20100101 Firefox/30.0"
66.91.32.116 - - [22/Jul/2014:01:29:51 -0700] "GET /wp-content/plugins/the-social-links/icons/16x16/twitter.gif HTTP/1.1" 200 1725 "http://www.introamerica.com/blog/a-guide-to-warby-parker-glasses-for-asians/" "Mozilla/5.0 (Windows NT 6.1; WOW64; rv:30.0) Gecko/20100101 Firefox/30.0"
66.91.32.116 - - [22/Jul/2014:01:29:51 -0700] "GET /wp-content/plugins/the-social-links/icons/16x16/facebook.png HTTP/1.1" 200 1669 "http://www.introamerica.com/blog/a-guide-to-warby-parker-glasses-for-asians/" "Mozilla/5.0 (Windows NT 6.1; WOW64; rv:30.0) Gecko/20100101 Firefox/30.0"
66.91.32.116 - - [22/Jul/2014:01:29:51 -0700] "GET /wp-content/plugins/the-social-links/icons/16x16/google-plus.gif HTTP/1.1" 200 1753 "http://www.introamerica.com/blog/a-guide-to-warby-parker-glasses-for-asians/" "Mozilla/5.0 (Windows NT 6.1; WOW64; rv:30.0) Gecko/20100101 Firefox/30.0"
66.91.32.116 - - [22/Jul/2014:01:29:51 -0700] "GET /wp-content/plugins/the-social-links/icons/16x16/tumblr.png HTTP/1.1" 200 1669 "http://www.introamerica.com/blog/a-guide-to-warby-parker-glasses-for-asians/" "Mozilla/5.0 (Windows NT 6.1; WOW64; rv:30.0) Gecko/20100101 Firefox/30.0"
66.91.32.116 - - [22/Jul/2014:01:29:51 -0700] "GET /wp-content/plugins/the-social-links/icons/16x16/linkedin.png HTTP/1.1" 200 1680 "http://www.introamerica.com/blog/a-guide-to-warby-parker-glasses-for-asians/" "Mozilla/5.0 (Windows NT 6.1; WOW64; rv:30.0) Gecko/20100101 Firefox/30.0"
66.91.32.116 - - [22/Jul/2014:01:29:51 -0700] "GET /wp-content/plugins/the-social-links/icons/16x16/weixin.gif HTTP/1.1" 200 1782 "http://www.introamerica.com/blog/a-guide-to-warby-parker-glasses-for-asians/" "Mozilla/5.0 (Windows NT 6.1; WOW64; rv:30.0) Gecko/20100101 Firefox/30.0"
66.91.32.116 - - [22/Jul/2014:01:29:51 -0700] "GET /wp-content/uploads/2013/09/team-100x70.png HTTP/1.1" 200 18417 "http://www.introamerica.com/blog/a-guide-to-warby-parker-glasses-for-asians/" "Mozilla/5.0 (Windows NT 6.1; WOW64; rv:30.0) Gecko/20100101 Firefox/30.0"
66.91.32.116 - - [22/Jul/2014:01:29:52 -0700] "GET /wp-content/plugins/the-social-links/icons/16x16/weibo.gif HTTP/1.1" 200 1788 "http://www.introamerica.com/blog/a-guide-to-warby-parker-glasses-for-asians/" "Mozilla/5.0 (Windows NT 6.1; WOW64; rv:30.0) Gecko/20100101 Firefox/30.0"
66.91.32.116 - - [22/Jul/2014:01:29:52 -0700] "GET /wp-content/uploads/2014/06/qrcode_for_gh_32923f7cedd0_1280-150x150.jpg HTTP/1.1" 200 13232 "http://www.introamerica.com/blog/a-guide-to-warby-parker-glasses-for-asians/" "Mozilla/5.0 (Windows NT 6.1; WOW64; rv:30.0) Gecko/20100101 Firefox/30.0"
66.91.32.116 - - [22/Jul/2014:01:29:51 -0700] "GET /wp-content/plugins/wysija-newsletters/js/validate/jquery.validationEngine.js?ver=2.5.9.4 HTTP/1.1" 200 71745 "http://www.introamerica.com/blog/a-guide-to-warby-parker-glasses-for-asians/" "Mozilla/5.0 (Windows NT 6.1; WOW64; rv:30.0) Gecko/20100101 Firefox/30.0"
66.91.32.116 - - [22/Jul/2014:01:29:52 -0700] "GET /wp-content/plugins/the-social-links/icons/25x25/youku.png HTTP/1.1" 200 1770 "http://www.introamerica.com/blog/a-guide-to-warby-parker-glasses-for-asians/" "Mozilla/5.0 (Windows NT 6.1; WOW64; rv:30.0) Gecko/20100101 Firefox/30.0"
66.91.32.116 - - [22/Jul/2014:01:29:52 -0700] "GET /wp-content/plugins/the-social-links/icons/16x16/vimeo.png HTTP/1.1" 200 1823 "http://www.introamerica.com/blog/a-guide-to-warby-parker-glasses-for-asians/" "Mozilla/5.0 (Windows NT 6.1; WOW64; rv:30.0) Gecko/20100101 Firefox/30.0"
66.91.32.116 - - [22/Jul/2014:01:29:52 -0700] "GET /wp-content/uploads/2014/07/1950s-100x70.jpg HTTP/1.1" 200 3708 "http://www.introamerica.com/blog/a-guide-to-warby-parker-glasses-for-asians/" "Mozilla/5.0 (Windows NT 6.1; WOW64; rv:30.0) Gecko/20100101 Firefox/30.0"
66.91.32.116 - - [22/Jul/2014:01:29:51 -0700] "GET /blog/a-guide-to-warby-parker-glasses-for-asians/favicon.ico HTTP/1.1" 404 29727 "-" "Mozilla/5.0 (Windows NT 6.1; WOW64; rv:30.0) Gecko/20100101 Firefox/30.0"
66.91.32.116 - - [22/Jul/2014:01:29:52 -0700] "GET /wp-content/plugins/the-social-links/icons/25x25/weibo.png HTTP/1.1" 200 1615 "http://www.introamerica.com/blog/a-guide-to-warby-parker-glasses-for-asians/" "Mozilla/5.0 (Windows NT 6.1; WOW64; rv:30.0) Gecko/20100101 Firefox/30.0"
66.91.32.116 - - [22/Jul/2014:01:29:52 -0700] "GET /wp-content/uploads/2013/09/banner_131.jpg HTTP/1.1" 200 76923 "http://www.introamerica.com/blog/a-guide-to-warby-parker-glasses-for-asians/" "Mozilla/5.0 (Windows NT 6.1; WOW64; rv:30.0) Gecko/20100101 Firefox/30.0"
66.91.32.116 - - [22/Jul/2014:01:29:52 -0700] "GET /wp-content/themes/vc/font/font2/proximanova-bold-webfont.woff HTTP/1.1" 200 24184 "http://www.introamerica.com/wp-content/themes/vc/font/font2/stylesheet.css" "Mozilla/5.0 (Windows NT 6.1; WOW64; rv:30.0) Gecko/20100101 Firefox/30.0"
66.91.32.116 - - [22/Jul/2014:01:29:52 -0700] "GET /wp-content/plugins/the-social-links/icons/16x16/youku.gif HTTP/1.1" 200 1772 "http://www.introamerica.com/blog/a-guide-to-warby-parker-glasses-for-asians/" "Mozilla/5.0 (Windows NT 6.1; WOW64; rv:30.0) Gecko/20100101 Firefox/30.0"
66.91.32.116 - - [22/Jul/2014:01:29:52 -0700] "GET /wp-content/plugins/the-social-links/icons/25x25/pin.png HTTP/1.1" 200 1476 "http://www.introamerica.com/blog/a-guide-to-warby-parker-glasses-for-asians/" "Mozilla/5.0 (Windows NT 6.1; WOW64; rv:30.0) Gecko/20100101 Firefox/30.0"
66.91.32.116 - - [22/Jul/2014:01:29:52 -0700] "GET /wp-content/uploads/2014/06/jsss-logo-4-copy.jpg HTTP/1.1" 200 31499 "http://www.introamerica.com/blog/a-guide-to-warby-parker-glasses-for-asians/" "Mozilla/5.0 (Windows NT 6.1; WOW64; rv:30.0) Gecko/20100101 Firefox/30.0"
