46.165.197.142 - - [22/Jul/2014:03:05:20 -0700] "GET /cn/tag/%E5%B7%A5%E7%A8%8B%E4%B8%93%E4%B8%9A/feed/ HTTP/1.0" 404 905 "-" "Mozilla/5.0 (compatible; MJ12bot/v1.4.5; http://www.majestic12.co.uk/bot.php?+)"
66.249.79.94 - - [22/Jul/2014:03:05:21 -0700] "GET /sitemap.xml HTTP/1.1" 200 5196 "-" "Mozilla/5.0 (compatible; Googlebot/2.1; +http://www.google.com/bot.html)"
108.196.206.231 - - [22/Jul/2014:03:05:19 -0700] "GET /wp-admin/post.php?post=11209&action=edit&message=1 HTTP/1.1" 200 165381 "http://www.introamerica.com/wp-admin/post.php?post=11209&action=edit" "Mozilla/5.0 (Windows NT 6.1; WOW64) AppleWebKit/537.36 (KHTML, like Gecko) Chrome/36.0.1985.125 Safari/537.36"
108.196.206.231 - - [22/Jul/2014:03:05:23 -0700] "GET /wp-content/plugins/tinymce-advanced/mce/table/plugin.min.js HTTP/1.1" 304 - "http://www.introamerica.com/wp-admin/post.php?post=11209&action=edit&message=1" "Mozilla/5.0 (Windows NT 6.1; WOW64) AppleWebKit/537.36 (KHTML, like Gecko) Chrome/36.0.1985.125 Safari/537.36"
108.196.206.231 - - [22/Jul/2014:03:05:23 -0700] "GET /wp-content/plugins/wowslider/data/tinymce_plugin.js HTTP/1.1" 304 - "http://www.introamerica.com/wp-admin/post.php?post=11209&action=edit&message=1" "Mozilla/5.0 (Windows NT 6.1; WOW64) AppleWebKit/537.36 (KHTML, like Gecko) Chrome/36.0.1985.125 Safari/537.36"
108.196.206.231 - - [22/Jul/2014:03:05:23 -0700] "GET /wp-content/plugins/tinymce-advanced/mce/code/plugin.min.js HTTP/1.1" 304 - "http://www.introamerica.com/wp-admin/post.php?post=11209&action=edit&message=1" "Mozilla/5.0 (Windows NT 6.1; WOW64) AppleWebKit/537.36 (KHTML, like Gecko) Chrome/36.0.1985.125 Safari/537.36"
108.196.206.231 - - [22/Jul/2014:03:05:23 -0700] "GET /wp-content/plugins/tinymce-advanced/mce/anchor/plugin.min.js HTTP/1.1" 304 - "http://www.introamerica.com/wp-admin/post.php?post=11209&action=edit&message=1" "Mozilla/5.0 (Windows NT 6.1; WOW64) AppleWebKit/537.36 (KHTML, like Gecko) Chrome/36.0.1985.125 Safari/537.36"
108.196.206.231 - - [22/Jul/2014:03:05:23 -0700] "GET /wp-content/plugins/tinymce-advanced/mce/insertdatetime/plugin.min.js HTTP/1.1" 304 - "http://www.introamerica.com/wp-admin/post.php?post=11209&action=edit&message=1" "Mozilla/5.0 (Windows NT 6.1; WOW64) AppleWebKit/537.36 (KHTML, like Gecko) Chrome/36.0.1985.125 Safari/537.36"
108.196.206.231 - - [22/Jul/2014:03:05:23 -0700] "GET /wp-content/plugins/tinymce-advanced/mce/nonbreaking/plugin.min.js HTTP/1.1" 304 - "http://www.introamerica.com/wp-admin/post.php?post=11209&action=edit&message=1" "Mozilla/5.0 (Windows NT 6.1; WOW64) AppleWebKit/537.36 (KHTML, like Gecko) Chrome/36.0.1985.125 Safari/537.36"
66.249.79.120 - - [22/Jul/2014:03:05:22 -0700] "GET /events/2595-02-21/ HTTP/1.1" 404 47164 "-" "Mozilla/5.0 (compatible; Googlebot/2.1; +http://www.google.com/bot.html)"
108.196.206.231 - - [22/Jul/2014:03:05:23 -0700] "GET /wp-content/plugins/tinymce-advanced/mce/print/plugin.min.js HTTP/1.1" 304 - "http://www.introamerica.com/wp-admin/post.php?post=11209&action=edit&message=1" "Mozilla/5.0 (Windows NT 6.1; WOW64) AppleWebKit/537.36 (KHTML, like Gecko) Chrome/36.0.1985.125 Safari/537.36"
108.196.206.231 - - [22/Jul/2014:03:05:23 -0700] "GET /wp-content/plugins/tinymce-advanced/mce/searchreplace/plugin.min.js HTTP/1.1" 304 - "http://www.introamerica.com/wp-admin/post.php?post=11209&action=edit&message=1" "Mozilla/5.0 (Windows NT 6.1; WOW64) AppleWebKit/537.36 (KHTML, like Gecko) Chrome/36.0.1985.125 Safari/537.36"
108.196.206.231 - - [22/Jul/2014:03:05:23 -0700] "GET /wp-content/plugins/tinymce-advanced/mce/visualblocks/plugin.min.js HTTP/1.1" 304 - "http://www.introamerica.com/wp-admin/post.php?post=11209&action=edit&message=1" "Mozilla/5.0 (Windows NT 6.1; WOW64) AppleWebKit/537.36 (KHTML, like Gecko) Chrome/36.0.1985.125 Safari/537.36"
108.196.206.231 - - [22/Jul/2014:03:05:23 -0700] "GET /wp-content/plugins/tinymce-advanced/mce/visualchars/plugin.min.js HTTP/1.1" 304 - "http://www.introamerica.com/wp-admin/post.php?post=11209&action=edit&message=1" "Mozilla/5.0 (Windows NT 6.1; WOW64) AppleWebKit/537.36 (KHTML, like Gecko) Chrome/36.0.1985.125 Safari/537.36"
108.196.206.231 - - [22/Jul/2014:03:05:24 -0700] "GET /wp-content/plugins/tinymce-advanced/mce/emoticons/plugin.min.js HTTP/1.1" 304 - "http://www.introamerica.com/wp-admin/post.php?post=11209&action=edit&message=1" "Mozilla/5.0 (Windows NT 6.1; WOW64) AppleWebKit/537.36 (KHTML, like Gecko) Chrome/36.0.1985.125 Safari/537.36"
108.196.206.231 - - [22/Jul/2014:03:05:24 -0700] "GET /wp-content/plugins/tinymce-advanced/mce/advlist/plugin.min.js HTTP/1.1" 304 - "http://www.introamerica.com/wp-admin/post.php?post=11209&action=edit&message=1" "Mozilla/5.0 (Windows NT 6.1; WOW64) AppleWebKit/537.36 (KHTML, like Gecko) Chrome/36.0.1985.125 Safari/537.36"
46.165.197.142 - - [22/Jul/2014:03:05:23 -0700] "GET /cn/tag/%E5%B8%82%E5%9C%BA/ HTTP/1.0" 404 31272 "-" "Mozilla/5.0 (compatible; MJ12bot/v1.4.5; http://www.majestic12.co.uk/bot.php?+)"
108.196.206.231 - - [22/Jul/2014:03:05:24 -0700] "GET /wp-content/plugins/tinymce-advanced/mce/wptadv/plugin.min.js HTTP/1.1" 304 - "http://www.introamerica.com/wp-admin/post.php?post=11209&action=edit&message=1" "Mozilla/5.0 (Windows NT 6.1; WOW64) AppleWebKit/537.36 (KHTML, like Gecko) Chrome/36.0.1985.125 Safari/537.36"
108.196.206.231 - - [22/Jul/2014:03:05:24 -0700] "GET /wp-includes/js/tinymce/themes/modern/theme.min.js HTTP/1.1" 304 - "http://www.introamerica.com/wp-admin/post.php?post=11209&action=edit&message=1" "Mozilla/5.0 (Windows NT 6.1; WOW64) AppleWebKit/537.36 (KHTML, like Gecko) Chrome/36.0.1985.125 Safari/537.36"
108.196.206.231 - - [22/Jul/2014:03:05:24 -0700] "GET /wp-includes/js/tinymce/plugins/charmap/plugin.min.js HTTP/1.1" 304 - "http://www.introamerica.com/wp-admin/post.php?post=11209&action=edit&message=1" "Mozilla/5.0 (Windows NT 6.1; WOW64) AppleWebKit/537.36 (KHTML, like Gecko) Chrome/36.0.1985.125 Safari/537.36"
108.196.206.231 - - [22/Jul/2014:03:05:24 -0700] "GET /wp-includes/js/tinymce/plugins/hr/plugin.min.js HTTP/1.1" 304 - "http://www.introamerica.com/wp-admin/post.php?post=11209&action=edit&message=1" "Mozilla/5.0 (Windows NT 6.1; WOW64) AppleWebKit/537.36 (KHTML, like Gecko) Chrome/36.0.1985.125 Safari/537.36"
108.196.206.231 - - [22/Jul/2014:03:05:24 -0700] "GET /wp-includes/js/tinymce/plugins/media/plugin.min.js HTTP/1.1" 304 - "http://www.introamerica.com/wp-admin/post.php?post=11209&action=edit&message=1" "Mozilla/5.0 (Windows NT 6.1; WOW64) AppleWebKit/537.36 (KHTML, like Gecko) Chrome/36.0.1985.125 Safari/537.36"
108.196.206.231 - - [22/Jul/2014:03:05:24 -0700] "GET /wp-includes/js/tinymce/plugins/paste/plugin.min.js HTTP/1.1" 304 - "http://www.introamerica.com/wp-admin/post.php?post=11209&action=edit&message=1" "Mozilla/5.0 (Windows NT 6.1; WOW64) AppleWebKit/537.36 (KHTML, like Gecko) Chrome/36.0.1985.125 Safari/537.36"
108.196.206.231 - - [22/Jul/2014:03:05:24 -0700] "GET /wp-includes/js/tinymce/plugins/tabfocus/plugin.min.js HTTP/1.1" 304 - "http://www.introamerica.com/wp-admin/post.php?post=11209&action=edit&message=1" "Mozilla/5.0 (Windows NT 6.1; WOW64) AppleWebKit/537.36 (KHTML, like Gecko) Chrome/36.0.1985.125 Safari/537.36"
108.196.206.231 - - [22/Jul/2014:03:05:24 -0700] "GET /wp-includes/js/tinymce/plugins/textcolor/plugin.min.js HTTP/1.1" 304 - "http://www.introamerica.com/wp-admin/post.php?post=11209&action=edit&message=1" "Mozilla/5.0 (Windows NT 6.1; WOW64) AppleWebKit/537.36 (KHTML, like Gecko) Chrome/36.0.1985.125 Safari/537.36"
108.196.206.231 - - [22/Jul/2014:03:05:24 -0700] "GET /wp-includes/js/tinymce/plugins/fullscreen/plugin.min.js HTTP/1.1" 304 - "http://www.introamerica.com/wp-admin/post.php?post=11209&action=edit&message=1" "Mozilla/5.0 (Windows NT 6.1; WOW64) AppleWebKit/537.36 (KHTML, like Gecko) Chrome/36.0.1985.125 Safari/537.36"
108.196.206.231 - - [22/Jul/2014:03:05:24 -0700] "GET /wp-includes/js/tinymce/plugins/wordpress/plugin.min.js HTTP/1.1" 304 - "http://www.introamerica.com/wp-admin/post.php?post=11209&action=edit&message=1" "Mozilla/5.0 (Windows NT 6.1; WOW64) AppleWebKit/537.36 (KHTML, like Gecko) Chrome/36.0.1985.125 Safari/537.36"
108.196.206.231 - - [22/Jul/2014:03:05:24 -0700] "GET /wp-includes/js/tinymce/plugins/wpeditimage/plugin.min.js HTTP/1.1" 304 - "http://www.introamerica.com/wp-admin/post.php?post=11209&action=edit&message=1" "Mozilla/5.0 (Windows NT 6.1; WOW64) AppleWebKit/537.36 (KHTML, like Gecko) Chrome/36.0.1985.125 Safari/537.36"
108.196.206.231 - - [22/Jul/2014:03:05:24 -0700] "GET /wp-includes/js/tinymce/plugins/wpgallery/plugin.min.js HTTP/1.1" 304 - "http://www.introamerica.com/wp-admin/post.php?post=11209&action=edit&message=1" "Mozilla/5.0 (Windows NT 6.1; WOW64) AppleWebKit/537.36 (KHTML, like Gecko) Chrome/36.0.1985.125 Safari/537.36"
108.196.206.231 - - [22/Jul/2014:03:05:24 -0700] "GET /wp-includes/js/tinymce/plugins/wplink/plugin.min.js HTTP/1.1" 304 - "http://www.introamerica.com/wp-admin/post.php?post=11209&action=edit&message=1" "Mozilla/5.0 (Windows NT 6.1; WOW64) AppleWebKit/537.36 (KHTML, like Gecko) Chrome/36.0.1985.125 Safari/537.36"
108.196.206.231 - - [22/Jul/2014:03:05:24 -0700] "GET /wp-includes/js/tinymce/plugins/wpdialogs/plugin.min.js HTTP/1.1" 304 - "http://www.introamerica.com/wp-admin/post.php?post=11209&action=edit&message=1" "Mozilla/5.0 (Windows NT 6.1; WOW64) AppleWebKit/537.36 (KHTML, like Gecko) Chrome/36.0.1985.125 Safari/537.36"
108.196.206.231 - - [22/Jul/2014:03:05:24 -0700] "GET /wp-includes/js/tinymce/plugins/wpview/plugin.min.js HTTP/1.1" 304 - "http://www.introamerica.com/wp-admin/post.php?post=11209&action=edit&message=1" "Mozilla/5.0 (Windows NT 6.1; WOW64) AppleWebKit/537.36 (KHTML, like Gecko) Chrome/36.0.1985.125 Safari/537.36"
108.196.206.231 - - [22/Jul/2014:03:05:24 -0700] "GET /wp-includes/js/tinymce/plugins/wpfullscreen/plugin.min.js HTTP/1.1" 304 - "http://www.introamerica.com/wp-admin/post.php?post=11209&action=edit&message=1" "Mozilla/5.0 (Windows NT 6.1; WOW64) AppleWebKit/537.36 (KHTML, like Gecko) Chrome/36.0.1985.125 Safari/537.36"
108.196.206.231 - - [22/Jul/2014:03:05:25 -0700] "GET /favicon.ico HTTP/1.1" 200 - "-" "Mozilla/5.0 (Windows NT 6.1; WOW64) AppleWebKit/537.36 (KHTML, like Gecko) Chrome/36.0.1985.125 Safari/537.36"
46.165.197.142 - - [22/Jul/2014:03:05:25 -0700] "GET /cn/tag/%E5%B8%82%E5%9C%BA/feed/ HTTP/1.0" 404 887 "-" "Mozilla/5.0 (compatible; MJ12bot/v1.4.5; http://www.majestic12.co.uk/bot.php?+)"
218.30.103.57 - - [22/Jul/2014:03:05:26 -0700] "GET /blog/personal-spending-money/feed/ HTTP/1.1" 200 776 "-" "Sogou web spider/4.0(+http://www.sogou.com/docs/help/webmasters.htm#07)"
46.165.197.142 - - [22/Jul/2014:03:05:30 -0700] "GET /cn/tag/%E5%B8%A6%E8%96%AA%E5%AE%9E%E4%B9%A0/ HTTP/1.0" 404 31272 "-" "Mozilla/5.0 (compatible; MJ12bot/v1.4.5; http://www.majestic12.co.uk/bot.php?+)"
46.165.197.142 - - [22/Jul/2014:03:05:37 -0700] "GET /cn/tag/%E5%B8%A6%E8%96%AA%E5%AE%9E%E4%B9%A0/feed/ HTTP/1.0" 404 905 "-" "Mozilla/5.0 (compatible; MJ12bot/v1.4.5; http://www.majestic12.co.uk/bot.php?+)"
108.196.206.231 - - [22/Jul/2014:03:05:38 -0700] "POST /wp-admin/admin-ajax.php HTTP/1.1" 200 99 "http://www.introamerica.com/wp-admin/post.php?post=11209&action=edit&message=1" "Mozilla/5.0 (Windows NT 6.1; WOW64) AppleWebKit/537.36 (KHTML, like Gecko) Chrome/36.0.1985.125 Safari/537.36"
46.165.197.142 - - [22/Jul/2014:03:05:40 -0700] "GET /cn/tag/%E5%B8%AE%E5%8A%A9/ HTTP/1.0" 404 31272 "-" "Mozilla/5.0 (compatible; MJ12bot/v1.4.5; http://www.majestic12.co.uk/bot.php?+)"
46.165.197.142 - - [22/Jul/2014:03:05:45 -0700] "GET /cn/tag/%E5%B8%AE%E5%8A%A9/feed/ HTTP/1.0" 404 887 "-" "Mozilla/5.0 (compatible; MJ12bot/v1.4.5; http://www.majestic12.co.uk/bot.php?+)"
46.165.197.142 - - [22/Jul/2014:03:05:47 -0700] "GET /cn/tag/%E5%BB%BA%E8%AE%AE/ HTTP/1.0" 404 31272 "-" "Mozilla/5.0 (compatible; MJ12bot/v1.4.5; http://www.majestic12.co.uk/bot.php?+)"
108.196.206.231 - - [22/Jul/2014:03:05:54 -0700] "POST /wp-admin/admin-ajax.php HTTP/1.1" 200 99 "http://www.introamerica.com/wp-admin/post.php?post=11209&action=edit&message=1" "Mozilla/5.0 (Windows NT 6.1; WOW64) AppleWebKit/537.36 (KHTML, like Gecko) Chrome/36.0.1985.125 Safari/537.36"
218.30.103.57 - - [22/Jul/2014:03:05:54 -0700] "GET /event/boston-enjoy-a-free-guided-tour-of-the-freedom-trail/ HTTP/1.1" 200 54796 "-" "Sogou web spider/4.0(+http://www.sogou.com/docs/help/webmasters.htm#07)"
46.165.197.142 - - [22/Jul/2014:03:05:56 -0700] "GET /cn/tag/%E5%BB%BA%E8%AE%AE/feed/ HTTP/1.0" 404 887 "-" "Mozilla/5.0 (compatible; MJ12bot/v1.4.5; http://www.majestic12.co.uk/bot.php?+)"
162.243.67.106 - - [22/Jul/2014:03:05:50 -0700] "POST /wp-content/uploads/avatars/46/cache/footer.php HTTP/1.1" 200 4986 "-" "Mozilla/5.0 (Windows; U; Windows NT 5.1; zh-CN; rv:1.7.6)"
46.165.197.142 - - [22/Jul/2014:03:05:59 -0700] "GET /cn/tag/%E5%BD%95%E5%8F%96/ HTTP/1.0" 404 31272 "-" "Mozilla/5.0 (compatible; MJ12bot/v1.4.5; http://www.majestic12.co.uk/bot.php?+)"
50.16.129.154 - - [22/Jul/2014:03:06:07 -0700] "GET / HTTP/1.0" 200 14544 "-" "Mozilla/5.0 (compatible; Alexabot/1.0; +http://www.alexa.com/help/certifyscan; certifyscan@alexa.com)'"
218.30.103.57 - - [22/Jul/2014:03:06:18 -0700] "GET /events/2013-11-06/ HTTP/1.1" 200 53635 "-" "Sogou web spider/4.0(+http://www.sogou.com/docs/help/webmasters.htm#07)"
46.165.197.142 - - [22/Jul/2014:03:06:19 -0700] "GET /cn/tag/%E5%BD%95%E5%8F%96/feed/ HTTP/1.0" 404 887 "-" "Mozilla/5.0 (compatible; MJ12bot/v1.4.5; http://www.majestic12.co.uk/bot.php?+)"
46.165.197.142 - - [22/Jul/2014:03:06:22 -0700] "GET /cn/tag/%E5%BE%8B%E5%B8%88/ HTTP/1.0" 404 31272 "-" "Mozilla/5.0 (compatible; MJ12bot/v1.4.5; http://www.majestic12.co.uk/bot.php?+)"
66.249.79.94 - - [22/Jul/2014:03:06:24 -0700] "GET /cn/archives/592 HTTP/1.1" 200 51554 "-" "Mozilla/5.0 (compatible; Googlebot/2.1; +http://www.google.com/bot.html)"
157.55.39.172 - - [22/Jul/2014:03:06:27 -0700] "GET /s7.addthis.com/js/300/addthis_widget.js HTTP/1.1" 302 - "-" "Mozilla/5.0 (compatible; MSIE 9.0; Windows NT 6.1; Trident/5.0)"
157.55.39.172 - - [22/Jul/2014:03:06:30 -0700] "GET / HTTP/1.1" 200 95374 "-" "Mozilla/5.0 (compatible; MSIE 9.0; Windows NT 6.1; Trident/5.0)"
54.254.118.29 - - [22/Jul/2014:03:06:33 -0700] "GET / HTTP/1.0" 200 14586 "-" "Mozilla/5.0 (compatible; Alexabot/1.0; +http://www.alexa.com/help/certifyscan; certifyscan@alexa.com)'"
46.165.197.142 - - [22/Jul/2014:03:06:35 -0700] "GET /cn/tag/%E5%BE%8B%E5%B8%88/feed/ HTTP/1.0" 404 887 "-" "Mozilla/5.0 (compatible; MJ12bot/v1.4.5; http://www.majestic12.co.uk/bot.php?+)"
46.165.197.142 - - [22/Jul/2014:03:06:37 -0700] "GET /cn/tag/%E5%BF%83%E5%BE%97/ HTTP/1.0" 404 31272 "-" "Mozilla/5.0 (compatible; MJ12bot/v1.4.5; http://www.majestic12.co.uk/bot.php?+)"
46.165.197.142 - - [22/Jul/2014:03:06:39 -0700] "GET /cn/tag/%E5%BF%83%E5%BE%97/feed/ HTTP/1.0" 404 887 "-" "Mozilla/5.0 (compatible; MJ12bot/v1.4.5; http://www.majestic12.co.uk/bot.php?+)"
54.228.175.121 - - [22/Jul/2014:03:06:40 -0700] "GET / HTTP/1.0" 200 14544 "-" "Mozilla/5.0 (compatible; Alexabot/1.0; +http://www.alexa.com/help/certifyscan; certifyscan@alexa.com)'"
46.165.197.142 - - [22/Jul/2014:03:06:42 -0700] "GET /cn/tag/%E6%80%BB%E7%BB%9F/ HTTP/1.0" 404 31272 "-" "Mozilla/5.0 (compatible; MJ12bot/v1.4.5; http://www.majestic12.co.uk/bot.php?+)"
218.30.103.57 - - [22/Jul/2014:03:06:42 -0700] "GET /blog/category/expert-advice/page/7/ HTTP/1.1" 200 64554 "-" "Sogou web spider/4.0(+http://www.sogou.com/docs/help/webmasters.htm#07)"
46.165.197.142 - - [22/Jul/2014:03:06:54 -0700] "GET /cn/tag/%E6%80%BB%E7%BB%9F/feed/ HTTP/1.0" 404 887 "-" "Mozilla/5.0 (compatible; MJ12bot/v1.4.5; http://www.majestic12.co.uk/bot.php?+)"
46.165.197.142 - - [22/Jul/2014:03:06:56 -0700] "GET /cn/tag/%E6%88%90%E7%BB%A9%E5%8D%95/ HTTP/1.0" 404 31272 "-" "Mozilla/5.0 (compatible; MJ12bot/v1.4.5; http://www.majestic12.co.uk/bot.php?+)"
46.165.197.142 - - [22/Jul/2014:03:06:58 -0700] "GET /cn/tag/%E6%88%90%E7%BB%A9%E5%8D%95/feed/ HTTP/1.0" 404 896 "-" "Mozilla/5.0 (compatible; MJ12bot/v1.4.5; http://www.majestic12.co.uk/bot.php?+)"
46.165.197.142 - - [22/Jul/2014:03:07:01 -0700] "GET /cn/tag/%E6%88%BF%E4%BA%A7/ HTTP/1.0" 404 31272 "-" "Mozilla/5.0 (compatible; MJ12bot/v1.4.5; http://www.majestic12.co.uk/bot.php?+)"
46.165.197.142 - - [22/Jul/2014:03:07:05 -0700] "GET /cn/tag/%E6%88%BF%E4%BA%A7/feed/ HTTP/1.0" 404 887 "-" "Mozilla/5.0 (compatible; MJ12bot/v1.4.5; http://www.majestic12.co.uk/bot.php?+)"
218.30.103.57 - - [22/Jul/2014:03:07:06 -0700] "GET /blog/medical-care/feed/ HTTP/1.1" 200 743 "-" "Sogou web spider/4.0(+http://www.sogou.com/docs/help/webmasters.htm#07)"
46.165.197.142 - - [22/Jul/2014:03:07:07 -0700] "GET /cn/tag/%E6%89%8B%E6%9C%BA/ HTTP/1.0" 404 31272 "-" "Mozilla/5.0 (compatible; MJ12bot/v1.4.5; http://www.majestic12.co.uk/bot.php?+)"
46.165.197.142 - - [22/Jul/2014:03:07:11 -0700] "GET /cn/tag/%E6%89%8B%E6%9C%BA/feed/ HTTP/1.0" 404 887 "-" "Mozilla/5.0 (compatible; MJ12bot/v1.4.5; http://www.majestic12.co.uk/bot.php?+)"
46.165.197.142 - - [22/Jul/2014:03:07:13 -0700] "GET /cn/tag/%E6%89%98%E7%A6%8F/ HTTP/1.0" 404 31272 "-" "Mozilla/5.0 (compatible; MJ12bot/v1.4.5; http://www.majestic12.co.uk/bot.php?+)"
107.22.83.91 - - [22/Jul/2014:03:07:23 -0700] "GET /blog/chinese-fashions-and-brands-and-their-influence-on-american-culture/ HTTP/1.1" 200 13494 "-" "Mozilla/5.0 (Macintosh; Intel Mac OS X 10.9; rv:28.0) Gecko/20100101 Firefox/28.0 (FlipboardProxy/1.1; +http://flipboard.com/browserproxy)"
46.165.197.142 - - [22/Jul/2014:03:07:25 -0700] "GET /cn/tag/%E6%89%98%E7%A6%8F/feed/ HTTP/1.0" 404 887 "-" "Mozilla/5.0 (compatible; MJ12bot/v1.4.5; http://www.majestic12.co.uk/bot.php?+)"
218.30.103.57 - - [22/Jul/2014:03:07:27 -0700] "GET /blog/chinese-new-year-year-of-the-horse/ HTTP/1.1" 200 52608 "-" "Sogou web spider/4.0(+http://www.sogou.com/docs/help/webmasters.htm#07)"
108.196.206.231 - - [22/Jul/2014:03:07:27 -0700] "GET / HTTP/1.1" 200 107003 "-" "Mozilla/5.0 (Windows NT 6.1; WOW64) AppleWebKit/537.36 (KHTML, like Gecko) Chrome/36.0.1985.125 Safari/537.36"
108.196.206.231 - - [22/Jul/2014:03:07:29 -0700] "GET /wp-content/uploads/2014/03/logobeta1.jpg HTTP/1.1" 304 - "http://www.introamerica.com/" "Mozilla/5.0 (Windows NT 6.1; WOW64) AppleWebKit/537.36 (KHTML, like Gecko) Chrome/36.0.1985.125 Safari/537.36"
108.196.206.231 - - [22/Jul/2014:03:07:29 -0700] "GET /wp-content/uploads/2014/07/send-money_21127119-128x150.jpg HTTP/1.1" 200 5115 "http://www.introamerica.com/" "Mozilla/5.0 (Windows NT 6.1; WOW64) AppleWebKit/537.36 (KHTML, like Gecko) Chrome/36.0.1985.125 Safari/537.36"
108.196.206.231 - - [22/Jul/2014:03:07:29 -0700] "GET /wp-content/uploads/2014/07/9122-11091413355513-150x100.jpg HTTP/1.1" 200 5829 "http://www.introamerica.com/" "Mozilla/5.0 (Windows NT 6.1; WOW64) AppleWebKit/537.36 (KHTML, like Gecko) Chrome/36.0.1985.125 Safari/537.36"
108.196.206.231 - - [22/Jul/2014:03:07:29 -0700] "GET /wp-content/uploads/2014/05/20090514_UNIcampusAerial_R0366-150x104.jpg HTTP/1.1" 304 - "http://www.introamerica.com/" "Mozilla/5.0 (Windows NT 6.1; WOW64) AppleWebKit/537.36 (KHTML, like Gecko) Chrome/36.0.1985.125 Safari/537.36"
108.196.206.231 - - [22/Jul/2014:03:07:29 -0700] "GET /wp-content/uploads/2014/07/death2-144x150.jpg HTTP/1.1" 304 - "http://www.introamerica.com/" "Mozilla/5.0 (Windows NT 6.1; WOW64) AppleWebKit/537.36 (KHTML, like Gecko) Chrome/36.0.1985.125 Safari/537.36"
108.196.206.231 - - [22/Jul/2014:03:07:29 -0700] "GET /wp-content/uploads/2014/06/Macys-4th-of-July-fireworks-2012-150x99.jpg HTTP/1.1" 304 - "http://www.introamerica.com/" "Mozilla/5.0 (Windows NT 6.1; WOW64) AppleWebKit/537.36 (KHTML, like Gecko) Chrome/36.0.1985.125 Safari/537.36"
108.196.206.231 - - [22/Jul/2014:03:07:29 -0700] "GET /wp-content/uploads/2014/06/jsss-logo-4-copy.jpg HTTP/1.1" 304 - "http://www.introamerica.com/" "Mozilla/5.0 (Windows NT 6.1; WOW64) AppleWebKit/537.36 (KHTML, like Gecko) Chrome/36.0.1985.125 Safari/537.36"
108.196.206.231 - - [22/Jul/2014:03:07:29 -0700] "GET /wp-content/uploads/2014/06/College-Rankings-by-Unigo-350x165.png HTTP/1.1" 304 - "http://www.introamerica.com/" "Mozilla/5.0 (Windows NT 6.1; WOW64) AppleWebKit/537.36 (KHTML, like Gecko) Chrome/36.0.1985.125 Safari/537.36"
108.196.206.231 - - [22/Jul/2014:03:07:29 -0700] "GET /wp-content/uploads/2014/07/Student-with-pencil-and-Books-Image-courtesy-of-imagerymagic-free-digital-photos.net-ID-10096885-99x150.jpg HTTP/1.1" 304 - "http://www.introamerica.com/" "Mozilla/5.0 (Windows NT 6.1; WOW64) AppleWebKit/537.36 (KHTML, like Gecko) Chrome/36.0.1985.125 Safari/537.36"
108.196.206.231 - - [22/Jul/2014:03:07:29 -0700] "GET /wp-content/uploads/2014/05/ParentsAdvice-shutterstock_98124008-copy-150x99.jpg HTTP/1.1" 304 - "http://www.introamerica.com/" "Mozilla/5.0 (Windows NT 6.1; WOW64) AppleWebKit/537.36 (KHTML, like Gecko) Chrome/36.0.1985.125 Safari/537.36"
108.196.206.231 - - [22/Jul/2014:03:07:29 -0700] "GET /wp-content/uploads/2014/03/College-just-ahead-150x146.jpg HTTP/1.1" 304 - "http://www.introamerica.com/" "Mozilla/5.0 (Windows NT 6.1; WOW64) AppleWebKit/537.36 (KHTML, like Gecko) Chrome/36.0.1985.125 Safari/537.36"
108.196.206.231 - - [22/Jul/2014:03:07:29 -0700] "GET /wp-content/uploads/2014/07/1950s-144x150.jpg HTTP/1.1" 304 - "http://www.introamerica.com/" "Mozilla/5.0 (Windows NT 6.1; WOW64) AppleWebKit/537.36 (KHTML, like Gecko) Chrome/36.0.1985.125 Safari/537.36"
108.196.206.231 - - [22/Jul/2014:03:07:29 -0700] "GET /wp-content/uploads/2014/06/Drivers-License-ID-in-New-York-31-150x150.jpg HTTP/1.1" 304 - "http://www.introamerica.com/" "Mozilla/5.0 (Windows NT 6.1; WOW64) AppleWebKit/537.36 (KHTML, like Gecko) Chrome/36.0.1985.125 Safari/537.36"
108.196.206.231 - - [22/Jul/2014:03:07:29 -0700] "GET /wp-content/uploads/2014/07/M1-150x112.jpg HTTP/1.1" 304 - "http://www.introamerica.com/" "Mozilla/5.0 (Windows NT 6.1; WOW64) AppleWebKit/537.36 (KHTML, like Gecko) Chrome/36.0.1985.125 Safari/537.36"
108.196.206.231 - - [22/Jul/2014:03:07:30 -0700] "GET /wp-content/uploads/2014/06/6-100x150.jpg HTTP/1.1" 304 - "http://www.introamerica.com/" "Mozilla/5.0 (Windows NT 6.1; WOW64) AppleWebKit/537.36 (KHTML, like Gecko) Chrome/36.0.1985.125 Safari/537.36"
108.196.206.231 - - [22/Jul/2014:03:07:29 -0700] "GET /wp-content/themes/vc/images/default-thumbnail.png HTTP/1.1" 200 25113 "http://www.introamerica.com/" "Mozilla/5.0 (Windows NT 6.1; WOW64) AppleWebKit/537.36 (KHTML, like Gecko) Chrome/36.0.1985.125 Safari/537.36"
108.196.206.231 - - [22/Jul/2014:03:07:30 -0700] "GET /wp-content/uploads/2014/06/have-a-secret-150x150.jpg HTTP/1.1" 304 - "http://www.introamerica.com/" "Mozilla/5.0 (Windows NT 6.1; WOW64) AppleWebKit/537.36 (KHTML, like Gecko) Chrome/36.0.1985.125 Safari/537.36"
108.196.206.231 - - [22/Jul/2014:03:07:30 -0700] "GET /wp-content/uploads/2014/06/Baohaus1-150x112.jpg HTTP/1.1" 304 - "http://www.introamerica.com/" "Mozilla/5.0 (Windows NT 6.1; WOW64) AppleWebKit/537.36 (KHTML, like Gecko) Chrome/36.0.1985.125 Safari/537.36"
108.196.206.231 - - [22/Jul/2014:03:07:30 -0700] "GET /wp-content/uploads/2014/06/pleated-116x150.png HTTP/1.1" 304 - "http://www.introamerica.com/" "Mozilla/5.0 (Windows NT 6.1; WOW64) AppleWebKit/537.36 (KHTML, like Gecko) Chrome/36.0.1985.125 Safari/537.36"
108.196.206.231 - - [22/Jul/2014:03:07:30 -0700] "GET /wp-content/uploads/2014/06/chicken-150x112.jpg HTTP/1.1" 304 - "http://www.introamerica.com/" "Mozilla/5.0 (Windows NT 6.1; WOW64) AppleWebKit/537.36 (KHTML, like Gecko) Chrome/36.0.1985.125 Safari/537.36"
108.196.206.231 - - [22/Jul/2014:03:07:30 -0700] "GET /wp-content/uploads/2014/06/first-image-100x70.jpg HTTP/1.1" 304 - "http://www.introamerica.com/" "Mozilla/5.0 (Windows NT 6.1; WOW64) AppleWebKit/537.36 (KHTML, like Gecko) Chrome/36.0.1985.125 Safari/537.36"
108.196.206.231 - - [22/Jul/2014:03:07:30 -0700] "GET /wp-content/uploads/2014/07/9122-11091413355513-100x70.jpg HTTP/1.1" 200 3584 "http://www.introamerica.com/" "Mozilla/5.0 (Windows NT 6.1; WOW64) AppleWebKit/537.36 (KHTML, like Gecko) Chrome/36.0.1985.125 Safari/537.36"
108.196.206.231 - - [22/Jul/2014:03:07:30 -0700] "GET /wp-content/uploads/2014/07/1950s-100x70.jpg HTTP/1.1" 304 - "http://www.introamerica.com/" "Mozilla/5.0 (Windows NT 6.1; WOW64) AppleWebKit/537.36 (KHTML, like Gecko) Chrome/36.0.1985.125 Safari/537.36"
108.196.206.231 - - [22/Jul/2014:03:07:30 -0700] "GET /wp-content/uploads/2014/05/20090514_UNIcampusAerial_R0366-100x70.jpg HTTP/1.1" 304 - "http://www.introamerica.com/" "Mozilla/5.0 (Windows NT 6.1; WOW64) AppleWebKit/537.36 (KHTML, like Gecko) Chrome/36.0.1985.125 Safari/537.36"
108.196.206.231 - - [22/Jul/2014:03:07:30 -0700] "GET /wp-content/uploads/2014/06/SnarkyPuppy_613x463-207x140.jpg HTTP/1.1" 304 - "http://www.introamerica.com/" "Mozilla/5.0 (Windows NT 6.1; WOW64) AppleWebKit/537.36 (KHTML, like Gecko) Chrome/36.0.1985.125 Safari/537.36"
108.196.206.231 - - [22/Jul/2014:03:07:30 -0700] "GET /wp-content/uploads/2013/09/team-100x70.png HTTP/1.1" 200 18417 "http://www.introamerica.com/" "Mozilla/5.0 (Windows NT 6.1; WOW64) AppleWebKit/537.36 (KHTML, like Gecko) Chrome/36.0.1985.125 Safari/537.36"
108.196.206.231 - - [22/Jul/2014:03:07:30 -0700] "GET /wp-content/uploads/2014/07/upload-3952854767923547059-207x140.png HTTP/1.1" 304 - "http://www.introamerica.com/" "Mozilla/5.0 (Windows NT 6.1; WOW64) AppleWebKit/537.36 (KHTML, like Gecko) Chrome/36.0.1985.125 Safari/537.36"
108.196.206.231 - - [22/Jul/2014:03:07:30 -0700] "GET /wp-content/uploads/2014/05/Humungus82-207x140.jpg HTTP/1.1" 304 - "http://www.introamerica.com/" "Mozilla/5.0 (Windows NT 6.1; WOW64) AppleWebKit/537.36 (KHTML, like Gecko) Chrome/36.0.1985.125 Safari/537.36"
108.196.206.231 - - [22/Jul/2014:03:07:30 -0700] "GET /wp-content/uploads/2014/07/HabanaOutpost_movies_V1_460x285-207x140.jpg HTTP/1.1" 200 14127 "http://www.introamerica.com/" "Mozilla/5.0 (Windows NT 6.1; WOW64) AppleWebKit/537.36 (KHTML, like Gecko) Chrome/36.0.1985.125 Safari/537.36"
46.165.197.142 - - [22/Jul/2014:03:07:30 -0700] "GET /cn/tag/%E6%8B%9B%E7%94%9F/ HTTP/1.0" 404 31272 "-" "Mozilla/5.0 (compatible; MJ12bot/v1.4.5; http://www.majestic12.co.uk/bot.php?+)"
108.196.206.231 - - [22/Jul/2014:03:07:30 -0700] "GET /wp-content/uploads/2014/07/guitar-istock_000005379720xsmall-207x140.jpg HTTP/1.1" 200 8051 "http://www.introamerica.com/" "Mozilla/5.0 (Windows NT 6.1; WOW64) AppleWebKit/537.36 (KHTML, like Gecko) Chrome/36.0.1985.125 Safari/537.36"
108.196.206.231 - - [22/Jul/2014:03:07:30 -0700] "GET /wp-content/uploads/2014/07/wonka_skirball_lg-207x140.jpg HTTP/1.1" 200 15175 "http://www.introamerica.com/" "Mozilla/5.0 (Windows NT 6.1; WOW64) AppleWebKit/537.36 (KHTML, like Gecko) Chrome/36.0.1985.125 Safari/537.36"
108.196.206.231 - - [22/Jul/2014:03:07:30 -0700] "GET /wp-content/uploads/2014/06/Happy-Student-150x99.jpg HTTP/1.1" 304 - "http://www.introamerica.com/" "Mozilla/5.0 (Windows NT 6.1; WOW64) AppleWebKit/537.36 (KHTML, like Gecko) Chrome/36.0.1985.125 Safari/537.36"
108.196.206.231 - - [22/Jul/2014:03:07:30 -0700] "GET /wp-content/uploads/2014/04/title_131.png HTTP/1.1" 304 - "http://www.introamerica.com/" "Mozilla/5.0 (Windows NT 6.1; WOW64) AppleWebKit/537.36 (KHTML, like Gecko) Chrome/36.0.1985.125 Safari/537.36"
108.196.206.231 - - [22/Jul/2014:03:07:32 -0700] "POST /wp-admin/admin-ajax.php HTTP/1.1" 200 2 "http://www.introamerica.com/" "Mozilla/5.0 (Windows NT 6.1; WOW64) AppleWebKit/537.36 (KHTML, like Gecko) Chrome/36.0.1985.125 Safari/537.36"
108.196.206.231 - - [22/Jul/2014:03:07:32 -0700] "POST /wp-admin/admin-ajax.php HTTP/1.1" 200 78 "http://www.introamerica.com/" "Mozilla/5.0 (Windows NT 6.1; WOW64) AppleWebKit/537.36 (KHTML, like Gecko) Chrome/36.0.1985.125 Safari/537.36"
46.165.197.142 - - [22/Jul/2014:03:07:32 -0700] "GET /cn/tag/%E6%8B%9B%E7%94%9F/feed/ HTTP/1.0" 404 887 "-" "Mozilla/5.0 (compatible; MJ12bot/v1.4.5; http://www.majestic12.co.uk/bot.php?+)"
108.196.206.231 - - [22/Jul/2014:03:07:35 -0700] "GET /favicon.ico HTTP/1.1" 200 - "-" "Mozilla/5.0 (Windows NT 6.1; WOW64) AppleWebKit/537.36 (KHTML, like Gecko) Chrome/36.0.1985.125 Safari/537.36"
46.165.197.142 - - [22/Jul/2014:03:07:34 -0700] "GET /cn/tag/%E6%8B%A9%E6%A0%A1/ HTTP/1.0" 301 - "-" "Mozilla/5.0 (compatible; MJ12bot/v1.4.5; http://www.majestic12.co.uk/bot.php?+)"
46.165.197.142 - - [22/Jul/2014:03:07:37 -0700] "GET /cn/forums/forum/%e6%8b%a9%e6%a0%a1%e5%a4%87%e8%80%83 HTTP/1.0" 200 2767 "-" "Mozilla/5.0 (compatible; MJ12bot/v1.4.5; http://www.majestic12.co.uk/bot.php?+)"
46.165.197.142 - - [22/Jul/2014:03:07:39 -0700] "GET /cn/tag/%E6%8B%A9%E6%A0%A1/feed/ HTTP/1.0" 301 - "-" "Mozilla/5.0 (compatible; MJ12bot/v1.4.5; http://www.majestic12.co.uk/bot.php?+)"
46.165.197.142 - - [22/Jul/2014:03:07:44 -0700] "GET /cn/forums/forum/%e6%8b%a9%e6%a0%a1%e5%a4%87%e8%80%83/feed/feed HTTP/1.0" 200 795 "-" "Mozilla/5.0 (compatible; MJ12bot/v1.4.5; http://www.majestic12.co.uk/bot.php?+)"
218.30.103.57 - - [22/Jul/2014:03:07:48 -0700] "GET /events/2013-11-09/ HTTP/1.1" 200 52823 "-" "Sogou web spider/4.0(+http://www.sogou.com/docs/help/webmasters.htm#07)"
46.165.197.142 - - [22/Jul/2014:03:07:49 -0700] "GET /cn/tag/%E6%8E%92%E5%90%8D/ HTTP/1.0" 404 31272 "-" "Mozilla/5.0 (compatible; MJ12bot/v1.4.5; http://www.majestic12.co.uk/bot.php?+)"
46.165.197.142 - - [22/Jul/2014:03:07:53 -0700] "GET /cn/tag/%E6%8E%92%E5%90%8D/feed/ HTTP/1.0" 404 887 "-" "Mozilla/5.0 (compatible; MJ12bot/v1.4.5; http://www.majestic12.co.uk/bot.php?+)"
108.196.206.231 - - [22/Jul/2014:03:07:54 -0700] "POST /wp-admin/admin-ajax.php HTTP/1.1" 200 99 "http://www.introamerica.com/wp-admin/post.php?post=11209&action=edit&message=1" "Mozilla/5.0 (Windows NT 6.1; WOW64) AppleWebKit/537.36 (KHTML, like Gecko) Chrome/36.0.1985.125 Safari/537.36"
46.165.197.142 - - [22/Jul/2014:03:07:55 -0700] "GET /cn/tag/%E6%8E%A8%E8%8D%90%E4%BF%A1/ HTTP/1.0" 404 31272 "-" "Mozilla/5.0 (compatible; MJ12bot/v1.4.5; http://www.majestic12.co.uk/bot.php?+)"
108.196.206.231 - - [22/Jul/2014:03:07:57 -0700] "GET /wp-admin/edit.php HTTP/1.1" 200 127273 "http://www.introamerica.com/wp-admin/post.php?post=11209&action=edit&message=1" "Mozilla/5.0 (Windows NT 6.1; WOW64) AppleWebKit/537.36 (KHTML, like Gecko) Chrome/36.0.1985.125 Safari/537.36"
108.196.206.231 - - [22/Jul/2014:03:07:59 -0700] "POST /wp-admin/admin-ajax.php HTTP/1.1" 200 1 "http://www.introamerica.com/wp-admin/post.php?post=11209&action=edit&message=1" "Mozilla/5.0 (Windows NT 6.1; WOW64) AppleWebKit/537.36 (KHTML, like Gecko) Chrome/36.0.1985.125 Safari/537.36"
46.165.197.142 - - [22/Jul/2014:03:08:00 -0700] "GET /cn/tag/%E6%8E%A8%E8%8D%90%E4%BF%A1/feed/ HTTP/1.0" 404 896 "-" "Mozilla/5.0 (compatible; MJ12bot/v1.4.5; http://www.majestic12.co.uk/bot.php?+)"
108.196.206.231 - - [22/Jul/2014:03:08:00 -0700] "GET /favicon.ico HTTP/1.1" 200 - "-" "Mozilla/5.0 (Windows NT 6.1; WOW64) AppleWebKit/537.36 (KHTML, like Gecko) Chrome/36.0.1985.125 Safari/537.36"
66.249.79.120 - - [22/Jul/2014:03:08:02 -0700] "GET /events/2596-01-20/ HTTP/1.1" 404 47163 "-" "Mozilla/5.0 (compatible; Googlebot/2.1; +http://www.google.com/bot.html)"
46.165.197.142 - - [22/Jul/2014:03:08:02 -0700] "GET /cn/tag/%E6%8F%90%E5%89%8D%E5%BD%95%E5%8F%96/ HTTP/1.0" 404 31272 "-" "Mozilla/5.0 (compatible; MJ12bot/v1.4.5; http://www.majestic12.co.uk/bot.php?+)"
46.165.197.142 - - [22/Jul/2014:03:08:05 -0700] "GET /cn/tag/%E6%8F%90%E5%89%8D%E5%BD%95%E5%8F%96/feed/ HTTP/1.0" 404 905 "-" "Mozilla/5.0 (compatible; MJ12bot/v1.4.5; http://www.majestic12.co.uk/bot.php?+)"
46.165.197.142 - - [22/Jul/2014:03:08:07 -0700] "GET /cn/tag/%E6%8F%90%E5%89%8D%E7%94%B3%E8%AF%B7/ HTTP/1.0" 404 31272 "-" "Mozilla/5.0 (compatible; MJ12bot/v1.4.5; http://www.majestic12.co.uk/bot.php?+)"
46.165.197.142 - - [22/Jul/2014:03:08:09 -0700] "GET /cn/tag/%E6%8F%90%E5%89%8D%E7%94%B3%E8%AF%B7/feed/ HTTP/1.0" 404 905 "-" "Mozilla/5.0 (compatible; MJ12bot/v1.4.5; http://www.majestic12.co.uk/bot.php?+)"
218.30.103.57 - - [22/Jul/2014:03:08:11 -0700] "GET /?p=9536 HTTP/1.1" 301 - "-" "Sogou web spider/4.0(+http://www.sogou.com/docs/help/webmasters.htm#07)"
46.165.197.142 - - [22/Jul/2014:03:08:14 -0700] "GET /cn/tag/%E6%8F%90%E5%89%8D%E8%A1%8C%E5%8A%A8/ HTTP/1.0" 404 31272 "-" "Mozilla/5.0 (compatible; MJ12bot/v1.4.5; http://www.majestic12.co.uk/bot.php?+)"
108.196.206.231 - - [22/Jul/2014:03:08:15 -0700] "POST /wp-admin/admin-ajax.php HTTP/1.1" 200 47 "http://www.introamerica.com/wp-admin/edit.php" "Mozilla/5.0 (Windows NT 6.1; WOW64) AppleWebKit/537.36 (KHTML, like Gecko) Chrome/36.0.1985.125 Safari/537.36"
46.165.197.142 - - [22/Jul/2014:03:08:17 -0700] "GET /cn/tag/%E6%8F%90%E5%89%8D%E8%A1%8C%E5%8A%A8/feed/ HTTP/1.0" 404 905 "-" "Mozilla/5.0 (compatible; MJ12bot/v1.4.5; http://www.majestic12.co.uk/bot.php?+)"
123.21.28.155 - - [22/Jul/2014:03:08:15 -0700] "GET /wp-content/uploads/2014/02/bryant_park_ice_skating2.jpg HTTP/1.1" 200 145084 "-" "Mozilla/5.0 (Windows NT 5.1; rv:30.0) Gecko/20100101 Firefox/30.0"
46.165.197.142 - - [22/Jul/2014:03:08:19 -0700] "GET /cn/tag/%E6%8F%90%E6%97%A9%E8%A1%8C%E5%8A%A8/ HTTP/1.0" 404 31272 "-" "Mozilla/5.0 (compatible; MJ12bot/v1.4.5; http://www.majestic12.co.uk/bot.php?+)"
46.165.197.142 - - [22/Jul/2014:03:08:23 -0700] "GET /cn/tag/%E6%8F%90%E6%97%A9%E8%A1%8C%E5%8A%A8/feed/ HTTP/1.0" 404 905 "-" "Mozilla/5.0 (compatible; MJ12bot/v1.4.5; http://www.majestic12.co.uk/bot.php?+)"
108.196.206.231 - - [22/Jul/2014:03:08:23 -0700] "POST /wp-admin/admin-ajax.php HTTP/1.1" 200 3229 "http://www.introamerica.com/wp-admin/edit.php" "Mozilla/5.0 (Windows NT 6.1; WOW64) AppleWebKit/537.36 (KHTML, like Gecko) Chrome/36.0.1985.125 Safari/537.36"
46.165.197.142 - - [22/Jul/2014:03:08:25 -0700] "GET /cn/tag/%E6%95%99%E6%8E%88/ HTTP/1.0" 404 31272 "-" "Mozilla/5.0 (compatible; MJ12bot/v1.4.5; http://www.majestic12.co.uk/bot.php?+)"
46.165.197.142 - - [22/Jul/2014:03:08:28 -0700] "GET /cn/tag/%E6%95%99%E6%8E%88/feed/ HTTP/1.0" 404 887 "-" "Mozilla/5.0 (compatible; MJ12bot/v1.4.5; http://www.majestic12.co.uk/bot.php?+)"
46.165.197.142 - - [22/Jul/2014:03:08:31 -0700] "GET /cn/tag/%E6%96%87%E4%B9%A6/ HTTP/1.0" 404 31272 "-" "Mozilla/5.0 (compatible; MJ12bot/v1.4.5; http://www.majestic12.co.uk/bot.php?+)"
108.196.206.231 - - [22/Jul/2014:03:08:31 -0700] "POST /wp-admin/admin-ajax.php HTTP/1.1" 200 47 "http://www.introamerica.com/wp-admin/edit.php" "Mozilla/5.0 (Windows NT 6.1; WOW64) AppleWebKit/537.36 (KHTML, like Gecko) Chrome/36.0.1985.125 Safari/537.36"
218.30.103.57 - - [22/Jul/2014:03:08:32 -0700] "GET /events/2013-11-08/ HTTP/1.1" 200 53062 "-" "Sogou web spider/4.0(+http://www.sogou.com/docs/help/webmasters.htm#07)"
46.165.197.142 - - [22/Jul/2014:03:08:34 -0700] "GET /cn/tag/%E6%96%87%E4%B9%A6/feed/ HTTP/1.0" 404 887 "-" "Mozilla/5.0 (compatible; MJ12bot/v1.4.5; http://www.majestic12.co.uk/bot.php?+)"
46.165.197.142 - - [22/Jul/2014:03:08:36 -0700] "GET /cn/tag/%E6%96%87%E7%90%86%E5%AD%A6%E9%99%A2/ HTTP/1.0" 404 31272 "-" "Mozilla/5.0 (compatible; MJ12bot/v1.4.5; http://www.majestic12.co.uk/bot.php?+)"
64.151.228.150 - - [22/Jul/2014:03:08:31 -0700] "POST /wp-cron.php?doing_wp_cron=1406023711.6218330860137939453125 HTTP/1.0" 200 - "-" "WordPress/3.9.1; http://www.introamerica.com"
66.249.79.107 - - [22/Jul/2014:03:08:38 -0700] "GET /sitemap.xml HTTP/1.1" 200 5196 "-" "Mozilla/5.0 (compatible; Googlebot/2.1; +http://www.google.com/bot.html)"
46.165.197.142 - - [22/Jul/2014:03:08:38 -0700] "GET /cn/tag/%E6%96%87%E7%90%86%E5%AD%A6%E9%99%A2/feed/ HTTP/1.0" 404 905 "-" "Mozilla/5.0 (compatible; MJ12bot/v1.4.5; http://www.majestic12.co.uk/bot.php?+)"
108.196.206.231 - - [22/Jul/2014:03:08:38 -0700] "GET /cn/wp-admin/ HTTP/1.1" 200 77606 "http://www.introamerica.com/" "Mozilla/5.0 (Windows NT 6.1; WOW64) AppleWebKit/537.36 (KHTML, like Gecko) Chrome/36.0.1985.125 Safari/537.36"
70.39.246.37 - - [22/Jul/2014:03:08:40 -0700] "GET /feed/ HTTP/1.1" 200 22206 "-" "Mozilla/5.0 Moreover/5.1 (+http://www.moreover.com; webmaster@moreover.com)"
108.196.206.231 - - [22/Jul/2014:03:08:41 -0700] "GET /favicon.ico HTTP/1.1" 200 - "-" "Mozilla/5.0 (Windows NT 6.1; WOW64) AppleWebKit/537.36 (KHTML, like Gecko) Chrome/36.0.1985.125 Safari/537.36"
46.165.197.142 - - [22/Jul/2014:03:08:41 -0700] "GET /cn/tag/%E6%97%85%E6%B8%B8/ HTTP/1.0" 404 31272 "-" "Mozilla/5.0 (compatible; MJ12bot/v1.4.5; http://www.majestic12.co.uk/bot.php?+)"
46.165.197.142 - - [22/Jul/2014:03:08:43 -0700] "GET /cn/tag/%E6%97%85%E6%B8%B8/feed/ HTTP/1.0" 404 887 "-" "Mozilla/5.0 (compatible; MJ12bot/v1.4.5; http://www.majestic12.co.uk/bot.php?+)"
46.165.197.142 - - [22/Jul/2014:03:08:45 -0700] "GET /cn/tag/%E6%9B%BC%E5%93%88%E9%A1%BF/ HTTP/1.0" 404 31272 "-" "Mozilla/5.0 (compatible; MJ12bot/v1.4.5; http://www.majestic12.co.uk/bot.php?+)"
108.196.206.231 - - [22/Jul/2014:03:08:44 -0700] "GET /cn/wp-admin/edit.php?post_type=post HTTP/1.1" 200 127235 "http://www.introamerica.com/cn/wp-admin/" "Mozilla/5.0 (Windows NT 6.1; WOW64) AppleWebKit/537.36 (KHTML, like Gecko) Chrome/36.0.1985.125 Safari/537.36"
108.196.206.231 - - [22/Jul/2014:03:08:47 -0700] "GET /favicon.ico HTTP/1.1" 200 - "-" "Mozilla/5.0 (Windows NT 6.1; WOW64) AppleWebKit/537.36 (KHTML, like Gecko) Chrome/36.0.1985.125 Safari/537.36"
46.165.197.142 - - [22/Jul/2014:03:08:48 -0700] "GET /cn/tag/%E6%9B%BC%E5%93%88%E9%A1%BF/feed/ HTTP/1.0" 404 896 "-" "Mozilla/5.0 (compatible; MJ12bot/v1.4.5; http://www.majestic12.co.uk/bot.php?+)"
66.249.79.120 - - [22/Jul/2014:03:08:49 -0700] "GET /feed/ HTTP/1.1" 200 22206 "-" "Mozilla/5.0 (compatible; Googlebot/2.1; +http://www.google.com/bot.html)"
66.249.79.107 - - [22/Jul/2014:03:08:49 -0700] "GET / HTTP/1.1" 200 95898 "-" "Mozilla/5.0 (compatible; Googlebot/2.1; +http://www.google.com/bot.html)"
46.165.197.142 - - [22/Jul/2014:03:08:51 -0700] "GET /cn/tag/%E6%A0%A1%E5%9B%AD%E4%BF%A1%E6%81%AF/ HTTP/1.0" 404 31272 "-" "Mozilla/5.0 (compatible; MJ12bot/v1.4.5; http://www.majestic12.co.uk/bot.php?+)"
218.30.103.57 - - [22/Jul/2014:03:08:52 -0700] "GET /event/hacking-the-quantified-self/ HTTP/1.1" 200 54646 "-" "Sogou web spider/4.0(+http://www.sogou.com/docs/help/webmasters.htm#07)"
46.165.197.142 - - [22/Jul/2014:03:08:53 -0700] "GET /cn/tag/%E6%A0%A1%E5%9B%AD%E4%BF%A1%E6%81%AF/feed/ HTTP/1.0" 404 905 "-" "Mozilla/5.0 (compatible; MJ12bot/v1.4.5; http://www.majestic12.co.uk/bot.php?+)"
46.165.197.142 - - [22/Jul/2014:03:08:56 -0700] "GET /cn/tag/%E6%A0%A1%E5%9B%AD%E6%96%87%E5%8C%96/ HTTP/1.0" 404 31272 "-" "Mozilla/5.0 (compatible; MJ12bot/v1.4.5; http://www.majestic12.co.uk/bot.php?+)"
46.165.197.142 - - [22/Jul/2014:03:09:02 -0700] "GET /cn/tag/%E6%A0%A1%E5%9B%AD%E6%96%87%E5%8C%96/feed/ HTTP/1.0" 404 905 "-" "Mozilla/5.0 (compatible; MJ12bot/v1.4.5; http://www.majestic12.co.uk/bot.php?+)"
108.196.206.231 - - [22/Jul/2014:03:09:03 -0700] "POST /cn/wp-admin/admin-ajax.php HTTP/1.1" 200 47 "http://www.introamerica.com/cn/wp-admin/edit.php?post_type=post" "Mozilla/5.0 (Windows NT 6.1; WOW64) AppleWebKit/537.36 (KHTML, like Gecko) Chrome/36.0.1985.125 Safari/537.36"
108.196.206.231 - - [22/Jul/2014:03:09:03 -0700] "GET /recommended-events-in-china/ HTTP/1.1" 200 11821 "http://www.introamerica.cn/" "Mozilla/5.0 (Windows NT 6.1; WOW64) AppleWebKit/537.36 (KHTML, like Gecko) Chrome/36.0.1985.125 Safari/537.36"
46.165.197.142 - - [22/Jul/2014:03:09:05 -0700] "GET /cn/tag/%E6%A0%A1%E5%9B%AD%E7%94%9F%E6%B4%BB/ HTTP/1.0" 404 31272 "-" "Mozilla/5.0 (compatible; MJ12bot/v1.4.5; http://www.majestic12.co.uk/bot.php?+)"
46.165.197.142 - - [22/Jul/2014:03:09:08 -0700] "GET /cn/tag/%E6%A0%A1%E5%9B%AD%E7%94%9F%E6%B4%BB/feed/ HTTP/1.0" 404 905 "-" "Mozilla/5.0 (compatible; MJ12bot/v1.4.5; http://www.majestic12.co.uk/bot.php?+)"
46.165.197.142 - - [22/Jul/2014:03:09:10 -0700] "GET /cn/tag/%E6%B1%82%E8%81%8C/ HTTP/1.0" 404 31272 "-" "Mozilla/5.0 (compatible; MJ12bot/v1.4.5; http://www.majestic12.co.uk/bot.php?+)"
46.165.197.142 - - [22/Jul/2014:03:09:13 -0700] "GET /cn/tag/%E6%B1%89%E6%99%AE%E9%83%A1%E5%AD%A6%E9%99%A2/ HTTP/1.0" 404 31272 "-" "Mozilla/5.0 (compatible; MJ12bot/v1.4.5; http://www.majestic12.co.uk/bot.php?+)"
218.30.103.57 - - [22/Jul/2014:03:09:14 -0700] "GET /event/boston-enjoy-a-free-guided-tour-of-the-freedom-trail/feed/ HTTP/1.1" 404 29721 "-" "Sogou web spider/4.0(+http://www.sogou.com/docs/help/webmasters.htm#07)"
108.196.206.231 - - [22/Jul/2014:03:09:15 -0700] "POST /wp-admin/admin-ajax.php HTTP/1.1" 200 47 "http://www.introamerica.com/wp-admin/edit.php" "Mozilla/5.0 (Windows NT 6.1; WOW64) AppleWebKit/537.36 (KHTML, like Gecko) Chrome/36.0.1985.125 Safari/537.36"
46.165.197.142 - - [22/Jul/2014:03:09:16 -0700] "GET /cn/tag/%E6%B1%89%E6%99%AE%E9%83%A1%E5%AD%A6%E9%99%A2/feed/ HTTP/1.0" 404 914 "-" "Mozilla/5.0 (compatible; MJ12bot/v1.4.5; http://www.majestic12.co.uk/bot.php?+)"
46.165.197.142 - - [22/Jul/2014:03:09:19 -0700] "GET /cn/tag/%E6%B3%A2%E5%A3%AB%E9%A1%BF/feed/ HTTP/1.0" 404 896 "-" "Mozilla/5.0 (compatible; MJ12bot/v1.4.5; http://www.majestic12.co.uk/bot.php?+)"
108.196.206.231 - - [22/Jul/2014:03:09:19 -0700] "POST /cn/wp-admin/admin-ajax.php HTTP/1.1" 200 47 "http://www.introamerica.com/cn/wp-admin/edit.php?post_type=post" "Mozilla/5.0 (Windows NT 6.1; WOW64) AppleWebKit/537.36 (KHTML, like Gecko) Chrome/36.0.1985.125 Safari/537.36"
46.165.197.142 - - [22/Jul/2014:03:09:24 -0700] "GET /cn/tag/%E6%B4%BB%E5%8A%A8/ HTTP/1.0" 404 31272 "-" "Mozilla/5.0 (compatible; MJ12bot/v1.4.5; http://www.majestic12.co.uk/bot.php?+)"
46.165.197.142 - - [22/Jul/2014:03:09:26 -0700] "GET /cn/tag/%E6%BB%9A%E5%8A%A8%E5%BD%95%E5%8F%96/feed/ HTTP/1.0" 404 905 "-" "Mozilla/5.0 (compatible; MJ12bot/v1.4.5; http://www.majestic12.co.uk/bot.php?+)"
46.165.197.142 - - [22/Jul/2014:03:09:30 -0700] "GET /cn/tag/%E7%94%B3%E8%AF%B7/ HTTP/1.0" 301 - "-" "Mozilla/5.0 (compatible; MJ12bot/v1.4.5; http://www.majestic12.co.uk/bot.php?+)"
108.196.206.231 - - [22/Jul/2014:03:09:31 -0700] "POST /wp-admin/admin-ajax.php HTTP/1.1" 200 47 "http://www.introamerica.com/wp-admin/edit.php" "Mozilla/5.0 (Windows NT 6.1; WOW64) AppleWebKit/537.36 (KHTML, like Gecko) Chrome/36.0.1985.125 Safari/537.36"
108.196.206.231 - - [22/Jul/2014:03:09:34 -0700] "POST /cn/wp-admin/admin-ajax.php HTTP/1.1" 200 47 "http://www.introamerica.com/cn/wp-admin/edit.php?post_type=post" "Mozilla/5.0 (Windows NT 6.1; WOW64) AppleWebKit/537.36 (KHTML, like Gecko) Chrome/36.0.1985.125 Safari/537.36"
218.30.103.57 - - [22/Jul/2014:03:09:35 -0700] "GET /events/2013-11-13/ HTTP/1.1" 200 53597 "-" "Sogou web spider/4.0(+http://www.sogou.com/docs/help/webmasters.htm#07)"
46.165.197.142 - - [22/Jul/2014:03:09:35 -0700] "GET /cn/archives/10054 HTTP/1.0" 200 51105 "-" "Mozilla/5.0 (compatible; MJ12bot/v1.4.5; http://www.majestic12.co.uk/bot.php?+)"
108.196.206.231 - - [22/Jul/2014:03:09:36 -0700] "GET /wp-admin/ HTTP/1.1" 200 76826 "http://www.introamerica.com/cn/wp-admin/edit.php?post_type=post" "Mozilla/5.0 (Windows NT 6.1; WOW64) AppleWebKit/537.36 (KHTML, like Gecko) Chrome/36.0.1985.125 Safari/537.36"
108.196.206.231 - - [22/Jul/2014:03:09:38 -0700] "GET /favicon.ico HTTP/1.1" 200 - "-" "Mozilla/5.0 (Windows NT 6.1; WOW64) AppleWebKit/537.36 (KHTML, like Gecko) Chrome/36.0.1985.125 Safari/537.36"
46.165.197.142 - - [22/Jul/2014:03:09:41 -0700] "GET /cn/tag/%E7%94%B3%E8%AF%B7%E6%B5%81%E7%A8%8B/feed/ HTTP/1.0" 404 905 "-" "Mozilla/5.0 (compatible; MJ12bot/v1.4.5; http://www.majestic12.co.uk/bot.php?+)"
46.165.197.142 - - [22/Jul/2014:03:09:43 -0700] "GET /cn/tag/%E7%95%99%E7%BE%8E%E7%94%B3%E8%AF%B7/ HTTP/1.0" 404 31272 "-" "Mozilla/5.0 (compatible; MJ12bot/v1.4.5; http://www.majestic12.co.uk/bot.php?+)"
46.165.197.142 - - [22/Jul/2014:03:09:46 -0700] "GET /cn/tag/%E7%9B%9C%E7%AB%8A/feed/ HTTP/1.0" 404 887 "-" "Mozilla/5.0 (compatible; MJ12bot/v1.4.5; http://www.majestic12.co.uk/bot.php?+)"
46.165.197.142 - - [22/Jul/2014:03:09:48 -0700] "GET /cn/tag/%E7%A7%91%E7%BD%97%E6%8B%89%E5%A4%9A/ HTTP/1.0" 404 31272 "-" "Mozilla/5.0 (compatible; MJ12bot/v1.4.5; http://www.majestic12.co.uk/bot.php?+)"
46.165.197.142 - - [22/Jul/2014:03:09:51 -0700] "GET /cn/tag/%E7%A7%91%E7%BD%97%E6%8B%89%E5%A4%9A%E5%A4%A7%E5%AD%A6/ HTTP/1.0" 404 31272 "-" "Mozilla/5.0 (compatible; MJ12bot/v1.4.5; http://www.majestic12.co.uk/bot.php?+)"
108.196.206.231 - - [22/Jul/2014:03:09:51 -0700] "GET /wp-admin/edit.php?post_type=page HTTP/1.1" 200 109916 "http://www.introamerica.com/wp-admin/" "Mozilla/5.0 (Windows NT 6.1; WOW64) AppleWebKit/537.36 (KHTML, like Gecko) Chrome/36.0.1985.125 Safari/537.36"
108.196.206.231 - - [22/Jul/2014:03:09:53 -0700] "GET /favicon.ico HTTP/1.1" 200 - "-" "Mozilla/5.0 (Windows NT 6.1; WOW64) AppleWebKit/537.36 (KHTML, like Gecko) Chrome/36.0.1985.125 Safari/537.36"
46.165.197.142 - - [22/Jul/2014:03:09:53 -0700] "GET /cn/tag/%E7%AD%BE%E8%AF%81/ HTTP/1.0" 404 31272 "-" "Mozilla/5.0 (compatible; MJ12bot/v1.4.5; http://www.majestic12.co.uk/bot.php?+)"
46.165.197.142 - - [22/Jul/2014:03:09:56 -0700] "GET /cn/tag/%E7%BB%8F%E9%AA%8C/ HTTP/1.0" 404 31272 "-" "Mozilla/5.0 (compatible; MJ12bot/v1.4.5; http://www.majestic12.co.uk/bot.php?+)"
218.30.103.57 - - [22/Jul/2014:03:09:57 -0700] "GET /?p=4896 HTTP/1.1" 301 - "-" "Sogou web spider/4.0(+http://www.sogou.com/docs/help/webmasters.htm#07)"
54.226.172.173 - - [22/Jul/2014:03:09:57 -0700] "GET /feed/ HTTP/1.1" 200 22206 "-" "feedzirra http://github.com/pauldix/feedzirra/tree/master"
46.165.197.142 - - [22/Jul/2014:03:09:59 -0700] "GET /cn/tag/%E7%BE%8E%E5%9B%BD%E5%8E%86%E5%8F%B2/feed/ HTTP/1.0" 404 905 "-" "Mozilla/5.0 (compatible; MJ12bot/v1.4.5; http://www.majestic12.co.uk/bot.php?+)"
108.196.206.231 - - [22/Jul/2014:03:09:58 -0700] "GET /wp-admin/edit.php?post_type=page&paged=2 HTTP/1.1" 200 107420 "http://www.introamerica.com/wp-admin/edit.php?post_type=page" "Mozilla/5.0 (Windows NT 6.1; WOW64) AppleWebKit/537.36 (KHTML, like Gecko) Chrome/36.0.1985.125 Safari/537.36"
108.196.206.231 - - [22/Jul/2014:03:10:00 -0700] "GET /favicon.ico HTTP/1.1" 200 - "-" "Mozilla/5.0 (Windows NT 6.1; WOW64) AppleWebKit/537.36 (KHTML, like Gecko) Chrome/36.0.1985.125 Safari/537.36"
46.165.197.142 - - [22/Jul/2014:03:10:04 -0700] "GET /cn/tag/%E7%BE%8E%E5%9B%BD/feed/ HTTP/1.0" 301 - "-" "Mozilla/5.0 (compatible; MJ12bot/v1.4.5; http://www.majestic12.co.uk/bot.php?+)"
46.165.197.142 - - [22/Jul/2014:03:10:07 -0700] "GET /cn/archives/657/feed/feed HTTP/1.0" 301 - "-" "Mozilla/5.0 (compatible; MJ12bot/v1.4.5; http://www.majestic12.co.uk/bot.php?+)"
46.165.197.142 - - [22/Jul/2014:03:10:10 -0700] "GET /cn/archives/657/feed HTTP/1.0" 200 760 "-" "Mozilla/5.0 (compatible; MJ12bot/v1.4.5; http://www.majestic12.co.uk/bot.php?+)"
46.165.197.142 - - [22/Jul/2014:03:10:12 -0700] "GET /cn/tag/%E8%81%8C%E4%B8%9A%E7%94%9F%E6%B6%AF/ HTTP/1.0" 404 31272 "-" "Mozilla/5.0 (compatible; MJ12bot/v1.4.5; http://www.majestic12.co.uk/bot.php?+)"
108.196.206.231 - - [22/Jul/2014:03:10:15 -0700] "POST /wp-admin/admin-ajax.php HTTP/1.1" 200 47 "http://www.introamerica.com/wp-admin/edit.php?post_type=page&paged=2" "Mozilla/5.0 (Windows NT 6.1; WOW64) AppleWebKit/537.36 (KHTML, like Gecko) Chrome/36.0.1985.125 Safari/537.36"
46.165.197.142 - - [22/Jul/2014:03:10:17 -0700] "GET /cn/tag/%E8%8A%9D%E5%8A%A0%E5%93%A5/feed/ HTTP/1.0" 404 896 "-" "Mozilla/5.0 (compatible; MJ12bot/v1.4.5; http://www.majestic12.co.uk/bot.php?+)"
218.30.103.57 - - [22/Jul/2014:03:10:17 -0700] "GET /events/2013-11-12/ HTTP/1.1" 200 53849 "-" "Sogou web spider/4.0(+http://www.sogou.com/docs/help/webmasters.htm#07)"
46.165.197.142 - - [22/Jul/2014:03:10:19 -0700] "GET /cn/tag/%E8%90%A5%E5%85%BB/feed/ HTTP/1.0" 404 887 "-" "Mozilla/5.0 (compatible; MJ12bot/v1.4.5; http://www.majestic12.co.uk/bot.php?+)"
46.165.197.142 - - [22/Jul/2014:03:10:21 -0700] "GET /cn/tag/%E8%AF%BE%E7%A8%8B/ HTTP/1.0" 404 31272 "-" "Mozilla/5.0 (compatible; MJ12bot/v1.4.5; http://www.majestic12.co.uk/bot.php?+)"
108.196.206.231 - - [22/Jul/2014:03:10:21 -0700] "GET /wp-admin/post.php?post=11209&action=edit HTTP/1.1" 200 165185 "http://www.introamerica.com/wp-admin/edit.php?post_type=page&paged=2" "Mozilla/5.0 (Windows NT 6.1; WOW64) AppleWebKit/537.36 (KHTML, like Gecko) Chrome/36.0.1985.125 Safari/537.36"
46.165.197.142 - - [22/Jul/2014:03:10:24 -0700] "GET /cn/tag/%E8%B5%84%E6%BA%90/ HTTP/1.0" 404 31272 "-" "Mozilla/5.0 (compatible; MJ12bot/v1.4.5; http://www.majestic12.co.uk/bot.php?+)"
108.196.206.231 - - [22/Jul/2014:03:10:25 -0700] "GET /favicon.ico HTTP/1.1" 200 - "-" "Mozilla/5.0 (Windows NT 6.1; WOW64) AppleWebKit/537.36 (KHTML, like Gecko) Chrome/36.0.1985.125 Safari/537.36"
66.249.79.120 - - [22/Jul/2014:03:10:25 -0700] "GET /blog/tag/institute-for-global-student-success/ HTTP/1.1" 200 49235 "-" "Mozilla/5.0 (compatible; Googlebot/2.1; +http://www.google.com/bot.html)"
46.165.197.142 - - [22/Jul/2014:03:10:28 -0700] "GET /cn/tag/%E8%B5%84%E6%BA%90%E5%BA%93/ HTTP/1.0" 404 31272 "-" "Mozilla/5.0 (compatible; MJ12bot/v1.4.5; http://www.majestic12.co.uk/bot.php?+)"
46.165.197.142 - - [22/Jul/2014:03:10:30 -0700] "GET /cn/tag/%E8%B5%84%E6%BA%90%E5%BA%93/feed/ HTTP/1.0" 404 896 "-" "Mozilla/5.0 (compatible; MJ12bot/v1.4.5; http://www.majestic12.co.uk/bot.php?+)"
218.30.103.57 - - [22/Jul/2014:03:10:38 -0700] "GET /event/houston-cat-show/ HTTP/1.1" 200 52395 "-" "Sogou web spider/4.0(+http://www.sogou.com/docs/help/webmasters.htm#07)"
108.196.206.231 - - [22/Jul/2014:03:10:39 -0700] "POST /wp-admin/admin-ajax.php HTTP/1.1" 200 99 "http://www.introamerica.com/wp-admin/post.php?post=11209&action=edit" "Mozilla/5.0 (Windows NT 6.1; WOW64) AppleWebKit/537.36 (KHTML, like Gecko) Chrome/36.0.1985.125 Safari/537.36"
46.165.197.142 - - [22/Jul/2014:03:10:53 -0700] "GET /cn/tag/%E8%B5%84%E6%BA%90/feed/ HTTP/1.0" 404 887 "-" "Mozilla/5.0 (compatible; MJ12bot/v1.4.5; http://www.majestic12.co.uk/bot.php?+)"
108.196.206.231 - - [22/Jul/2014:03:10:54 -0700] "POST /wp-admin/admin-ajax.php HTTP/1.1" 200 99 "http://www.introamerica.com/wp-admin/post.php?post=11209&action=edit" "Mozilla/5.0 (Windows NT 6.1; WOW64) AppleWebKit/537.36 (KHTML, like Gecko) Chrome/36.0.1985.125 Safari/537.36"
