108.196.206.231 - - [22/Jul/2014:02:29:48 -0700] "GET /wp-includes/js/quicktags.min.js?ver=3.9.1 HTTP/1.1" 304 - "http://www.introamerica.com/wp-admin/" "Mozilla/5.0 (Windows NT 6.1; WOW64) AppleWebKit/537.36 (KHTML, like Gecko) Chrome/36.0.1985.125 Safari/537.36"
108.196.206.231 - - [22/Jul/2014:02:29:48 -0700] "GET /wp-includes/js/jquery/jquery.color.min.js?ver=2.1.1 HTTP/1.1" 304 - "http://www.introamerica.com/wp-admin/" "Mozilla/5.0 (Windows NT 6.1; WOW64) AppleWebKit/537.36 (KHTML, like Gecko) Chrome/36.0.1985.125 Safari/537.36"
108.196.206.231 - - [22/Jul/2014:02:29:49 -0700] "GET /wp-includes/js/jquery/jquery.query.js?ver=2.1.7 HTTP/1.1" 304 - "http://www.introamerica.com/wp-admin/" "Mozilla/5.0 (Windows NT 6.1; WOW64) AppleWebKit/537.36 (KHTML, like Gecko) Chrome/36.0.1985.125 Safari/537.36"
108.196.206.231 - - [22/Jul/2014:02:29:49 -0700] "GET /wp-admin/js/edit-comments.min.js?ver=3.9.1 HTTP/1.1" 304 - "http://www.introamerica.com/wp-admin/" "Mozilla/5.0 (Windows NT 6.1; WOW64) AppleWebKit/537.36 (KHTML, like Gecko) Chrome/36.0.1985.125 Safari/537.36"
108.196.206.231 - - [22/Jul/2014:02:29:49 -0700] "GET /wp-includes/js/jquery/ui/jquery.ui.core.min.js?ver=1.10.4 HTTP/1.1" 304 - "http://www.introamerica.com/wp-admin/" "Mozilla/5.0 (Windows NT 6.1; WOW64) AppleWebKit/537.36 (KHTML, like Gecko) Chrome/36.0.1985.125 Safari/537.36"
108.196.206.231 - - [22/Jul/2014:02:29:49 -0700] "GET /wp-includes/js/jquery/ui/jquery.ui.widget.min.js?ver=1.10.4 HTTP/1.1" 304 - "http://www.introamerica.com/wp-admin/" "Mozilla/5.0 (Windows NT 6.1; WOW64) AppleWebKit/537.36 (KHTML, like Gecko) Chrome/36.0.1985.125 Safari/537.36"
108.196.206.231 - - [22/Jul/2014:02:29:49 -0700] "GET /wp-includes/js/jquery/ui/jquery.ui.mouse.min.js?ver=1.10.4 HTTP/1.1" 304 - "http://www.introamerica.com/wp-admin/" "Mozilla/5.0 (Windows NT 6.1; WOW64) AppleWebKit/537.36 (KHTML, like Gecko) Chrome/36.0.1985.125 Safari/537.36"
108.196.206.231 - - [22/Jul/2014:02:29:49 -0700] "GET /wp-includes/js/jquery/ui/jquery.ui.sortable.min.js?ver=1.10.4 HTTP/1.1" 304 - "http://www.introamerica.com/wp-admin/" "Mozilla/5.0 (Windows NT 6.1; WOW64) AppleWebKit/537.36 (KHTML, like Gecko) Chrome/36.0.1985.125 Safari/537.36"
108.196.206.231 - - [22/Jul/2014:02:29:49 -0700] "GET /wp-admin/js/postbox.min.js?ver=3.9.1 HTTP/1.1" 304 - "http://www.introamerica.com/wp-admin/" "Mozilla/5.0 (Windows NT 6.1; WOW64) AppleWebKit/537.36 (KHTML, like Gecko) Chrome/36.0.1985.125 Safari/537.36"
108.196.206.231 - - [22/Jul/2014:02:29:49 -0700] "GET /wp-admin/js/dashboard.min.js?ver=3.9.1 HTTP/1.1" 304 - "http://www.introamerica.com/wp-admin/" "Mozilla/5.0 (Windows NT 6.1; WOW64) AppleWebKit/537.36 (KHTML, like Gecko) Chrome/36.0.1985.125 Safari/537.36"
108.196.206.231 - - [22/Jul/2014:02:29:49 -0700] "GET /wp-includes/js/customize-base.min.js?ver=3.9.1 HTTP/1.1" 304 - "http://www.introamerica.com/wp-admin/" "Mozilla/5.0 (Windows NT 6.1; WOW64) AppleWebKit/537.36 (KHTML, like Gecko) Chrome/36.0.1985.125 Safari/537.36"
108.196.206.231 - - [22/Jul/2014:02:29:49 -0700] "GET /wp-includes/js/customize-loader.min.js?ver=3.9.1 HTTP/1.1" 304 - "http://www.introamerica.com/wp-admin/" "Mozilla/5.0 (Windows NT 6.1; WOW64) AppleWebKit/537.36 (KHTML, like Gecko) Chrome/36.0.1985.125 Safari/537.36"
108.196.206.231 - - [22/Jul/2014:02:29:49 -0700] "GET /wp-includes/js/thickbox/thickbox.js?ver=3.1-20121105 HTTP/1.1" 304 - "http://www.introamerica.com/wp-admin/" "Mozilla/5.0 (Windows NT 6.1; WOW64) AppleWebKit/537.36 (KHTML, like Gecko) Chrome/36.0.1985.125 Safari/537.36"
108.196.206.231 - - [22/Jul/2014:02:29:49 -0700] "GET /wp-includes/js/underscore.min.js?ver=1.6.0 HTTP/1.1" 304 - "http://www.introamerica.com/wp-admin/" "Mozilla/5.0 (Windows NT 6.1; WOW64) AppleWebKit/537.36 (KHTML, like Gecko) Chrome/36.0.1985.125 Safari/537.36"
108.196.206.231 - - [22/Jul/2014:02:29:49 -0700] "GET /wp-includes/js/shortcode.min.js?ver=3.9.1 HTTP/1.1" 304 - "http://www.introamerica.com/wp-admin/" "Mozilla/5.0 (Windows NT 6.1; WOW64) AppleWebKit/537.36 (KHTML, like Gecko) Chrome/36.0.1985.125 Safari/537.36"
108.196.206.231 - - [22/Jul/2014:02:29:49 -0700] "GET /wp-admin/js/media-upload.min.js?ver=3.9.1 HTTP/1.1" 304 - "http://www.introamerica.com/wp-admin/" "Mozilla/5.0 (Windows NT 6.1; WOW64) AppleWebKit/537.36 (KHTML, like Gecko) Chrome/36.0.1985.125 Safari/537.36"
108.196.206.231 - - [22/Jul/2014:02:29:49 -0700] "GET /wp-admin/js/svg-painter.js?ver=3.9.1 HTTP/1.1" 304 - "http://www.introamerica.com/wp-admin/" "Mozilla/5.0 (Windows NT 6.1; WOW64) AppleWebKit/537.36 (KHTML, like Gecko) Chrome/36.0.1985.125 Safari/537.36"
108.196.206.231 - - [22/Jul/2014:02:29:49 -0700] "GET /wp-includes/js/heartbeat.min.js?ver=3.9.1 HTTP/1.1" 304 - "http://www.introamerica.com/wp-admin/" "Mozilla/5.0 (Windows NT 6.1; WOW64) AppleWebKit/537.36 (KHTML, like Gecko) Chrome/36.0.1985.125 Safari/537.36"
108.196.206.231 - - [22/Jul/2014:02:29:49 -0700] "GET /wp-includes/js/wp-auth-check.min.js?ver=3.9.1 HTTP/1.1" 304 - "http://www.introamerica.com/wp-admin/" "Mozilla/5.0 (Windows NT 6.1; WOW64) AppleWebKit/537.36 (KHTML, like Gecko) Chrome/36.0.1985.125 Safari/537.36"
108.196.206.231 - - [22/Jul/2014:02:29:49 -0700] "GET /wp-includes/js/jquery/suggest.min.js?ver=1.1-20110113 HTTP/1.1" 304 - "http://www.introamerica.com/wp-admin/" "Mozilla/5.0 (Windows NT 6.1; WOW64) AppleWebKit/537.36 (KHTML, like Gecko) Chrome/36.0.1985.125 Safari/537.36"
108.196.206.231 - - [22/Jul/2014:02:29:49 -0700] "GET /wp-admin/js/word-count.min.js?ver=3.9.1 HTTP/1.1" 304 - "http://www.introamerica.com/wp-admin/" "Mozilla/5.0 (Windows NT 6.1; WOW64) AppleWebKit/537.36 (KHTML, like Gecko) Chrome/36.0.1985.125 Safari/537.36"
108.196.206.231 - - [22/Jul/2014:02:29:49 -0700] "GET /wp-includes/js/wplink.min.js?ver=3.9.1 HTTP/1.1" 304 - "http://www.introamerica.com/wp-admin/" "Mozilla/5.0 (Windows NT 6.1; WOW64) AppleWebKit/537.36 (KHTML, like Gecko) Chrome/36.0.1985.125 Safari/537.36"
108.196.206.231 - - [22/Jul/2014:02:29:49 -0700] "GET /wp-content/plugins/wowslider/data/icon0.gif HTTP/1.1" 304 - "http://www.introamerica.com/wp-admin/" "Mozilla/5.0 (Windows NT 6.1; WOW64) AppleWebKit/537.36 (KHTML, like Gecko) Chrome/36.0.1985.125 Safari/537.36"
108.196.206.231 - - [22/Jul/2014:02:29:49 -0700] "GET /wp-content/plugins/wowslider/data/icons.png HTTP/1.1" 304 - "http://www.introamerica.com/wp-admin/" "Mozilla/5.0 (Windows NT 6.1; WOW64) AppleWebKit/537.36 (KHTML, like Gecko) Chrome/36.0.1985.125 Safari/537.36"
108.196.206.231 - - [22/Jul/2014:02:29:49 -0700] "GET /wp-content/plugins/wysija-newsletters/img/mail.png HTTP/1.1" 304 - "http://www.introamerica.com/wp-admin/" "Mozilla/5.0 (Windows NT 6.1; WOW64) AppleWebKit/537.36 (KHTML, like Gecko) Chrome/36.0.1985.125 Safari/537.36"
108.196.206.231 - - [22/Jul/2014:02:29:50 -0700] "GET /wp-includes/js/thickbox/loadingAnimation.gif HTTP/1.1" 304 - "http://www.introamerica.com/wp-admin/" "Mozilla/5.0 (Windows NT 6.1; WOW64) AppleWebKit/537.36 (KHTML, like Gecko) Chrome/36.0.1985.125 Safari/537.36"
108.196.206.231 - - [22/Jul/2014:02:29:50 -0700] "GET /favicon.ico HTTP/1.1" 200 - "-" "Mozilla/5.0 (Windows NT 6.1; WOW64) AppleWebKit/537.36 (KHTML, like Gecko) Chrome/36.0.1985.125 Safari/537.36"
108.196.206.231 - - [22/Jul/2014:02:29:50 -0700] "GET /wp-admin/admin-ajax.php?action=dashboard-widgets&widget=dashboard_primary&pagenow=dashboard HTTP/1.1" 200 2158 "http://www.introamerica.com/wp-admin/" "Mozilla/5.0 (Windows NT 6.1; WOW64) AppleWebKit/537.36 (KHTML, like Gecko) Chrome/36.0.1985.125 Safari/537.36"
108.196.206.231 - - [22/Jul/2014:02:29:54 -0700] "GET /wp-admin/my-sites.php HTTP/1.1" 200 35626 "http://www.introamerica.com/wp-admin/" "Mozilla/5.0 (Windows NT 6.1; WOW64) AppleWebKit/537.36 (KHTML, like Gecko) Chrome/36.0.1985.125 Safari/537.36"
108.196.206.231 - - [22/Jul/2014:02:29:56 -0700] "GET /favicon.ico HTTP/1.1" 200 - "-" "Mozilla/5.0 (Windows NT 6.1; WOW64) AppleWebKit/537.36 (KHTML, like Gecko) Chrome/36.0.1985.125 Safari/537.36"
66.249.79.94 - - [22/Jul/2014:02:29:58 -0700] "GET /events/2593-06-28/ HTTP/1.1" 404 47160 "-" "Mozilla/5.0 (compatible; Googlebot/2.1; +http://www.google.com/bot.html)"
66.249.79.94 - - [22/Jul/2014:02:29:59 -0700] "GET /event/eeyores-birthday-party/ HTTP/1.1" 200 52618 "-" "Mozilla/5.0 (compatible; Googlebot/2.1; +http://www.google.com/bot.html)"
78.40.124.42 - - [22/Jul/2014:02:29:51 -0700] "POST /wp-content/uploads/avatars/46/cache/footer.php HTTP/1.1" 200 4866 "-" "Mozilla/5.0 (Windows; U; Windows NT 5.1; zh-CN; rv:1.7.6)"
77.222.61.141 - - [22/Jul/2014:02:29:39 -0700] "POST /wp-content/uploads/avatars/46/cache/footer.php HTTP/1.1" 200 4806 "-" "Mozilla/5.0 (Windows; U; Windows NT 5.1; zh-CN; rv:1.7.6)"
103.6.196.225 - - [22/Jul/2014:02:29:52 -0700] "POST /wp-content/uploads/avatars/46/cache/footer.php HTTP/1.1" 200 4934 "-" "Mozilla/5.0 (Windows; U; Windows NT 5.1; zh-CN; rv:1.7.6)"
64.151.228.150 - - [22/Jul/2014:02:30:02 -0700] "POST /cn/wp-cron.php?doing_wp_cron=1406021402.8932731151580810546875 HTTP/1.0" 200 - "-" "WordPress/3.9.1; http://www.introamerica.com/cn"
108.196.206.231 - - [22/Jul/2014:02:30:02 -0700] "GET /cn/wp-admin/ HTTP/1.1" 200 77606 "http://www.introamerica.com/wp-admin/my-sites.php" "Mozilla/5.0 (Windows NT 6.1; WOW64) AppleWebKit/537.36 (KHTML, like Gecko) Chrome/36.0.1985.125 Safari/537.36"
108.196.206.231 - - [22/Jul/2014:02:30:05 -0700] "GET /favicon.ico HTTP/1.1" 200 - "-" "Mozilla/5.0 (Windows NT 6.1; WOW64) AppleWebKit/537.36 (KHTML, like Gecko) Chrome/36.0.1985.125 Safari/537.36"
78.40.124.42 - - [22/Jul/2014:02:30:06 -0700] "POST /wp-content/uploads/avatars/46/cache/footer.php HTTP/1.1" 200 4814 "-" "Mozilla/5.0 (Windows; U; Windows NT 5.1; zh-CN; rv:1.7.6)"
108.196.206.231 - - [22/Jul/2014:02:30:10 -0700] "GET /cn/wp-admin/users.php HTTP/1.1" 200 67538 "http://www.introamerica.com/cn/wp-admin/" "Mozilla/5.0 (Windows NT 6.1; WOW64) AppleWebKit/537.36 (KHTML, like Gecko) Chrome/36.0.1985.125 Safari/537.36"
108.196.206.231 - - [22/Jul/2014:02:30:13 -0700] "GET /favicon.ico HTTP/1.1" 200 - "-" "Mozilla/5.0 (Windows NT 6.1; WOW64) AppleWebKit/537.36 (KHTML, like Gecko) Chrome/36.0.1985.125 Safari/537.36"
103.6.196.225 - - [22/Jul/2014:02:30:06 -0700] "POST /wp-content/uploads/avatars/46/cache/footer.php HTTP/1.1" 200 4890 "-" "Mozilla/5.0 (Windows; U; Windows NT 5.1; zh-CN; rv:1.7.6)"
108.196.206.231 - - [22/Jul/2014:02:30:18 -0700] "GET /cn/wp-admin/users.php?paged=2 HTTP/1.1" 200 67618 "http://www.introamerica.com/cn/wp-admin/users.php" "Mozilla/5.0 (Windows NT 6.1; WOW64) AppleWebKit/537.36 (KHTML, like Gecko) Chrome/36.0.1985.125 Safari/537.36"
78.40.124.42 - - [22/Jul/2014:02:30:16 -0700] "POST /wp-content/uploads/avatars/46/cache/footer.php HTTP/1.1" 200 4802 "-" "Mozilla/5.0 (Windows; U; Windows NT 5.1; zh-CN; rv:1.7.6)"
108.196.206.231 - - [22/Jul/2014:02:30:20 -0700] "GET /favicon.ico HTTP/1.1" 200 - "-" "Mozilla/5.0 (Windows NT 6.1; WOW64) AppleWebKit/537.36 (KHTML, like Gecko) Chrome/36.0.1985.125 Safari/537.36"
108.196.206.231 - - [22/Jul/2014:02:30:26 -0700] "GET /cn/wp-admin/users.php?paged=3 HTTP/1.1" 200 67511 "http://www.introamerica.com/cn/wp-admin/users.php?paged=2" "Mozilla/5.0 (Windows NT 6.1; WOW64) AppleWebKit/537.36 (KHTML, like Gecko) Chrome/36.0.1985.125 Safari/537.36"
108.196.206.231 - - [22/Jul/2014:02:30:29 -0700] "GET /favicon.ico HTTP/1.1" 200 - "-" "Mozilla/5.0 (Windows NT 6.1; WOW64) AppleWebKit/537.36 (KHTML, like Gecko) Chrome/36.0.1985.125 Safari/537.36"
78.40.124.42 - - [22/Jul/2014:02:30:25 -0700] "POST /wp-content/uploads/avatars/46/cache/footer.php HTTP/1.1" 200 4794 "-" "Mozilla/5.0 (Windows; U; Windows NT 5.1; zh-CN; rv:1.7.6)"
103.6.196.225 - - [22/Jul/2014:02:30:22 -0700] "POST /wp-content/uploads/avatars/46/cache/footer.php HTTP/1.1" 200 4914 "-" "Mozilla/5.0 (Windows; U; Windows NT 5.1; zh-CN; rv:1.7.6)"
91.236.75.97 - - [22/Jul/2014:02:30:32 -0700] "GET /forums/topic/science-fiction-in-china-a-conversation-with-fei-dao/ HTTP/1.0" 404 29727 "http://www.introamerica.com/forums/topic/science-fiction-in-china-a-conversation-with-fei-dao/#post-8260" "Opera/9.80 (Windows NT 6.1; WOW64) Presto/2.12.388 Version/12.16"
220.181.108.143 - - [22/Jul/2014:02:30:33 -0700] "GET /event/boston-calling-music-festival/ HTTP/1.1" 200 53267 "-" "Mozilla/5.0 (compatible; Baiduspider/2.0; +http://www.baidu.com/search/spider.html)"
91.236.75.97 - - [22/Jul/2014:02:30:34 -0700] "GET / HTTP/1.0" 200 95374 "http://www.introamerica.com/" "Opera/9.80 (Windows NT 6.1; WOW64) Presto/2.12.388 Version/12.16"
78.40.124.42 - - [22/Jul/2014:02:30:37 -0700] "POST /wp-content/uploads/avatars/46/cache/footer.php HTTP/1.1" 200 4802 "-" "Mozilla/5.0 (Windows; U; Windows NT 5.1; zh-CN; rv:1.7.6)"
78.40.124.42 - - [22/Jul/2014:02:30:46 -0700] "POST /wp-content/uploads/avatars/46/cache/footer.php HTTP/1.1" 200 4850 "-" "Mozilla/5.0 (Windows; U; Windows NT 5.1; zh-CN; rv:1.7.6)"
50.16.129.154 - - [22/Jul/2014:02:31:06 -0700] "GET / HTTP/1.0" 302 - "-" "Mozilla/5.0 (compatible; Alexabot/1.0; +http://www.alexa.com/help/certifyscan; certifyscan@alexa.com)'"
50.16.129.154 - - [22/Jul/2014:02:31:06 -0700] "GET / HTTP/1.0" 200 14544 "-" "Mozilla/5.0 (compatible; Alexabot/1.0; +http://www.alexa.com/help/certifyscan; certifyscan@alexa.com)'"
108.196.206.231 - - [22/Jul/2014:02:31:09 -0700] "GET /cn/wp-admin/edit.php HTTP/1.1" 200 126805 "http://www.introamerica.com/cn/wp-admin/users.php?paged=3" "Mozilla/5.0 (Windows NT 6.1; WOW64) AppleWebKit/537.36 (KHTML, like Gecko) Chrome/36.0.1985.125 Safari/537.36"
108.196.206.231 - - [22/Jul/2014:02:31:12 -0700] "GET /favicon.ico HTTP/1.1" 200 - "-" "Mozilla/5.0 (Windows NT 6.1; WOW64) AppleWebKit/537.36 (KHTML, like Gecko) Chrome/36.0.1985.125 Safari/537.36"
108.196.206.231 - - [22/Jul/2014:02:31:17 -0700] "GET /cn/wp-admin/images/spinner.gif HTTP/1.1" 200 4203 "http://www.introamerica.com/cn/wp-admin/edit.php" "Mozilla/5.0 (Windows NT 6.1; WOW64) AppleWebKit/537.36 (KHTML, like Gecko) Chrome/36.0.1985.125 Safari/537.36"
157.55.39.113 - - [22/Jul/2014:02:31:21 -0700] "GET /event/weekday-kayak-boat-rides-texas/ HTTP/1.1" 200 54051 "-" "Mozilla/5.0 (compatible; bingbot/2.0; +http://www.bing.com/bingbot.htm)"
108.196.206.231 - - [22/Jul/2014:02:31:27 -0700] "POST /cn/wp-admin/admin-ajax.php HTTP/1.1" 200 47 "http://www.introamerica.com/cn/wp-admin/edit.php" "Mozilla/5.0 (Windows NT 6.1; WOW64) AppleWebKit/537.36 (KHTML, like Gecko) Chrome/36.0.1985.125 Safari/537.36"
108.196.206.231 - - [22/Jul/2014:02:31:34 -0700] "GET /cn/wp-login.php?action=logout&_wpnonce=68691c252d&redirect_to=http%3A%2F%2Fwww.introamerica.com%2Fcn%2Fwp-admin%2Fedit.php%3Floggedout%3Dtrue HTTP/1.1" 302 - "http://www.introamerica.com/cn/wp-admin/edit.php" "Mozilla/5.0 (Windows NT 6.1; WOW64) AppleWebKit/537.36 (KHTML, like Gecko) Chrome/36.0.1985.125 Safari/537.36"
54.254.118.29 - - [22/Jul/2014:02:31:34 -0700] "GET / HTTP/1.0" 200 14610 "-" "Mozilla/5.0 (compatible; Alexabot/1.0; +http://www.alexa.com/help/certifyscan; certifyscan@alexa.com)'"
108.196.206.231 - - [22/Jul/2014:02:31:35 -0700] "GET /cn/wp-admin/edit.php?loggedout=true HTTP/1.1" 302 - "http://www.introamerica.com/cn/wp-admin/edit.php" "Mozilla/5.0 (Windows NT 6.1; WOW64) AppleWebKit/537.36 (KHTML, like Gecko) Chrome/36.0.1985.125 Safari/537.36"
108.196.206.231 - - [22/Jul/2014:02:31:36 -0700] "GET /cn/wp-login.php?redirect_to=http%3A%2F%2Fwww.introamerica.com%2Fcn%2Fwp-admin%2Fedit.php%3Floggedout%3Dtrue&reauth=1 HTTP/1.1" 200 4805 "http://www.introamerica.com/cn/wp-admin/edit.php" "Mozilla/5.0 (Windows NT 6.1; WOW64) AppleWebKit/537.36 (KHTML, like Gecko) Chrome/36.0.1985.125 Safari/537.36"
108.196.206.231 - - [22/Jul/2014:02:31:37 -0700] "GET /favicon.ico HTTP/1.1" 200 - "-" "Mozilla/5.0 (Windows NT 6.1; WOW64) AppleWebKit/537.36 (KHTML, like Gecko) Chrome/36.0.1985.125 Safari/537.36"
54.228.175.121 - - [22/Jul/2014:02:31:39 -0700] "GET / HTTP/1.0" 302 - "-" "Mozilla/5.0 (compatible; Alexabot/1.0; +http://www.alexa.com/help/certifyscan; certifyscan@alexa.com)'"
54.228.175.121 - - [22/Jul/2014:02:31:40 -0700] "GET / HTTP/1.0" 200 14544 "-" "Mozilla/5.0 (compatible; Alexabot/1.0; +http://www.alexa.com/help/certifyscan; certifyscan@alexa.com)'"
108.196.206.231 - - [22/Jul/2014:02:31:53 -0700] "POST /cn/wp-login.php HTTP/1.1" 302 - "http://www.introamerica.com/cn/wp-login.php?redirect_to=http%3A%2F%2Fwww.introamerica.com%2Fcn%2Fwp-admin%2Fedit.php%3Floggedout%3Dtrue&reauth=1" "Mozilla/5.0 (Windows NT 6.1; WOW64) AppleWebKit/537.36 (KHTML, like Gecko) Chrome/36.0.1985.125 Safari/537.36"
108.196.206.231 - - [22/Jul/2014:02:31:54 -0700] "GET /cn/wp-admin/edit.php?loggedout=true HTTP/1.1" 200 129282 "http://www.introamerica.com/cn/wp-login.php?redirect_to=http%3A%2F%2Fwww.introamerica.com%2Fcn%2Fwp-admin%2Fedit.php%3Floggedout%3Dtrue&reauth=1" "Mozilla/5.0 (Windows NT 6.1; WOW64) AppleWebKit/537.36 (KHTML, like Gecko) Chrome/36.0.1985.125 Safari/537.36"
108.196.206.231 - - [22/Jul/2014:02:31:56 -0700] "GET /favicon.ico HTTP/1.1" 200 - "-" "Mozilla/5.0 (Windows NT 6.1; WOW64) AppleWebKit/537.36 (KHTML, like Gecko) Chrome/36.0.1985.125 Safari/537.36"
108.196.206.231 - - [22/Jul/2014:02:32:11 -0700] "POST /cn/wp-admin/admin-ajax.php HTTP/1.1" 200 47 "http://www.introamerica.com/cn/wp-admin/edit.php?loggedout=true" "Mozilla/5.0 (Windows NT 6.1; WOW64) AppleWebKit/537.36 (KHTML, like Gecko) Chrome/36.0.1985.125 Safari/537.36"
108.196.206.231 - - [22/Jul/2014:02:32:11 -0700] "GET /cn/wp-admin/users.php HTTP/1.1" 200 75379 "http://www.introamerica.com/cn/wp-admin/edit.php?loggedout=true" "Mozilla/5.0 (Windows NT 6.1; WOW64) AppleWebKit/537.36 (KHTML, like Gecko) Chrome/36.0.1985.125 Safari/537.36"
108.196.206.231 - - [22/Jul/2014:02:32:13 -0700] "GET /favicon.ico HTTP/1.1" 200 - "-" "Mozilla/5.0 (Windows NT 6.1; WOW64) AppleWebKit/537.36 (KHTML, like Gecko) Chrome/36.0.1985.125 Safari/537.36"
108.196.206.231 - - [22/Jul/2014:02:32:22 -0700] "GET /cn/wp-admin/users.php?s=mia&_wpnonce=5eba155608&_wp_http_referer=%2Fcn%2Fwp-admin%2Fusers.php&action=-1&new_role=&bbp-new-role=&paged=1&action2=-1 HTTP/1.1" 302 - "http://www.introamerica.com/cn/wp-admin/users.php" "Mozilla/5.0 (Windows NT 6.1; WOW64) AppleWebKit/537.36 (KHTML, like Gecko) Chrome/36.0.1985.125 Safari/537.36"
108.196.206.231 - - [22/Jul/2014:02:32:23 -0700] "GET /cn/wp-admin/users.php?s=mia&action=-1&new_role&bbp-new-role&paged=1&action2=-1 HTTP/1.1" 200 52220 "http://www.introamerica.com/cn/wp-admin/users.php" "Mozilla/5.0 (Windows NT 6.1; WOW64) AppleWebKit/537.36 (KHTML, like Gecko) Chrome/36.0.1985.125 Safari/537.36"
108.196.206.231 - - [22/Jul/2014:02:32:25 -0700] "GET /favicon.ico HTTP/1.1" 200 - "-" "Mozilla/5.0 (Windows NT 6.1; WOW64) AppleWebKit/537.36 (KHTML, like Gecko) Chrome/36.0.1985.125 Safari/537.36"
108.196.206.231 - - [22/Jul/2014:02:32:29 -0700] "GET /cn/wp-admin/user-edit.php?user_id=81&wp_http_referer=%2Fcn%2Fwp-admin%2Fusers.php%3Fs%3Dmia%26action%3D-1%26new_role%26bbp-new-role%26paged%3D1%26action2%3D-1 HTTP/1.1" 200 52872 "http://www.introamerica.com/cn/wp-admin/users.php?s=mia&action=-1&new_role&bbp-new-role&paged=1&action2=-1" "Mozilla/5.0 (Windows NT 6.1; WOW64) AppleWebKit/537.36 (KHTML, like Gecko) Chrome/36.0.1985.125 Safari/537.36"
108.196.206.231 - - [22/Jul/2014:02:32:32 -0700] "GET /favicon.ico HTTP/1.1" 200 - "-" "Mozilla/5.0 (Windows NT 6.1; WOW64) AppleWebKit/537.36 (KHTML, like Gecko) Chrome/36.0.1985.125 Safari/537.36"
108.196.206.231 - - [22/Jul/2014:02:32:44 -0700] "GET /wp-admin/ HTTP/1.1" 200 80349 "-" "Mozilla/5.0 (Windows NT 6.1; WOW64) AppleWebKit/537.36 (KHTML, like Gecko) Chrome/36.0.1985.125 Safari/537.36"
108.196.206.231 - - [22/Jul/2014:02:32:47 -0700] "GET /favicon.ico HTTP/1.1" 200 - "-" "Mozilla/5.0 (Windows NT 6.1; WOW64) AppleWebKit/537.36 (KHTML, like Gecko) Chrome/36.0.1985.125 Safari/537.36"
108.196.206.231 - - [22/Jul/2014:02:32:50 -0700] "GET /wp-admin/users.php HTTP/1.1" 200 73864 "http://www.introamerica.com/wp-admin/" "Mozilla/5.0 (Windows NT 6.1; WOW64) AppleWebKit/537.36 (KHTML, like Gecko) Chrome/36.0.1985.125 Safari/537.36"
108.196.206.231 - - [22/Jul/2014:02:32:52 -0700] "GET /favicon.ico HTTP/1.1" 200 - "-" "Mozilla/5.0 (Windows NT 6.1; WOW64) AppleWebKit/537.36 (KHTML, like Gecko) Chrome/36.0.1985.125 Safari/537.36"
108.196.206.231 - - [22/Jul/2014:02:33:00 -0700] "GET /wp-admin/users.php?s=mia&_wpnonce=5eba155608&_wp_http_referer=%2Fwp-admin%2Fusers.php&action=-1&new_role=&bbp-new-role=&paged=1&action2=-1 HTTP/1.1" 302 - "http://www.introamerica.com/wp-admin/users.php" "Mozilla/5.0 (Windows NT 6.1; WOW64) AppleWebKit/537.36 (KHTML, like Gecko) Chrome/36.0.1985.125 Safari/537.36"
108.196.206.231 - - [22/Jul/2014:02:33:01 -0700] "GET /wp-admin/users.php?s=mia&action=-1&new_role&bbp-new-role&paged=1&action2=-1 HTTP/1.1" 200 51308 "http://www.introamerica.com/wp-admin/users.php" "Mozilla/5.0 (Windows NT 6.1; WOW64) AppleWebKit/537.36 (KHTML, like Gecko) Chrome/36.0.1985.125 Safari/537.36"
108.196.206.231 - - [22/Jul/2014:02:33:04 -0700] "GET /favicon.ico HTTP/1.1" 200 - "-" "Mozilla/5.0 (Windows NT 6.1; WOW64) AppleWebKit/537.36 (KHTML, like Gecko) Chrome/36.0.1985.125 Safari/537.36"
108.196.206.231 - - [22/Jul/2014:02:33:07 -0700] "GET /wp-admin/user-edit.php?user_id=81&wp_http_referer=%2Fwp-admin%2Fusers.php%3Fs%3Dmia%26action%3D-1%26new_role%26bbp-new-role%26paged%3D1%26action2%3D-1 HTTP/1.1" 200 52203 "http://www.introamerica.com/wp-admin/users.php?s=mia&action=-1&new_role&bbp-new-role&paged=1&action2=-1" "Mozilla/5.0 (Windows NT 6.1; WOW64) AppleWebKit/537.36 (KHTML, like Gecko) Chrome/36.0.1985.125 Safari/537.36"
108.196.206.231 - - [22/Jul/2014:02:33:09 -0700] "GET /favicon.ico HTTP/1.1" 200 - "-" "Mozilla/5.0 (Windows NT 6.1; WOW64) AppleWebKit/537.36 (KHTML, like Gecko) Chrome/36.0.1985.125 Safari/537.36"
108.196.206.231 - - [22/Jul/2014:02:33:31 -0700] "POST /cn/wp-admin/admin-ajax.php HTTP/1.1" 200 47 "http://www.introamerica.com/cn/wp-admin/user-edit.php?user_id=81&wp_http_referer=%2Fcn%2Fwp-admin%2Fusers.php%3Fs%3Dmia%26action%3D-1%26new_role%26bbp-new-role%26paged%3D1%26action2%3D-1" "Mozilla/5.0 (Windows NT 6.1; WOW64) AppleWebKit/537.36 (KHTML, like Gecko) Chrome/36.0.1985.125 Safari/537.36"
108.196.206.231 - - [22/Jul/2014:02:33:39 -0700] "POST /wp-admin/user-edit.php HTTP/1.1" 302 - "http://www.introamerica.com/wp-admin/user-edit.php?user_id=81&wp_http_referer=%2Fwp-admin%2Fusers.php%3Fs%3Dmia%26action%3D-1%26new_role%26bbp-new-role%26paged%3D1%26action2%3D-1" "Mozilla/5.0 (Windows NT 6.1; WOW64) AppleWebKit/537.36 (KHTML, like Gecko) Chrome/36.0.1985.125 Safari/537.36"
108.196.206.231 - - [22/Jul/2014:02:33:41 -0700] "GET /wp-admin/user-edit.php?user_id=81&updated=1&wp_http_referer=%2Fwp-admin%2Fusers.php%3Fs%3Dmia%26action%3D-1%26new_role%26bbp-new-role%26paged%3D1%26action2%3D-1 HTTP/1.1" 200 52584 "http://www.introamerica.com/wp-admin/user-edit.php?user_id=81&wp_http_referer=%2Fwp-admin%2Fusers.php%3Fs%3Dmia%26action%3D-1%26new_role%26bbp-new-role%26paged%3D1%26action2%3D-1" "Mozilla/5.0 (Windows NT 6.1; WOW64) AppleWebKit/537.36 (KHTML, like Gecko) Chrome/36.0.1985.125 Safari/537.36"
108.196.206.231 - - [22/Jul/2014:02:33:43 -0700] "GET /favicon.ico HTTP/1.1" 200 - "-" "Mozilla/5.0 (Windows NT 6.1; WOW64) AppleWebKit/537.36 (KHTML, like Gecko) Chrome/36.0.1985.125 Safari/537.36"
157.55.39.211 - - [22/Jul/2014:02:33:51 -0700] "GET /blog/%e2%80%a8syracuse-university-featured-in-introamerica-college-life-video-contest/feed/ HTTP/1.1" 200 941 "-" "Mozilla/5.0 (compatible; bingbot/2.0; +http://www.bing.com/bingbot.htm)"
91.121.144.12 - - [22/Jul/2014:02:33:36 -0700] "POST /wp-content/uploads/avatars/46/cache/footer.php HTTP/1.1" 200 4750 "-" "Mozilla/5.0 (Windows; U; Windows NT 5.1; zh-CN; rv:1.7.6)"
66.249.79.94 - - [22/Jul/2014:02:34:00 -0700] "GET /star HTTP/1.1" 301 - "-" "Mozilla/5.0 (compatible; Googlebot/2.1; +http://www.google.com/bot.html)"
66.249.79.94 - - [22/Jul/2014:02:34:01 -0700] "GET /star/ HTTP/1.1" 200 32760 "-" "Mozilla/5.0 (compatible; Googlebot/2.1; +http://www.google.com/bot.html)"
157.55.39.172 - - [22/Jul/2014:02:34:09 -0700] "GET /blog/balmain-and-why-its-everywhere/ HTTP/1.1" 200 51326 "-" "Mozilla/5.0 (compatible; bingbot/2.0; +http://www.bing.com/bingbot.htm)"
123.125.71.24 - - [22/Jul/2014:02:34:16 -0700] "GET /?p=4186 HTTP/1.1" 301 - "-" "Mozilla/5.0 (compatible; Baiduspider/2.0; +http://www.baidu.com/search/spider.html)"
91.121.144.12 - - [22/Jul/2014:02:34:01 -0700] "POST /wp-content/uploads/avatars/46/cache/footer.php HTTP/1.1" 200 4838 "-" "Mozilla/5.0 (Windows; U; Windows NT 5.1; zh-CN; rv:1.7.6)"
108.196.206.231 - - [22/Jul/2014:02:34:31 -0700] "POST /cn/wp-admin/admin-ajax.php HTTP/1.1" 200 47 "http://www.introamerica.com/cn/wp-admin/user-edit.php?user_id=81&wp_http_referer=%2Fcn%2Fwp-admin%2Fusers.php%3Fs%3Dmia%26action%3D-1%26new_role%26bbp-new-role%26paged%3D1%26action2%3D-1" "Mozilla/5.0 (Windows NT 6.1; WOW64) AppleWebKit/537.36 (KHTML, like Gecko) Chrome/36.0.1985.125 Safari/537.36"
108.196.206.231 - - [22/Jul/2014:02:34:39 -0700] "POST /wp-admin/user-edit.php HTTP/1.1" 302 - "http://www.introamerica.com/wp-admin/user-edit.php?user_id=81&updated=1&wp_http_referer=%2Fwp-admin%2Fusers.php%3Fs%3Dmia%26action%3D-1%26new_role%26bbp-new-role%26paged%3D1%26action2%3D-1" "Mozilla/5.0 (Windows NT 6.1; WOW64) AppleWebKit/537.36 (KHTML, like Gecko) Chrome/36.0.1985.125 Safari/537.36"
108.196.206.231 - - [22/Jul/2014:02:34:41 -0700] "GET /wp-admin/user-edit.php?user_id=81&updated=1&wp_http_referer=%2Fwp-admin%2Fusers.php%3Fs%3Dmia%26action%3D-1%26new_role%26bbp-new-role%26paged%3D1%26action2%3D-1 HTTP/1.1" 200 52584 "http://www.introamerica.com/wp-admin/user-edit.php?user_id=81&updated=1&wp_http_referer=%2Fwp-admin%2Fusers.php%3Fs%3Dmia%26action%3D-1%26new_role%26bbp-new-role%26paged%3D1%26action2%3D-1" "Mozilla/5.0 (Windows NT 6.1; WOW64) AppleWebKit/537.36 (KHTML, like Gecko) Chrome/36.0.1985.125 Safari/537.36"
108.196.206.231 - - [22/Jul/2014:02:34:43 -0700] "GET /favicon.ico HTTP/1.1" 200 - "-" "Mozilla/5.0 (Windows NT 6.1; WOW64) AppleWebKit/537.36 (KHTML, like Gecko) Chrome/36.0.1985.125 Safari/537.36"
91.121.144.12 - - [22/Jul/2014:02:34:29 -0700] "POST /wp-content/uploads/avatars/46/cache/footer.php HTTP/1.1" 200 4718 "-" "Mozilla/5.0 (Windows; U; Windows NT 5.1; zh-CN; rv:1.7.6)"
91.121.144.12 - - [22/Jul/2014:02:34:48 -0700] "POST /wp-content/uploads/avatars/46/cache/footer.php HTTP/1.1" 200 4902 "-" "Mozilla/5.0 (Windows; U; Windows NT 5.1; zh-CN; rv:1.7.6)"
91.121.144.12 - - [22/Jul/2014:02:35:14 -0700] "POST /wp-content/uploads/avatars/46/cache/footer.php HTTP/1.1" 200 4770 "-" "Mozilla/5.0 (Windows; U; Windows NT 5.1; zh-CN; rv:1.7.6)"
91.121.144.12 - - [22/Jul/2014:02:35:24 -0700] "POST /wp-content/uploads/avatars/46/cache/footer.php HTTP/1.1" 200 4886 "-" "Mozilla/5.0 (Windows; U; Windows NT 5.1; zh-CN; rv:1.7.6)"
37.140.192.111 - - [22/Jul/2014:02:35:26 -0700] "POST /wp-content/uploads/avatars/46/cache/footer.php HTTP/1.1" 200 4870 "-" "Mozilla/5.0 (Windows; U; Windows NT 5.1; zh-CN; rv:1.7.6)"
108.196.206.231 - - [22/Jul/2014:02:35:31 -0700] "POST /cn/wp-admin/admin-ajax.php HTTP/1.1" 200 47 "http://www.introamerica.com/cn/wp-admin/user-edit.php?user_id=81&wp_http_referer=%2Fcn%2Fwp-admin%2Fusers.php%3Fs%3Dmia%26action%3D-1%26new_role%26bbp-new-role%26paged%3D1%26action2%3D-1" "Mozilla/5.0 (Windows NT 6.1; WOW64) AppleWebKit/537.36 (KHTML, like Gecko) Chrome/36.0.1985.125 Safari/537.36"
91.121.144.12 - - [22/Jul/2014:02:35:33 -0700] "POST /wp-content/uploads/avatars/46/cache/footer.php HTTP/1.1" 200 4894 "-" "Mozilla/5.0 (Windows; U; Windows NT 5.1; zh-CN; rv:1.7.6)"
37.140.192.111 - - [22/Jul/2014:02:35:35 -0700] "POST /wp-content/uploads/avatars/46/cache/footer.php HTTP/1.1" 200 4830 "-" "Mozilla/5.0 (Windows; U; Windows NT 5.1; zh-CN; rv:1.7.6)"
108.196.206.231 - - [22/Jul/2014:02:35:43 -0700] "POST /wp-admin/admin-ajax.php HTTP/1.1" 200 47 "http://www.introamerica.com/wp-admin/user-edit.php?user_id=81&updated=1&wp_http_referer=%2Fwp-admin%2Fusers.php%3Fs%3Dmia%26action%3D-1%26new_role%26bbp-new-role%26paged%3D1%26action2%3D-1" "Mozilla/5.0 (Windows NT 6.1; WOW64) AppleWebKit/537.36 (KHTML, like Gecko) Chrome/36.0.1985.125 Safari/537.36"
37.140.192.111 - - [22/Jul/2014:02:35:45 -0700] "POST /wp-content/uploads/avatars/46/cache/footer.php HTTP/1.1" 200 4970 "-" "Mozilla/5.0 (Windows; U; Windows NT 5.1; zh-CN; rv:1.7.6)"
91.121.144.12 - - [22/Jul/2014:02:35:43 -0700] "POST /wp-content/uploads/avatars/46/cache/footer.php HTTP/1.1" 200 4818 "-" "Mozilla/5.0 (Windows; U; Windows NT 5.1; zh-CN; rv:1.7.6)"
37.140.192.111 - - [22/Jul/2014:02:35:57 -0700] "POST /wp-content/uploads/avatars/46/cache/footer.php HTTP/1.1" 200 4978 "-" "Mozilla/5.0 (Windows; U; Windows NT 5.1; zh-CN; rv:1.7.6)"
91.121.144.12 - - [22/Jul/2014:02:35:59 -0700] "POST /wp-content/uploads/avatars/46/cache/footer.php HTTP/1.1" 200 4878 "-" "Mozilla/5.0 (Windows; U; Windows NT 5.1; zh-CN; rv:1.7.6)"
50.16.129.154 - - [22/Jul/2014:02:36:06 -0700] "GET / HTTP/1.0" 200 14614 "-" "Mozilla/5.0 (compatible; Alexabot/1.0; +http://www.alexa.com/help/certifyscan; certifyscan@alexa.com)'"
91.121.144.12 - - [22/Jul/2014:02:36:08 -0700] "POST /wp-content/uploads/avatars/46/cache/footer.php HTTP/1.1" 200 4974 "-" "Mozilla/5.0 (Windows; U; Windows NT 5.1; zh-CN; rv:1.7.6)"
108.196.206.231 - - [22/Jul/2014:02:36:22 -0700] "POST /cn/wp-admin/user-edit.php HTTP/1.1" 302 - "http://www.introamerica.com/cn/wp-admin/user-edit.php?user_id=81&wp_http_referer=%2Fcn%2Fwp-admin%2Fusers.php%3Fs%3Dmia%26action%3D-1%26new_role%26bbp-new-role%26paged%3D1%26action2%3D-1" "Mozilla/5.0 (Windows NT 6.1; WOW64) AppleWebKit/537.36 (KHTML, like Gecko) Chrome/36.0.1985.125 Safari/537.36"
108.196.206.231 - - [22/Jul/2014:02:36:23 -0700] "GET /cn/wp-admin/user-edit.php?user_id=81&updated=1&wp_http_referer=%2Fcn%2Fwp-admin%2Fusers.php%3Fs%3Dmia%26action%3D-1%26new_role%26bbp-new-role%26paged%3D1%26action2%3D-1 HTTP/1.1" 200 53272 "http://www.introamerica.com/cn/wp-admin/user-edit.php?user_id=81&wp_http_referer=%2Fcn%2Fwp-admin%2Fusers.php%3Fs%3Dmia%26action%3D-1%26new_role%26bbp-new-role%26paged%3D1%26action2%3D-1" "Mozilla/5.0 (Windows NT 6.1; WOW64) AppleWebKit/537.36 (KHTML, like Gecko) Chrome/36.0.1985.125 Safari/537.36"
108.196.206.231 - - [22/Jul/2014:02:36:25 -0700] "GET /favicon.ico HTTP/1.1" 200 - "-" "Mozilla/5.0 (Windows NT 6.1; WOW64) AppleWebKit/537.36 (KHTML, like Gecko) Chrome/36.0.1985.125 Safari/537.36"
91.121.144.12 - - [22/Jul/2014:02:36:19 -0700] "POST /wp-content/uploads/avatars/46/cache/footer.php HTTP/1.1" 200 4810 "-" "Mozilla/5.0 (Windows; U; Windows NT 5.1; zh-CN; rv:1.7.6)"
54.254.118.29 - - [22/Jul/2014:02:36:33 -0700] "GET / HTTP/1.0" 200 14610 "-" "Mozilla/5.0 (compatible; Alexabot/1.0; +http://www.alexa.com/help/certifyscan; certifyscan@alexa.com)'"
91.121.144.12 - - [22/Jul/2014:02:36:31 -0700] "POST /wp-content/uploads/avatars/46/cache/footer.php HTTP/1.1" 200 4778 "-" "Mozilla/5.0 (Windows; U; Windows NT 5.1; zh-CN; rv:1.7.6)"
108.196.206.231 - - [22/Jul/2014:02:36:36 -0700] "GET /cn/wp-admin/edit.php HTTP/1.1" 200 129023 "http://www.introamerica.com/cn/wp-admin/user-edit.php?user_id=81&updated=1&wp_http_referer=%2Fcn%2Fwp-admin%2Fusers.php%3Fs%3Dmia%26action%3D-1%26new_role%26bbp-new-role%26paged%3D1%26action2%3D-1" "Mozilla/5.0 (Windows NT 6.1; WOW64) AppleWebKit/537.36 (KHTML, like Gecko) Chrome/36.0.1985.125 Safari/537.36"
108.196.206.231 - - [22/Jul/2014:02:36:38 -0700] "GET /favicon.ico HTTP/1.1" 200 - "-" "Mozilla/5.0 (Windows NT 6.1; WOW64) AppleWebKit/537.36 (KHTML, like Gecko) Chrome/36.0.1985.125 Safari/537.36"
54.228.175.121 - - [22/Jul/2014:02:36:40 -0700] "GET / HTTP/1.0" 200 14836 "-" "Mozilla/5.0 (compatible; Alexabot/1.0; +http://www.alexa.com/help/certifyscan; certifyscan@alexa.com)'"
91.121.144.12 - - [22/Jul/2014:02:36:40 -0700] "POST /wp-content/uploads/avatars/46/cache/footer.php HTTP/1.1" 200 4770 "-" "Mozilla/5.0 (Windows; U; Windows NT 5.1; zh-CN; rv:1.7.6)"
108.196.206.231 - - [22/Jul/2014:02:36:51 -0700] "GET /cn/wp-login.php?action=logout&_wpnonce=a05a1e34e3&redirect_to=http%3A%2F%2Fwww.introamerica.com%2Fcn%2Fwp-admin%2Fedit.php%3Floggedout%3Dtrue HTTP/1.1" 302 - "http://www.introamerica.com/cn/wp-admin/edit.php" "Mozilla/5.0 (Windows NT 6.1; WOW64) AppleWebKit/537.36 (KHTML, like Gecko) Chrome/36.0.1985.125 Safari/537.36"
91.121.144.12 - - [22/Jul/2014:02:36:48 -0700] "POST /wp-content/uploads/avatars/46/cache/footer.php HTTP/1.1" 200 4822 "-" "Mozilla/5.0 (Windows; U; Windows NT 5.1; zh-CN; rv:1.7.6)"
108.196.206.231 - - [22/Jul/2014:02:36:52 -0700] "GET /cn/wp-admin/edit.php?loggedout=true HTTP/1.1" 302 - "http://www.introamerica.com/cn/wp-admin/edit.php" "Mozilla/5.0 (Windows NT 6.1; WOW64) AppleWebKit/537.36 (KHTML, like Gecko) Chrome/36.0.1985.125 Safari/537.36"
108.196.206.231 - - [22/Jul/2014:02:36:53 -0700] "POST /cn/wp-admin/admin-ajax.php HTTP/1.1" 200 48 "http://www.introamerica.com/cn/wp-admin/edit.php" "Mozilla/5.0 (Windows NT 6.1; WOW64) AppleWebKit/537.36 (KHTML, like Gecko) Chrome/36.0.1985.125 Safari/537.36"
108.196.206.231 - - [22/Jul/2014:02:36:53 -0700] "GET /cn/wp-login.php?redirect_to=http%3A%2F%2Fwww.introamerica.com%2Fcn%2Fwp-admin%2Fedit.php%3Floggedout%3Dtrue&reauth=1 HTTP/1.1" 200 4805 "http://www.introamerica.com/cn/wp-admin/edit.php" "Mozilla/5.0 (Windows NT 6.1; WOW64) AppleWebKit/537.36 (KHTML, like Gecko) Chrome/36.0.1985.125 Safari/537.36"
108.196.206.231 - - [22/Jul/2014:02:36:54 -0700] "GET /favicon.ico HTTP/1.1" 200 - "-" "Mozilla/5.0 (Windows NT 6.1; WOW64) AppleWebKit/537.36 (KHTML, like Gecko) Chrome/36.0.1985.125 Safari/537.36"
91.121.144.12 - - [22/Jul/2014:02:36:58 -0700] "POST /wp-content/uploads/avatars/46/cache/footer.php HTTP/1.1" 200 4826 "-" "Mozilla/5.0 (Windows; U; Windows NT 5.1; zh-CN; rv:1.7.6)"
91.121.144.12 - - [22/Jul/2014:02:37:07 -0700] "POST /wp-content/uploads/avatars/46/cache/footer.php HTTP/1.1" 200 4946 "-" "Mozilla/5.0 (Windows; U; Windows NT 5.1; zh-CN; rv:1.7.6)"
91.121.144.12 - - [22/Jul/2014:02:37:17 -0700] "POST /wp-content/uploads/avatars/46/cache/footer.php HTTP/1.1" 200 5046 "-" "Mozilla/5.0 (Windows; U; Windows NT 5.1; zh-CN; rv:1.7.6)"
91.121.144.12 - - [22/Jul/2014:02:37:27 -0700] "POST /wp-content/uploads/avatars/46/cache/footer.php HTTP/1.1" 200 5010 "-" "Mozilla/5.0 (Windows; U; Windows NT 5.1; zh-CN; rv:1.7.6)"
91.121.144.12 - - [22/Jul/2014:02:37:36 -0700] "POST /wp-content/uploads/avatars/46/cache/footer.php HTTP/1.1" 200 4918 "-" "Mozilla/5.0 (Windows; U; Windows NT 5.1; zh-CN; rv:1.7.6)"
108.196.206.231 - - [22/Jul/2014:02:37:44 -0700] "POST /wp-admin/admin-ajax.php HTTP/1.1" 200 48 "http://www.introamerica.com/wp-admin/user-edit.php?user_id=81&updated=1&wp_http_referer=%2Fwp-admin%2Fusers.php%3Fs%3Dmia%26action%3D-1%26new_role%26bbp-new-role%26paged%3D1%26action2%3D-1" "Mozilla/5.0 (Windows NT 6.1; WOW64) AppleWebKit/537.36 (KHTML, like Gecko) Chrome/36.0.1985.125 Safari/537.36"
108.196.206.231 - - [22/Jul/2014:02:37:44 -0700] "GET /wp-includes/images/wpspin-2x.gif HTTP/1.1" 200 9097 "http://www.introamerica.com/wp-admin/user-edit.php?user_id=81&updated=1&wp_http_referer=%2Fwp-admin%2Fusers.php%3Fs%3Dmia%26action%3D-1%26new_role%26bbp-new-role%26paged%3D1%26action2%3D-1" "Mozilla/5.0 (Windows NT 6.1; WOW64) AppleWebKit/537.36 (KHTML, like Gecko) Chrome/36.0.1985.125 Safari/537.36"
108.196.206.231 - - [22/Jul/2014:02:37:44 -0700] "GET /wp-login.php?interim-login=1 HTTP/1.1" 200 4682 "http://www.introamerica.com/wp-admin/user-edit.php?user_id=81&updated=1&wp_http_referer=%2Fwp-admin%2Fusers.php%3Fs%3Dmia%26action%3D-1%26new_role%26bbp-new-role%26paged%3D1%26action2%3D-1" "Mozilla/5.0 (Windows NT 6.1; WOW64) AppleWebKit/537.36 (KHTML, like Gecko) Chrome/36.0.1985.125 Safari/537.36"
108.196.206.231 - - [22/Jul/2014:02:37:46 -0700] "GET /favicon.ico HTTP/1.1" 200 - "-" "Mozilla/5.0 (Windows NT 6.1; WOW64) AppleWebKit/537.36 (KHTML, like Gecko) Chrome/36.0.1985.125 Safari/537.36"
54.89.157.166 - - [22/Jul/2014:02:37:57 -0700] "GET /feed/ HTTP/1.1" 200 22255 "-" "feedzirra http://github.com/pauldix/feedzirra/tree/master"
91.121.144.12 - - [22/Jul/2014:02:37:46 -0700] "POST /wp-content/uploads/avatars/46/cache/footer.php HTTP/1.1" 200 4954 "-" "Mozilla/5.0 (Windows; U; Windows NT 5.1; zh-CN; rv:1.7.6)"
66.249.79.94 - - [22/Jul/2014:02:38:03 -0700] "GET /blog/low-budget-spring-break-idea/ HTTP/1.1" 200 51736 "-" "Mozilla/5.0 (compatible; Googlebot/2.1; +http://www.google.com/bot.html)"
92.54.64.130 - - [22/Jul/2014:02:37:58 -0700] "POST /wp-content/uploads/avatars/46/cache/footer.php HTTP/1.1" 200 4954 "-" "Mozilla/5.0 (Windows; U; Windows NT 5.1; zh-CN; rv:1.7.6)"
66.249.79.94 - - [22/Jul/2014:02:38:05 -0700] "GET /blog/tag/health-insurance/feed/ HTTP/1.1" 200 4761 "-" "Mozilla/5.0 (compatible; Googlebot/2.1; +http://www.google.com/bot.html)"
91.121.144.12 - - [22/Jul/2014:02:38:07 -0700] "POST /wp-content/uploads/avatars/46/cache/footer.php HTTP/1.1" 200 4850 "-" "Mozilla/5.0 (Windows; U; Windows NT 5.1; zh-CN; rv:1.7.6)"
92.54.64.130 - - [22/Jul/2014:02:38:16 -0700] "POST /wp-content/uploads/avatars/46/cache/footer.php HTTP/1.1" 200 4978 "-" "Mozilla/5.0 (Windows; U; Windows NT 5.1; zh-CN; rv:1.7.6)"
91.121.144.12 - - [22/Jul/2014:02:38:15 -0700] "POST /wp-content/uploads/avatars/46/cache/footer.php HTTP/1.1" 200 4850 "-" "Mozilla/5.0 (Windows; U; Windows NT 5.1; zh-CN; rv:1.7.6)"
91.121.144.12 - - [22/Jul/2014:02:38:30 -0700] "POST /wp-content/uploads/avatars/46/cache/footer.php HTTP/1.1" 200 4806 "-" "Mozilla/5.0 (Windows; U; Windows NT 5.1; zh-CN; rv:1.7.6)"
92.54.64.130 - - [22/Jul/2014:02:38:33 -0700] "POST /wp-content/uploads/avatars/46/cache/footer.php HTTP/1.1" 200 5022 "-" "Mozilla/5.0 (Windows; U; Windows NT 5.1; zh-CN; rv:1.7.6)"
91.121.144.12 - - [22/Jul/2014:02:38:40 -0700] "POST /wp-content/uploads/avatars/46/cache/footer.php HTTP/1.1" 200 4742 "-" "Mozilla/5.0 (Windows; U; Windows NT 5.1; zh-CN; rv:1.7.6)"
92.54.64.130 - - [22/Jul/2014:02:38:49 -0700] "POST /wp-content/uploads/avatars/46/cache/footer.php HTTP/1.1" 200 5042 "-" "Mozilla/5.0 (Windows; U; Windows NT 5.1; zh-CN; rv:1.7.6)"
183.60.213.54 - - [22/Jul/2014:02:38:55 -0700] "GET /blog/tag/activities/page/2/ HTTP/1.1" 200 64122 "-" "Mozilla/5.0 (compatible; EasouSpider; +http://www.easou.com/search/spider.html)"
92.54.64.130 - - [22/Jul/2014:02:38:59 -0700] "POST /wp-content/uploads/avatars/46/cache/footer.php HTTP/1.1" 200 4942 "-" "Mozilla/5.0 (Windows; U; Windows NT 5.1; zh-CN; rv:1.7.6)"
91.121.144.12 - - [22/Jul/2014:02:38:50 -0700] "POST /wp-content/uploads/avatars/46/cache/footer.php HTTP/1.1" 200 4994 "-" "Mozilla/5.0 (Windows; U; Windows NT 5.1; zh-CN; rv:1.7.6)"
92.54.64.130 - - [22/Jul/2014:02:39:15 -0700] "POST /wp-content/uploads/avatars/46/cache/footer.php HTTP/1.1" 200 4862 "-" "Mozilla/5.0 (Windows; U; Windows NT 5.1; zh-CN; rv:1.7.6)"
92.54.64.130 - - [22/Jul/2014:02:39:25 -0700] "POST /wp-content/uploads/avatars/46/cache/footer.php HTTP/1.1" 200 4898 "-" "Mozilla/5.0 (Windows; U; Windows NT 5.1; zh-CN; rv:1.7.6)"
92.54.64.130 - - [22/Jul/2014:02:39:34 -0700] "POST /wp-content/uploads/avatars/46/cache/footer.php HTTP/1.1" 200 4978 "-" "Mozilla/5.0 (Windows; U; Windows NT 5.1; zh-CN; rv:1.7.6)"
108.196.206.231 - - [22/Jul/2014:02:39:44 -0700] "POST /wp-admin/admin-ajax.php HTTP/1.1" 200 48 "http://www.introamerica.com/wp-admin/user-edit.php?user_id=81&updated=1&wp_http_referer=%2Fwp-admin%2Fusers.php%3Fs%3Dmia%26action%3D-1%26new_role%26bbp-new-role%26paged%3D1%26action2%3D-1" "Mozilla/5.0 (Windows NT 6.1; WOW64) AppleWebKit/537.36 (KHTML, like Gecko) Chrome/36.0.1985.125 Safari/537.36"
92.54.64.130 - - [22/Jul/2014:02:39:45 -0700] "POST /wp-content/uploads/avatars/46/cache/footer.php HTTP/1.1" 200 5014 "-" "Mozilla/5.0 (Windows; U; Windows NT 5.1; zh-CN; rv:1.7.6)"
92.54.64.130 - - [22/Jul/2014:02:39:55 -0700] "POST /wp-content/uploads/avatars/46/cache/footer.php HTTP/1.1" 200 4758 "-" "Mozilla/5.0 (Windows; U; Windows NT 5.1; zh-CN; rv:1.7.6)"
157.55.39.194 - - [22/Jul/2014:02:40:06 -0700] "GET /tourism-and-culture/ HTTP/1.1" 200 33444 "-" "Mozilla/5.0 (compatible; bingbot/2.0; +http://www.bing.com/bingbot.htm)"
157.55.39.194 - - [22/Jul/2014:02:40:07 -0700] "GET /blog/super-bowl-48-one-of-the-biggest-events-in-america/ HTTP/1.1" 200 51837 "-" "Mozilla/5.0 (compatible; bingbot/2.0; +http://www.bing.com/bingbot.htm)"
92.54.64.130 - - [22/Jul/2014:02:40:07 -0700] "POST /wp-content/uploads/avatars/46/cache/footer.php HTTP/1.1" 200 4882 "-" "Mozilla/5.0 (Windows; U; Windows NT 5.1; zh-CN; rv:1.7.6)"
157.55.39.194 - - [22/Jul/2014:02:40:08 -0700] "GET /events/category/in-usa/month/ HTTP/1.1" 200 189757 "-" "Mozilla/5.0 (compatible; bingbot/2.0; +http://www.bing.com/bingbot.htm)"
157.55.39.194 - - [22/Jul/2014:02:40:13 -0700] "GET /blog/what-to-wear-springsummer-2014/ HTTP/1.1" 200 52055 "-" "Mozilla/5.0 (compatible; bingbot/2.0; +http://www.bing.com/bingbot.htm)"
157.55.39.194 - - [22/Jul/2014:02:40:14 -0700] "GET /wp-content/themes/vc/print.css HTTP/1.1" 200 39827 "-" "Mozilla/5.0 (compatible; bingbot/2.0; +http://www.bing.com/bingbot.htm)"
157.55.39.194 - - [22/Jul/2014:02:40:14 -0700] "GET /blog/restaurant-review-baohaus-new-york-city/ HTTP/1.1" 200 51054 "-" "Mozilla/5.0 (compatible; bingbot/2.0; +http://www.bing.com/bingbot.htm)"
157.55.39.113 - - [22/Jul/2014:02:40:20 -0700] "GET /wp-content/plugins/wysija-newsletters/css/validationEngine.jquery.css?ver=2.5.9.4 HTTP/1.1" 200 4439 "-" "Mozilla/5.0 (compatible; bingbot/2.0; +http://www.bing.com/bingbot.htm)"
157.55.39.113 - - [22/Jul/2014:02:40:20 -0700] "GET /wp-content/themes/vc/style1.css HTTP/1.1" 200 73919 "-" "Mozilla/5.0 (compatible; bingbot/2.0; +http://www.bing.com/bingbot.htm)"
157.55.39.113 - - [22/Jul/2014:02:40:20 -0700] "GET /wp-content/plugins/simplemodal-login/css/default.css?ver=1.0.7 HTTP/1.1" 200 2436 "-" "Mozilla/5.0 (compatible; bingbot/2.0; +http://www.bing.com/bingbot.htm)"
157.55.39.113 - - [22/Jul/2014:02:40:20 -0700] "GET /wp-content/plugins/bbpress/templates/default/js/editor.js?ver=2.5.3-5249 HTTP/1.1" 200 1399 "-" "Mozilla/5.0 (compatible; bingbot/2.0; +http://www.bing.com/bingbot.htm)"
157.55.39.113 - - [22/Jul/2014:02:40:20 -0700] "GET /wp-content/plugins/simplemodal-login/js/default.js?ver=1.0.7 HTTP/1.1" 200 5565 "-" "Mozilla/5.0 (compatible; bingbot/2.0; +http://www.bing.com/bingbot.htm)"
92.54.64.130 - - [22/Jul/2014:02:40:25 -0700] "POST /wp-content/uploads/avatars/46/cache/footer.php HTTP/1.1" 200 4978 "-" "Mozilla/5.0 (Windows; U; Windows NT 5.1; zh-CN; rv:1.7.6)"
157.55.39.172 - - [22/Jul/2014:02:40:29 -0700] "GET /wp-content/themes/vc/js/jquery-1.8.2.min.js HTTP/1.1" 200 93435 "-" "Mozilla/5.0 (compatible; bingbot/2.0; +http://www.bing.com/bingbot.htm)"
157.55.39.172 - - [22/Jul/2014:02:40:29 -0700] "GET /wp-content/plugins/tabber-tabs-widget/js/tabber-minimized.js?ver=3.9.1 HTTP/1.1" 200 4904 "-" "Mozilla/5.0 (compatible; bingbot/2.0; +http://www.bing.com/bingbot.htm)"
157.55.39.172 - - [22/Jul/2014:02:40:29 -0700] "GET /wp-content/themes/vc/font/font1/stylesheet.css HTTP/1.1" 200 542 "-" "Mozilla/5.0 (compatible; bingbot/2.0; +http://www.bing.com/bingbot.htm)"
157.55.39.194 - - [22/Jul/2014:02:40:33 -0700] "GET /blog/check-out-our-new-friend-7/ HTTP/1.1" 200 47486 "-" "Mozilla/5.0 (compatible; bingbot/2.0; +http://www.bing.com/bingbot.htm)"
157.55.39.194 - - [22/Jul/2014:02:40:35 -0700] "GET /blog/tag/food/ HTTP/1.1" 200 63147 "-" "Mozilla/5.0 (compatible; bingbot/2.0; +http://www.bing.com/bingbot.htm)"
157.55.39.194 - - [22/Jul/2014:02:40:36 -0700] "GET /wp-content/plugins/wordpress-popular-posts/style/wpp.css?ver=2.3.7 HTTP/1.1" 200 807 "-" "Mozilla/5.0 (compatible; bingbot/2.0; +http://www.bing.com/bingbot.htm)"
157.55.39.194 - - [22/Jul/2014:02:40:36 -0700] "GET /wp-content/plugins/bbpress/templates/default/css/bbpress.css?ver=2.5.3-5249 HTTP/1.1" 200 29830 "-" "Mozilla/5.0 (compatible; bingbot/2.0; +http://www.bing.com/bingbot.htm)"
92.54.64.130 - - [22/Jul/2014:02:40:41 -0700] "POST /wp-content/uploads/avatars/46/cache/footer.php HTTP/1.1" 200 4874 "-" "Mozilla/5.0 (Windows; U; Windows NT 5.1; zh-CN; rv:1.7.6)"
92.54.64.130 - - [22/Jul/2014:02:40:52 -0700] "POST /wp-content/uploads/avatars/46/cache/footer.php HTTP/1.1" 200 4874 "-" "Mozilla/5.0 (Windows; U; Windows NT 5.1; zh-CN; rv:1.7.6)"
50.16.129.154 - - [22/Jul/2014:02:41:06 -0700] "GET / HTTP/1.0" 302 - "-" "Mozilla/5.0 (compatible; Alexabot/1.0; +http://www.alexa.com/help/certifyscan; certifyscan@alexa.com)'"
92.54.64.130 - - [22/Jul/2014:02:41:03 -0700] "POST /wp-content/uploads/avatars/46/cache/footer.php HTTP/1.1" 200 4639 "-" "Mozilla/5.0 (Windows; U; Windows NT 5.1; zh-CN; rv:1.7.6)"
50.16.129.154 - - [22/Jul/2014:02:41:06 -0700] "GET / HTTP/1.0" 200 14544 "-" "Mozilla/5.0 (compatible; Alexabot/1.0; +http://www.alexa.com/help/certifyscan; certifyscan@alexa.com)'"
92.54.64.130 - - [22/Jul/2014:02:41:22 -0700] "POST /wp-content/uploads/avatars/46/cache/footer.php HTTP/1.1" 200 4802 "-" "Mozilla/5.0 (Windows; U; Windows NT 5.1; zh-CN; rv:1.7.6)"
54.254.118.29 - - [22/Jul/2014:02:41:34 -0700] "GET / HTTP/1.0" 200 14544 "-" "Mozilla/5.0 (compatible; Alexabot/1.0; +http://www.alexa.com/help/certifyscan; certifyscan@alexa.com)'"
213.183.60.9 - - [22/Jul/2014:02:41:33 -0700] "POST /wp-content/uploads/avatars/46/cache/footer.php HTTP/1.1" 200 4882 "-" "Mozilla/5.0 (Windows; U; Windows NT 5.1; zh-CN; rv:1.7.6)"
54.228.175.121 - - [22/Jul/2014:02:41:40 -0700] "GET / HTTP/1.0" 302 - "-" "Mozilla/5.0 (compatible; Alexabot/1.0; +http://www.alexa.com/help/certifyscan; certifyscan@alexa.com)'"
92.54.64.130 - - [22/Jul/2014:02:41:32 -0700] "POST /wp-content/uploads/avatars/46/cache/footer.php HTTP/1.1" 200 4942 "-" "Mozilla/5.0 (Windows; U; Windows NT 5.1; zh-CN; rv:1.7.6)"
54.228.175.121 - - [22/Jul/2014:02:41:40 -0700] "GET / HTTP/1.0" 200 14614 "-" "Mozilla/5.0 (compatible; Alexabot/1.0; +http://www.alexa.com/help/certifyscan; certifyscan@alexa.com)'"
108.196.206.231 - - [22/Jul/2014:02:41:44 -0700] "POST /wp-admin/admin-ajax.php HTTP/1.1" 200 48 "http://www.introamerica.com/wp-admin/user-edit.php?user_id=81&updated=1&wp_http_referer=%2Fwp-admin%2Fusers.php%3Fs%3Dmia%26action%3D-1%26new_role%26bbp-new-role%26paged%3D1%26action2%3D-1" "Mozilla/5.0 (Windows NT 6.1; WOW64) AppleWebKit/537.36 (KHTML, like Gecko) Chrome/36.0.1985.125 Safari/537.36"
213.183.60.9 - - [22/Jul/2014:02:41:43 -0700] "POST /wp-content/uploads/avatars/46/cache/footer.php HTTP/1.1" 200 4974 "-" "Mozilla/5.0 (Windows; U; Windows NT 5.1; zh-CN; rv:1.7.6)"
92.54.64.130 - - [22/Jul/2014:02:41:47 -0700] "POST /wp-content/uploads/avatars/46/cache/footer.php HTTP/1.1" 200 4874 "-" "Mozilla/5.0 (Windows; U; Windows NT 5.1; zh-CN; rv:1.7.6)"
66.249.79.120 - - [22/Jul/2014:02:41:53 -0700] "GET /events/2596-05-27/ HTTP/1.1" 404 47159 "-" "Mozilla/5.0 (compatible; Googlebot/2.1; +http://www.google.com/bot.html)"
213.183.60.9 - - [22/Jul/2014:02:41:55 -0700] "POST /wp-content/uploads/avatars/46/cache/footer.php HTTP/1.1" 200 4858 "-" "Mozilla/5.0 (Windows; U; Windows NT 5.1; zh-CN; rv:1.7.6)"
92.54.64.130 - - [22/Jul/2014:02:41:57 -0700] "POST /wp-content/uploads/avatars/46/cache/footer.php HTTP/1.1" 200 4910 "-" "Mozilla/5.0 (Windows; U; Windows NT 5.1; zh-CN; rv:1.7.6)"
66.249.79.107 - - [22/Jul/2014:02:42:06 -0700] "GET /cn/archives/514 HTTP/1.1" 200 51651 "-" "Mozilla/5.0 (compatible; Googlebot/2.1; +http://www.google.com/bot.html)"
213.183.60.9 - - [22/Jul/2014:02:42:05 -0700] "POST /wp-content/uploads/avatars/46/cache/footer.php HTTP/1.1" 200 4886 "-" "Mozilla/5.0 (Windows; U; Windows NT 5.1; zh-CN; rv:1.7.6)"
92.54.64.130 - - [22/Jul/2014:02:42:07 -0700] "POST /wp-content/uploads/avatars/46/cache/footer.php HTTP/1.1" 200 4866 "-" "Mozilla/5.0 (Windows; U; Windows NT 5.1; zh-CN; rv:1.7.6)"
213.183.60.9 - - [22/Jul/2014:02:42:16 -0700] "POST /wp-content/uploads/avatars/46/cache/footer.php HTTP/1.1" 200 4902 "-" "Mozilla/5.0 (Windows; U; Windows NT 5.1; zh-CN; rv:1.7.6)"
92.54.64.130 - - [22/Jul/2014:02:42:22 -0700] "POST /wp-content/uploads/avatars/46/cache/footer.php HTTP/1.1" 200 4970 "-" "Mozilla/5.0 (Windows; U; Windows NT 5.1; zh-CN; rv:1.7.6)"
157.55.39.212 - - [22/Jul/2014:02:42:32 -0700] "GET /wp-content/themes/vc/font/font2/stylesheet.css HTTP/1.1" 200 521 "-" "Mozilla/5.0 (compatible; bingbot/2.0; +http://www.bing.com/bingbot.htm)"
157.55.39.212 - - [22/Jul/2014:02:42:33 -0700] "GET /wp-content/themes/vc/style.css?ver=3.9.1 HTTP/1.1" 200 20 "-" "Mozilla/5.0 (compatible; bingbot/2.0; +http://www.bing.com/bingbot.htm)"
157.55.39.212 - - [22/Jul/2014:02:42:33 -0700] "GET /wp-content/plugins/wysija-newsletters/js/validate/jquery.validationEngine.js?ver=2.5.9.4 HTTP/1.1" 200 71745 "-" "Mozilla/5.0 (compatible; bingbot/2.0; +http://www.bing.com/bingbot.htm)"
157.55.39.212 - - [22/Jul/2014:02:42:33 -0700] "GET /wp-content/plugins/wysija-newsletters/js/validate/languages/jquery.validationEngine-en.js?ver=2.5.9.4 HTTP/1.1" 200 10469 "-" "Mozilla/5.0 (compatible; bingbot/2.0; +http://www.bing.com/bingbot.htm)"
213.183.60.9 - - [22/Jul/2014:02:42:34 -0700] "POST /wp-content/uploads/avatars/46/cache/footer.php HTTP/1.1" 200 4994 "-" "Mozilla/5.0 (Windows; U; Windows NT 5.1; zh-CN; rv:1.7.6)"
92.54.64.130 - - [22/Jul/2014:02:42:34 -0700] "POST /wp-content/uploads/avatars/46/cache/footer.php HTTP/1.1" 200 4970 "-" "Mozilla/5.0 (Windows; U; Windows NT 5.1; zh-CN; rv:1.7.6)"
157.55.39.211 - - [22/Jul/2014:02:42:46 -0700] "GET /blog/what-if-i-fall-behind-in-my-classwork/ HTTP/1.1" 200 52642 "-" "Mozilla/5.0 (compatible; bingbot/2.0; +http://www.bing.com/bingbot.htm)"
213.183.60.9 - - [22/Jul/2014:02:42:45 -0700] "POST /wp-content/uploads/avatars/46/cache/footer.php HTTP/1.1" 200 4894 "-" "Mozilla/5.0 (Windows; U; Windows NT 5.1; zh-CN; rv:1.7.6)"
92.54.64.130 - - [22/Jul/2014:02:42:45 -0700] "POST /wp-content/uploads/avatars/46/cache/footer.php HTTP/1.1" 200 4886 "-" "Mozilla/5.0 (Windows; U; Windows NT 5.1; zh-CN; rv:1.7.6)"
