66.91.32.116 - - [22/Jul/2014:01:29:52 -0700] "GET /wp-content/plugins/the-social-links/icons/25x25/weixin.png HTTP/1.1" 200 1534 "http://www.introamerica.com/blog/a-guide-to-warby-parker-glasses-for-asians/" "Mozilla/5.0 (Windows NT 6.1; WOW64; rv:30.0) Gecko/20100101 Firefox/30.0"
66.91.32.116 - - [22/Jul/2014:01:29:52 -0700] "GET /wp-content/plugins/the-social-links/icons/25x25/linkedin.png HTTP/1.1" 200 1498 "http://www.introamerica.com/blog/a-guide-to-warby-parker-glasses-for-asians/" "Mozilla/5.0 (Windows NT 6.1; WOW64; rv:30.0) Gecko/20100101 Firefox/30.0"
66.91.32.116 - - [22/Jul/2014:01:29:52 -0700] "GET /wp-content/uploads/2014/07/9122-11091413355513-100x70.jpg HTTP/1.1" 200 3584 "http://www.introamerica.com/blog/a-guide-to-warby-parker-glasses-for-asians/" "Mozilla/5.0 (Windows NT 6.1; WOW64; rv:30.0) Gecko/20100101 Firefox/30.0"
66.91.32.116 - - [22/Jul/2014:01:29:52 -0700] "GET /wp-content/uploads/2014/05/20090514_UNIcampusAerial_R0366-100x70.jpg HTTP/1.1" 200 4680 "http://www.introamerica.com/blog/a-guide-to-warby-parker-glasses-for-asians/" "Mozilla/5.0 (Windows NT 6.1; WOW64; rv:30.0) Gecko/20100101 Firefox/30.0"
66.91.32.116 - - [22/Jul/2014:01:29:53 -0700] "GET /wp-content/plugins/the-social-links/icons/25x25/tumblr.png HTTP/1.1" 200 1382 "http://www.introamerica.com/blog/a-guide-to-warby-parker-glasses-for-asians/" "Mozilla/5.0 (Windows NT 6.1; WOW64; rv:30.0) Gecko/20100101 Firefox/30.0"
66.91.32.116 - - [22/Jul/2014:01:29:53 -0700] "GET /wp-content/plugins/the-social-links/icons/25x25/twitter.png HTTP/1.1" 200 1449 "http://www.introamerica.com/blog/a-guide-to-warby-parker-glasses-for-asians/" "Mozilla/5.0 (Windows NT 6.1; WOW64; rv:30.0) Gecko/20100101 Firefox/30.0"
66.91.32.116 - - [22/Jul/2014:01:29:53 -0700] "GET /wp-content/plugins/the-social-links/icons/25x25/douban.png HTTP/1.1" 200 1460 "http://www.introamerica.com/blog/a-guide-to-warby-parker-glasses-for-asians/" "Mozilla/5.0 (Windows NT 6.1; WOW64; rv:30.0) Gecko/20100101 Firefox/30.0"
66.91.32.116 - - [22/Jul/2014:01:29:53 -0700] "GET /wp-content/plugins/the-social-links/icons/16x16/douban.gif HTTP/1.1" 200 1795 "http://www.introamerica.com/blog/a-guide-to-warby-parker-glasses-for-asians/" "Mozilla/5.0 (Windows NT 6.1; WOW64; rv:30.0) Gecko/20100101 Firefox/30.0"
66.91.32.116 - - [22/Jul/2014:01:29:53 -0700] "GET /wp-content/plugins/the-social-links/icons/25x25/facebook.png HTTP/1.1" 200 1365 "http://www.introamerica.com/blog/a-guide-to-warby-parker-glasses-for-asians/" "Mozilla/5.0 (Windows NT 6.1; WOW64; rv:30.0) Gecko/20100101 Firefox/30.0"
66.91.32.116 - - [22/Jul/2014:01:29:53 -0700] "GET /wp-content/uploads/2014/06/first-image-100x70.jpg HTTP/1.1" 200 4323 "http://www.introamerica.com/blog/a-guide-to-warby-parker-glasses-for-asians/" "Mozilla/5.0 (Windows NT 6.1; WOW64; rv:30.0) Gecko/20100101 Firefox/30.0"
66.91.32.116 - - [22/Jul/2014:01:29:53 -0700] "GET /wp-content/plugins/the-social-links/icons/16x16/pin.gif HTTP/1.1" 200 1791 "http://www.introamerica.com/blog/a-guide-to-warby-parker-glasses-for-asians/" "Mozilla/5.0 (Windows NT 6.1; WOW64; rv:30.0) Gecko/20100101 Firefox/30.0"
66.91.32.116 - - [22/Jul/2014:01:29:53 -0700] "GET /wp-content/plugins/the-social-links/icons/25x25/google-plus.png HTTP/1.1" 200 1453 "http://www.introamerica.com/blog/a-guide-to-warby-parker-glasses-for-asians/" "Mozilla/5.0 (Windows NT 6.1; WOW64; rv:30.0) Gecko/20100101 Firefox/30.0"
66.91.32.116 - - [22/Jul/2014:01:29:53 -0700] "GET /wp-content/uploads/2013/06/Reddit-100x70.jpg HTTP/1.1" 200 4301 "http://www.introamerica.com/blog/a-guide-to-warby-parker-glasses-for-asians/" "Mozilla/5.0 (Windows NT 6.1; WOW64; rv:30.0) Gecko/20100101 Firefox/30.0"
66.91.32.116 - - [22/Jul/2014:01:29:52 -0700] "GET /wp-content/uploads/2013/09/banner_111.jpg HTTP/1.1" 200 148671 "http://www.introamerica.com/blog/a-guide-to-warby-parker-glasses-for-asians/" "Mozilla/5.0 (Windows NT 6.1; WOW64; rv:30.0) Gecko/20100101 Firefox/30.0"
66.91.32.116 - - [22/Jul/2014:01:29:53 -0700] "GET /wp-content/themes/vc/images/rarrowa.gif HTTP/1.1" 200 1274 "http://www.introamerica.com/wp-content/themes/vc/style1.css" "Mozilla/5.0 (Windows NT 6.1; WOW64; rv:30.0) Gecko/20100101 Firefox/30.0"
66.91.32.116 - - [22/Jul/2014:01:29:53 -0700] "GET /wp-content/themes/vc/images/larrowa.gif HTTP/1.1" 200 1277 "http://www.introamerica.com/wp-content/themes/vc/style1.css" "Mozilla/5.0 (Windows NT 6.1; WOW64; rv:30.0) Gecko/20100101 Firefox/30.0"
66.91.32.116 - - [22/Jul/2014:01:29:53 -0700] "GET /wp-content/themes/vc/images/bg_09.gif HTTP/1.1" 200 3800 "http://www.introamerica.com/wp-content/themes/vc/style1.css" "Mozilla/5.0 (Windows NT 6.1; WOW64; rv:30.0) Gecko/20100101 Firefox/30.0"
66.91.32.116 - - [22/Jul/2014:01:29:53 -0700] "GET /wp-content/themes/vc/images/flag_06.gif HTTP/1.1" 200 1278 "http://www.introamerica.com/wp-content/themes/vc/style1.css" "Mozilla/5.0 (Windows NT 6.1; WOW64; rv:30.0) Gecko/20100101 Firefox/30.0"
66.91.32.116 - - [22/Jul/2014:01:29:53 -0700] "GET /wp-content/themes/vc/images/nav-bg_67.gif HTTP/1.1" 200 1491 "http://www.introamerica.com/wp-content/themes/vc/style1.css" "Mozilla/5.0 (Windows NT 6.1; WOW64; rv:30.0) Gecko/20100101 Firefox/30.0"
66.91.32.116 - - [22/Jul/2014:01:29:53 -0700] "GET /wp-content/themes/vc/images/flag_08.gif HTTP/1.1" 200 1438 "http://www.introamerica.com/wp-content/themes/vc/style1.css" "Mozilla/5.0 (Windows NT 6.1; WOW64; rv:30.0) Gecko/20100101 Firefox/30.0"
66.91.32.116 - - [22/Jul/2014:01:29:53 -0700] "GET /wp-content/themes/vc/images/searchbar.png HTTP/1.1" 200 3024 "http://www.introamerica.com/wp-content/themes/vc/style1.css" "Mozilla/5.0 (Windows NT 6.1; WOW64; rv:30.0) Gecko/20100101 Firefox/30.0"
66.91.32.116 - - [22/Jul/2014:01:29:53 -0700] "GET /wp-content/themes/vc/images/line_03.gif HTTP/1.1" 200 1176 "http://www.introamerica.com/wp-content/themes/vc/style1.css" "Mozilla/5.0 (Windows NT 6.1; WOW64; rv:30.0) Gecko/20100101 Firefox/30.0"
66.91.32.116 - - [22/Jul/2014:01:29:53 -0700] "GET /wp-content/themes/vc/images/print-icon.gif HTTP/1.1" 200 1430 "http://www.introamerica.com/wp-content/themes/vc/style1.css" "Mozilla/5.0 (Windows NT 6.1; WOW64; rv:30.0) Gecko/20100101 Firefox/30.0"
66.91.32.116 - - [22/Jul/2014:01:29:53 -0700] "GET /wp-content/themes/vc/images/save-icon.gif HTTP/1.1" 200 1338 "http://www.introamerica.com/wp-content/themes/vc/style1.css" "Mozilla/5.0 (Windows NT 6.1; WOW64; rv:30.0) Gecko/20100101 Firefox/30.0"
66.91.32.116 - - [22/Jul/2014:01:29:53 -0700] "GET /wp-content/themes/vc/images/email-icon.gif HTTP/1.1" 200 1453 "http://www.introamerica.com/wp-content/themes/vc/style1.css" "Mozilla/5.0 (Windows NT 6.1; WOW64; rv:30.0) Gecko/20100101 Firefox/30.0"
66.91.32.116 - - [22/Jul/2014:01:29:53 -0700] "GET /wp-content/themes/vc/images/msg-icon.gif HTTP/1.1" 200 1412 "http://www.introamerica.com/wp-content/themes/vc/style1.css" "Mozilla/5.0 (Windows NT 6.1; WOW64; rv:30.0) Gecko/20100101 Firefox/30.0"
66.91.32.116 - - [22/Jul/2014:01:29:53 -0700] "GET /wp-content/uploads/2013/09/banner_151.jpg HTTP/1.1" 200 104877 "http://www.introamerica.com/blog/a-guide-to-warby-parker-glasses-for-asians/" "Mozilla/5.0 (Windows NT 6.1; WOW64; rv:30.0) Gecko/20100101 Firefox/30.0"
66.91.32.116 - - [22/Jul/2014:01:29:54 -0700] "GET /wp-content/themes/vc/images/banner-bg_07.gif HTTP/1.1" 200 32767 "http://www.introamerica.com/wp-content/themes/vc/style1.css" "Mozilla/5.0 (Windows NT 6.1; WOW64; rv:30.0) Gecko/20100101 Firefox/30.0"
66.91.32.116 - - [22/Jul/2014:01:29:54 -0700] "GET /wp-content/themes/vc/images/bg_11.png HTTP/1.1" 200 962 "http://www.introamerica.com/wp-content/themes/vc/style1.css" "Mozilla/5.0 (Windows NT 6.1; WOW64; rv:30.0) Gecko/20100101 Firefox/30.0"
66.91.32.116 - - [22/Jul/2014:01:29:54 -0700] "GET /wp-content/themes/vc/images/line_116.gif HTTP/1.1" 200 929 "http://www.introamerica.com/wp-content/themes/vc/style1.css" "Mozilla/5.0 (Windows NT 6.1; WOW64; rv:30.0) Gecko/20100101 Firefox/30.0"
66.91.32.116 - - [22/Jul/2014:01:29:54 -0700] "GET /wp-content/themes/vc/images/bg_10.png HTTP/1.1" 200 935 "http://www.introamerica.com/wp-content/themes/vc/style1.css" "Mozilla/5.0 (Windows NT 6.1; WOW64; rv:30.0) Gecko/20100101 Firefox/30.0"
193.201.224.56 - - [22/Jul/2014:01:29:52 -0700] "GET /forums/topic/800-colleges-that-do-not-require-satact-for-undergraduate-admission/ HTTP/1.1" 200 88522 "-" "Mozilla/4.0 (compatible; MSIE 6.0; Windows NT 5.1; SV1)"
66.91.32.116 - - [22/Jul/2014:01:29:54 -0700] "GET /blog/a-guide-to-warby-parker-glasses-for-asians/favicon.ico HTTP/1.1" 404 29727 "-" "Mozilla/5.0 (Windows NT 6.1; WOW64; rv:30.0) Gecko/20100101 Firefox/30.0"
193.201.224.56 - - [22/Jul/2014:01:29:55 -0700] "POST /forums/topic/800-colleges-that-do-not-require-satact-for-undergraduate-admission/ HTTP/1.1" 200 88522 "http://www.introamerica.com/forums/topic/800-colleges-that-do-not-require-satact-for-undergraduate-admission/" "Mozilla/4.0 (compatible; MSIE 6.0; Windows NT 5.1; SV1)"
49.50.8.42 - - [22/Jul/2014:01:29:55 -0700] "POST /wp-content/uploads/avatars/46/cache/footer.php HTTP/1.1" 200 4818 "-" "Mozilla/5.0 (Windows; U; Windows NT 5.1; zh-CN; rv:1.7.6)"
66.91.32.116 - - [22/Jul/2014:01:30:02 -0700] "GET /blog/a-guide-to-warby-parker-glasses-for-asians/?cf_action=sync_comments&post_id=11150 HTTP/1.1" 200 17 "http://www.introamerica.com/blog/a-guide-to-warby-parker-glasses-for-asians/" "Mozilla/5.0 (Windows NT 6.1; WOW64; rv:30.0) Gecko/20100101 Firefox/30.0"
66.91.32.116 - - [22/Jul/2014:01:30:06 -0700] "GET /wp-content/plugins/tabber-tabs-widget/bg_90.gif HTTP/1.1" 200 1197 "http://www.introamerica.com/wp-content/plugins/tabber-tabs-widget/tabber.css" "Mozilla/5.0 (Windows NT 6.1; WOW64; rv:30.0) Gecko/20100101 Firefox/30.0"
66.91.32.116 - - [22/Jul/2014:01:30:06 -0700] "GET /wp-content/plugins/tabber-tabs-widget/bg_93.gif HTTP/1.1" 200 1198 "http://www.introamerica.com/wp-content/plugins/tabber-tabs-widget/tabber.css" "Mozilla/5.0 (Windows NT 6.1; WOW64; rv:30.0) Gecko/20100101 Firefox/30.0"
66.91.32.116 - - [22/Jul/2014:01:30:06 -0700] "GET /wp-content/plugins/tabber-tabs-widget/tri_95.gif HTTP/1.1" 200 1291 "http://www.introamerica.com/wp-content/plugins/tabber-tabs-widget/tabber.css" "Mozilla/5.0 (Windows NT 6.1; WOW64; rv:30.0) Gecko/20100101 Firefox/30.0"
66.91.32.116 - - [22/Jul/2014:01:30:06 -0700] "GET /wp-content/themes/vc/images/comment-icon.png HTTP/1.1" 200 1134 "http://www.introamerica.com/wp-content/themes/vc/style1.css" "Mozilla/5.0 (Windows NT 6.1; WOW64; rv:30.0) Gecko/20100101 Firefox/30.0"
49.50.8.42 - - [22/Jul/2014:01:30:07 -0700] "POST /wp-content/uploads/avatars/46/cache/footer.php HTTP/1.1" 200 4906 "-" "Mozilla/5.0 (Windows; U; Windows NT 5.1; zh-CN; rv:1.7.6)"
49.50.8.42 - - [22/Jul/2014:01:30:28 -0700] "POST /wp-content/uploads/avatars/46/cache/footer.php HTTP/1.1" 200 4938 "-" "Mozilla/5.0 (Windows; U; Windows NT 5.1; zh-CN; rv:1.7.6)"
49.50.8.42 - - [22/Jul/2014:01:30:39 -0700] "POST /wp-content/uploads/avatars/46/cache/footer.php HTTP/1.1" 200 4802 "-" "Mozilla/5.0 (Windows; U; Windows NT 5.1; zh-CN; rv:1.7.6)"
49.50.8.42 - - [22/Jul/2014:01:30:53 -0700] "POST /wp-content/uploads/avatars/46/cache/footer.php HTTP/1.1" 200 5018 "-" "Mozilla/5.0 (Windows; U; Windows NT 5.1; zh-CN; rv:1.7.6)"
50.16.129.154 - - [22/Jul/2014:01:31:06 -0700] "GET / HTTP/1.0" 302 - "-" "Mozilla/5.0 (compatible; Alexabot/1.0; +http://www.alexa.com/help/certifyscan; certifyscan@alexa.com)'"
50.16.129.154 - - [22/Jul/2014:01:31:07 -0700] "GET / HTTP/1.0" 200 9021 "-" "Mozilla/5.0 (compatible; Alexabot/1.0; +http://www.alexa.com/help/certifyscan; certifyscan@alexa.com)'"
157.55.39.194 - - [22/Jul/2014:01:31:25 -0700] "GET /about-us/ HTTP/1.1" 200 30772 "-" "Mozilla/5.0 (compatible; bingbot/2.0; +http://www.bing.com/bingbot.htm)"
157.55.39.194 - - [22/Jul/2014:01:31:26 -0700] "GET /blog/%e2%80%a8syracuse-university-featured-in-introamerica-college-life-video-contest/ HTTP/1.1" 200 50627 "-" "Mozilla/5.0 (compatible; bingbot/2.0; +http://www.bing.com/bingbot.htm)"
157.55.39.194 - - [22/Jul/2014:01:31:28 -0700] "GET /events/2014-03-23/ HTTP/1.1" 200 55953 "-" "Mozilla/5.0 (compatible; bingbot/2.0; +http://www.bing.com/bingbot.htm)"
49.50.8.42 - - [22/Jul/2014:01:31:24 -0700] "POST /wp-content/uploads/avatars/46/cache/footer.php HTTP/1.1" 200 5054 "-" "Mozilla/5.0 (Windows; U; Windows NT 5.1; zh-CN; rv:1.7.6)"
54.254.118.29 - - [22/Jul/2014:01:31:34 -0700] "GET / HTTP/1.0" 200 14544 "-" "Mozilla/5.0 (compatible; Alexabot/1.0; +http://www.alexa.com/help/certifyscan; certifyscan@alexa.com)'"
54.228.175.121 - - [22/Jul/2014:01:31:39 -0700] "GET / HTTP/1.0" 302 - "-" "Mozilla/5.0 (compatible; Alexabot/1.0; +http://www.alexa.com/help/certifyscan; certifyscan@alexa.com)'"
54.228.175.121 - - [22/Jul/2014:01:31:40 -0700] "GET / HTTP/1.0" 200 14544 "-" "Mozilla/5.0 (compatible; Alexabot/1.0; +http://www.alexa.com/help/certifyscan; certifyscan@alexa.com)'"
49.50.8.42 - - [22/Jul/2014:01:31:42 -0700] "POST /wp-content/uploads/avatars/46/cache/footer.php HTTP/1.1" 200 4950 "-" "Mozilla/5.0 (Windows; U; Windows NT 5.1; zh-CN; rv:1.7.6)"
49.50.8.42 - - [22/Jul/2014:01:31:56 -0700] "POST /wp-content/uploads/avatars/46/cache/footer.php HTTP/1.1" 200 4994 "-" "Mozilla/5.0 (Windows; U; Windows NT 5.1; zh-CN; rv:1.7.6)"
157.55.39.171 - - [22/Jul/2014:01:32:09 -0700] "GET /blog/why-study-in-the-usa-parents-opinion/ HTTP/1.1" 200 51729 "-" "Mozilla/5.0 (compatible; bingbot/2.0; +http://www.bing.com/bingbot.htm)"
66.249.79.120 - - [22/Jul/2014:01:32:12 -0700] "GET /blog/week-in-pictures-for-july-11/?full=1 HTTP/1.1" 404 29747 "-" "Mozilla/5.0 (iPhone; CPU iPhone OS 6_0 like Mac OS X) AppleWebKit/536.26 (KHTML, like Gecko) Version/6.0 Mobile/10A5376e Safari/8536.25 (compatible; Googlebot/2.1; +http://www.google.com/bot.html)"
49.50.8.42 - - [22/Jul/2014:01:32:06 -0700] "POST /wp-content/uploads/avatars/46/cache/footer.php HTTP/1.1" 200 5022 "-" "Mozilla/5.0 (Windows; U; Windows NT 5.1; zh-CN; rv:1.7.6)"
66.249.79.94 - - [22/Jul/2014:01:32:16 -0700] "GET /blog/medical-care/ HTTP/1.1" 200 50943 "-" "Mozilla/5.0 (compatible; Googlebot/2.1; +http://www.google.com/bot.html)"
66.249.79.120 - - [22/Jul/2014:01:32:17 -0700] "GET /resources/ HTTP/1.1" 200 32306 "-" "Mozilla/5.0 (compatible; Googlebot/2.1; +http://www.google.com/bot.html)"
66.249.79.120 - - [22/Jul/2014:01:32:18 -0700] "GET /unique-interesting-colleges/ HTTP/1.1" 200 47074 "-" "Mozilla/5.0 (compatible; Googlebot/2.1; +http://www.google.com/bot.html)"
66.249.79.107 - - [22/Jul/2014:01:32:19 -0700] "GET /blog/medical-care-introamerica/ HTTP/1.1" 200 49475 "-" "Mozilla/5.0 (compatible; Googlebot/2.1; +http://www.google.com/bot.html)"
49.50.8.42 - - [22/Jul/2014:01:32:23 -0700] "POST /wp-content/uploads/avatars/46/cache/footer.php HTTP/1.1" 200 4950 "-" "Mozilla/5.0 (Windows; U; Windows NT 5.1; zh-CN; rv:1.7.6)"
157.55.39.172 - - [22/Jul/2014:01:32:33 -0700] "GET /blog/fourth-of-july-traditions/ HTTP/1.1" 200 50675 "-" "Mozilla/5.0 (compatible; bingbot/2.0; +http://www.bing.com/bingbot.htm)"
49.50.8.42 - - [22/Jul/2014:01:32:37 -0700] "POST /wp-content/uploads/avatars/46/cache/footer.php HTTP/1.1" 200 4986 "-" "Mozilla/5.0 (Windows; U; Windows NT 5.1; zh-CN; rv:1.7.6)"
66.249.79.94 - - [22/Jul/2014:01:32:46 -0700] "GET /blog/medical-care-introamerica-2/ HTTP/1.1" 200 47466 "-" "Mozilla/5.0 (compatible; Googlebot/2.1; +http://www.google.com/bot.html)"
49.50.8.42 - - [22/Jul/2014:01:32:52 -0700] "POST /wp-content/uploads/avatars/46/cache/footer.php HTTP/1.1" 200 5098 "-" "Mozilla/5.0 (Windows; U; Windows NT 5.1; zh-CN; rv:1.7.6)"
66.249.79.120 - - [22/Jul/2014:01:33:03 -0700] "GET /blog/personal-spending-money-introamerica/ HTTP/1.1" 200 47788 "-" "Mozilla/5.0 (compatible; Googlebot/2.1; +http://www.google.com/bot.html)"
49.50.8.42 - - [22/Jul/2014:01:33:03 -0700] "POST /wp-content/uploads/avatars/46/cache/footer.php HTTP/1.1" 200 5078 "-" "Mozilla/5.0 (Windows; U; Windows NT 5.1; zh-CN; rv:1.7.6)"
220.181.108.111 - - [22/Jul/2014:01:33:13 -0700] "GET / HTTP/1.1" 200 13956 "-" "Mozilla/5.0 (compatible; Baiduspider/2.0; +http://www.baidu.com/search/spider.html)"
49.50.8.42 - - [22/Jul/2014:01:33:12 -0700] "POST /wp-content/uploads/avatars/46/cache/footer.php HTTP/1.1" 200 4926 "-" "Mozilla/5.0 (Windows; U; Windows NT 5.1; zh-CN; rv:1.7.6)"
66.249.79.120 - - [22/Jul/2014:01:33:16 -0700] "GET /unique-interesting-colleges/feed/ HTTP/1.1" 200 755 "-" "Mozilla/5.0 (compatible; Googlebot/2.1; +http://www.google.com/bot.html)"
66.249.79.107 - - [22/Jul/2014:01:33:17 -0700] "GET /blog/tag/medical-care/ HTTP/1.1" 200 43984 "-" "Mozilla/5.0 (compatible; Googlebot/2.1; +http://www.google.com/bot.html)"
66.249.79.94 - - [22/Jul/2014:01:33:18 -0700] "GET /blog/medical-care/feed/ HTTP/1.1" 200 743 "-" "Mozilla/5.0 (compatible; Googlebot/2.1; +http://www.google.com/bot.html)"
66.249.79.120 - - [22/Jul/2014:01:33:19 -0700] "GET /blog/tag/health-insurance/ HTTP/1.1" 200 44004 "-" "Mozilla/5.0 (compatible; Googlebot/2.1; +http://www.google.com/bot.html)"
157.55.39.194 - - [22/Jul/2014:01:33:20 -0700] "GET /cn/archives/50 HTTP/1.1" 200 51403 "-" "Mozilla/5.0 (compatible; bingbot/2.0; +http://www.bing.com/bingbot.htm)"
66.249.79.94 - - [22/Jul/2014:01:33:20 -0700] "GET /resources/www.globalstudentsuccess.com%3C HTTP/1.1" 404 29721 "-" "Mozilla/5.0 (compatible; Googlebot/2.1; +http://www.google.com/bot.html)"
66.249.79.120 - - [22/Jul/2014:01:33:21 -0700] "GET /cn/archives/300 HTTP/1.1" 200 57907 "-" "Mozilla/5.0 (compatible; Googlebot/2.1; +http://www.google.com/bot.html)"
66.249.79.94 - - [22/Jul/2014:01:33:22 -0700] "GET /events/2596-09-25/ HTTP/1.1" 404 47165 "-" "Mozilla/5.0 (compatible; Googlebot/2.1; +http://www.google.com/bot.html)"
49.50.8.42 - - [22/Jul/2014:01:33:22 -0700] "POST /wp-content/uploads/avatars/46/cache/footer.php HTTP/1.1" 200 4942 "-" "Mozilla/5.0 (Windows; U; Windows NT 5.1; zh-CN; rv:1.7.6)"
66.249.79.107 - - [22/Jul/2014:01:33:29 -0700] "GET /blog/tag/international-student/ HTTP/1.1" 200 44029 "-" "Mozilla/5.0 (compatible; Googlebot/2.1; +http://www.google.com/bot.html)"
66.249.79.120 - - [22/Jul/2014:01:33:39 -0700] "GET /blog/medical-care-introamerica/feed/ HTTP/1.1" 200 789 "-" "Mozilla/5.0 (compatible; Googlebot/2.1; +http://www.google.com/bot.html)"
49.50.8.42 - - [22/Jul/2014:01:33:38 -0700] "POST /wp-content/uploads/avatars/46/cache/footer.php HTTP/1.1" 200 5150 "-" "Mozilla/5.0 (Windows; U; Windows NT 5.1; zh-CN; rv:1.7.6)"
66.249.79.107 - - [22/Jul/2014:01:33:49 -0700] "GET /blog/medical-care-introamerica-2/feed/ HTTP/1.1" 200 793 "-" "Mozilla/5.0 (compatible; Googlebot/2.1; +http://www.google.com/bot.html)"
49.50.8.42 - - [22/Jul/2014:01:33:55 -0700] "POST /wp-content/uploads/avatars/46/cache/footer.php HTTP/1.1" 200 4922 "-" "Mozilla/5.0 (Windows; U; Windows NT 5.1; zh-CN; rv:1.7.6)"
66.249.79.94 - - [22/Jul/2014:01:34:00 -0700] "GET /blog/personal-spending-money-introamerica/feed/ HTTP/1.1" 200 822 "-" "Mozilla/5.0 (compatible; Googlebot/2.1; +http://www.google.com/bot.html)"
157.55.39.172 - - [22/Jul/2014:01:34:03 -0700] "GET /blog/chinese-fashions-and-brands-and-their-influence-on-american-culture/ HTTP/1.1" 200 52945 "-" "Mozilla/5.0 (compatible; bingbot/2.0; +http://www.bing.com/bingbot.htm)"
66.249.79.107 - - [22/Jul/2014:01:34:12 -0700] "GET /resources/www.whitehouse.gov/issues/education/higher-education/%20college-score-card HTTP/1.1" 404 29721 "-" "Mozilla/5.0 (compatible; Googlebot/2.1; +http://www.google.com/bot.html)"
49.50.8.42 - - [22/Jul/2014:01:34:10 -0700] "POST /wp-content/uploads/avatars/46/cache/footer.php HTTP/1.1" 200 4882 "-" "Mozilla/5.0 (Windows; U; Windows NT 5.1; zh-CN; rv:1.7.6)"
49.50.8.42 - - [22/Jul/2014:01:34:20 -0700] "POST /wp-content/uploads/avatars/46/cache/footer.php HTTP/1.1" 200 4639 "-" "Mozilla/5.0 (Windows; U; Windows NT 5.1; zh-CN; rv:1.7.6)"
49.50.8.42 - - [22/Jul/2014:01:34:29 -0700] "POST /wp-content/uploads/avatars/46/cache/footer.php HTTP/1.1" 200 4910 "-" "Mozilla/5.0 (Windows; U; Windows NT 5.1; zh-CN; rv:1.7.6)"
100.43.91.16 - - [22/Jul/2014:01:34:40 -0700] "GET /blog/tag/spring-break/ HTTP/1.1" 200 47299 "-" "Mozilla/5.0 (compatible; YandexBot/3.0; +http://yandex.com/bots)"
49.50.8.42 - - [22/Jul/2014:01:34:38 -0700] "POST /wp-content/uploads/avatars/46/cache/footer.php HTTP/1.1" 200 4970 "-" "Mozilla/5.0 (Windows; U; Windows NT 5.1; zh-CN; rv:1.7.6)"
94.236.7.190 - - [22/Jul/2014:01:34:50 -0700] "GET /wp-content/uploads/2014/07/fireworks21.gif HTTP/1.1" 200 57791 "-" "Mozilla/5.0 (Windows NT 6.1; WOW64; rv:26.0) Gecko/20100101 Firefox/26.0"
66.249.79.94 - - [22/Jul/2014:01:34:50 -0700] "GET /events/2596-06-22/ HTTP/1.1" 404 47160 "-" "Mozilla/5.0 (compatible; Googlebot/2.1; +http://www.google.com/bot.html)"
157.55.39.172 - - [22/Jul/2014:01:35:04 -0700] "GET /blog/best-online-shopping-sites/ HTTP/1.1" 200 52371 "-" "Mozilla/5.0 (compatible; bingbot/2.0; +http://www.bing.com/bingbot.htm)"
64.151.228.150 - - [22/Jul/2014:01:35:05 -0700] "POST /wp-cron.php?doing_wp_cron=1406018105.0413019657135009765625 HTTP/1.0" 200 - "-" "WordPress/3.9.1; http://www.introamerica.com"
82.79.27.158 - - [22/Jul/2014:01:35:40 -0700] "POST /wp-login.php HTTP/1.1" 200 4891 "http://www.introamerica.com/wp-login.php" "Mozilla/5.0 (Windows NT 6.1; WOW64) AppleWebKit/537.36 (KHTML, like Gecko) Chrome/33.0.1750.154 Safari/537.36"
151.236.51.55 - - [22/Jul/2014:01:35:41 -0700] "POST /wp-login.php HTTP/1.1" 200 4891 "http://www.introamerica.com/wp-login.php" "Mozilla/5.0 (Windows NT 6.1; WOW64) AppleWebKit/537.36 (KHTML, like Gecko) Chrome/33.0.1750.154 Safari/537.36"
66.249.74.210 - - [22/Jul/2014:01:35:50 -0700] "GET /blog/college-rankings-forbes-vs-princeton-review/ HTTP/1.1" 200 58660 "-" "DoCoMo/2.0 N905i(c100;TB;W24H16) (compatible; Googlebot-Mobile/2.1; +http://www.google.com/bot.html)"
50.16.129.154 - - [22/Jul/2014:01:36:06 -0700] "GET / HTTP/1.0" 200 14544 "-" "Mozilla/5.0 (compatible; Alexabot/1.0; +http://www.alexa.com/help/certifyscan; certifyscan@alexa.com)'"
54.254.118.29 - - [22/Jul/2014:01:36:34 -0700] "GET / HTTP/1.0" 200 14535 "-" "Mozilla/5.0 (compatible; Alexabot/1.0; +http://www.alexa.com/help/certifyscan; certifyscan@alexa.com)'"
54.228.175.121 - - [22/Jul/2014:01:36:40 -0700] "GET / HTTP/1.0" 200 14544 "-" "Mozilla/5.0 (compatible; Alexabot/1.0; +http://www.alexa.com/help/certifyscan; certifyscan@alexa.com)'"
66.249.79.94 - - [22/Jul/2014:01:37:22 -0700] "GET /blog/30-ways-interns-are-just-like-minions/ HTTP/1.1" 200 47817 "-" "Mozilla/5.0 (compatible; Googlebot/2.1; +http://www.google.com/bot.html)"
66.249.79.120 - - [22/Jul/2014:01:37:23 -0700] "GET /events/2596-10-01/ HTTP/1.1" 404 47162 "-" "Mozilla/5.0 (compatible; Googlebot/2.1; +http://www.google.com/bot.html)"
5.104.241.173 - - [22/Jul/2014:01:39:27 -0700] "GET /blog/some-universities-crack-code-in-drawing-women-to-computer-science/feed/ HTTP/1.1" 304 - "-" "Mozilla/5.0 (Macintosh; U; PPC Mac OS X; en-us) AppleWebKit/74 (KHTML, like Gecko) Safari/74"
193.201.224.70 - - [22/Jul/2014:01:39:43 -0700] "GET /forums/topic/u-s-to-accept-applications-for-h-1b-visas/ HTTP/1.0" 200 50376 "http://www.introamerica.com/forums/topic/u-s-to-accept-applications-for-h-1b-visas/" "Mozilla/5.0 (Windows NT 6.1; WOW64) AppleWebKit/537.36 (KHTML, like Gecko) Chrome/32.0.1700.102 Safari/537.36"
193.201.224.70 - - [22/Jul/2014:01:39:47 -0700] "POST /forums/topic/u-s-to-accept-applications-for-h-1b-visas/ HTTP/1.0" 200 52317 "http://www.introamerica.com/forums/topic/u-s-to-accept-applications-for-h-1b-visas/" "Mozilla/5.0 (Windows NT 6.1; WOW64) AppleWebKit/537.36 (KHTML, like Gecko) Chrome/32.0.1700.102 Safari/537.36"
66.249.79.120 - - [22/Jul/2014:01:40:29 -0700] "GET /events/2597-01-23/ HTTP/1.1" 404 47163 "-" "Mozilla/5.0 (compatible; Googlebot/2.1; +http://www.google.com/bot.html)"
180.153.236.204 - - [22/Jul/2014:01:40:32 -0700] "GET /event/chinese-new-year-firecracker-ceremony-and-cultural-festival/ HTTP/1.1" 200 53406 "http://www.introamerica.com/event/chinese-new-year-firecracker-ceremony-and-cultural-festival/" "Mozilla/5.0 (compatible; MSIE 9.0; Windows NT 6.1; Trident/5.0); 360Spider"
80.15.154.35 - - [22/Jul/2014:01:40:39 -0700] "GET /blog/personal-spending-money/ HTTP/1.1" 200 54212 "-" "Mozilla/5.0 (X11; Ubuntu; Linux i686; rv:15.0) Gecko/20100101 Firefox/15.0.1"
80.15.154.35 - - [22/Jul/2014:01:40:40 -0700] "GET /blog/personal-spending-money/ HTTP/1.1" 200 54212 "-" "Mozilla/5.0 (X11; Ubuntu; Linux i686; rv:15.0) Gecko/20100101 Firefox/15.0.1"
80.15.154.35 - - [22/Jul/2014:01:40:40 -0700] "GET /blog/medical-care/ HTTP/1.1" 200 50949 "-" "Mozilla/5.0 (X11; Ubuntu; Linux i686; rv:15.0) Gecko/20100101 Firefox/15.0.1"
80.15.154.35 - - [22/Jul/2014:01:40:41 -0700] "GET /blog/medical-care/ HTTP/1.1" 200 50949 "-" "Mozilla/5.0 (X11; Ubuntu; Linux i686; rv:15.0) Gecko/20100101 Firefox/15.0.1"
80.15.154.35 - - [22/Jul/2014:01:40:41 -0700] "GET /blog/medical-care/ HTTP/1.1" 200 50949 "-" "Mozilla/5.0 (X11; Ubuntu; Linux i686; rv:15.0) Gecko/20100101 Firefox/15.0.1"
80.15.154.35 - - [22/Jul/2014:01:40:45 -0700] "GET /blog/obama-to-report-widening-of-initiative-for-black-and-latino-boys/ HTTP/1.1" 200 48641 "-" "Mozilla/5.0 (X11; Ubuntu; Linux i686; rv:15.0) Gecko/20100101 Firefox/15.0.1"
80.15.154.35 - - [22/Jul/2014:01:40:46 -0700] "GET /blog/obama-to-report-widening-of-initiative-for-black-and-latino-boys/ HTTP/1.1" 200 48641 "-" "Mozilla/5.0 (X11; Ubuntu; Linux i686; rv:15.0) Gecko/20100101 Firefox/15.0.1"
183.60.214.54 - - [22/Jul/2014:01:40:53 -0700] "GET /blog/my-graduate-studies-journey-at-the-university-of-the-pacific/ HTTP/1.1" 200 58047 "-" "Mozilla/5.0 (compatible; EasouSpider; +http://www.easou.com/search/spider.html)"
80.15.154.35 - - [22/Jul/2014:01:40:56 -0700] "GET /blog/creating-a-start-up-from-scratch-blood-sweat-and-tears-2/ HTTP/1.1" 200 55424 "-" "Mozilla/5.0 (X11; Ubuntu; Linux i686; rv:15.0) Gecko/20100101 Firefox/15.0.1"
80.15.154.35 - - [22/Jul/2014:01:40:57 -0700] "GET /blog/creating-a-start-up-from-scratch-blood-sweat-and-tears-2/ HTTP/1.1" 200 55424 "-" "Mozilla/5.0 (X11; Ubuntu; Linux i686; rv:15.0) Gecko/20100101 Firefox/15.0.1"
54.198.11.244 - - [22/Jul/2014:01:41:03 -0700] "GET /feed/ HTTP/1.1" 200 22255 "-" "feedzirra http://github.com/pauldix/feedzirra/tree/master"
80.15.154.35 - - [22/Jul/2014:01:41:04 -0700] "GET /blog/what-to-do-when-you-can-not-immediately-get-admission-into-your-dream-school/ HTTP/1.1" 200 52928 "-" "Mozilla/5.0 (X11; Ubuntu; Linux i686; rv:15.0) Gecko/20100101 Firefox/15.0.1"
50.16.129.154 - - [22/Jul/2014:01:41:06 -0700] "GET / HTTP/1.0" 302 - "-" "Mozilla/5.0 (compatible; Alexabot/1.0; +http://www.alexa.com/help/certifyscan; certifyscan@alexa.com)'"
80.15.154.35 - - [22/Jul/2014:01:41:06 -0700] "GET /blog/what-to-do-when-you-can-not-immediately-get-admission-into-your-dream-school/ HTTP/1.1" 200 52928 "-" "Mozilla/5.0 (X11; Ubuntu; Linux i686; rv:15.0) Gecko/20100101 Firefox/15.0.1"
50.16.129.154 - - [22/Jul/2014:01:41:06 -0700] "GET / HTTP/1.0" 200 14614 "-" "Mozilla/5.0 (compatible; Alexabot/1.0; +http://www.alexa.com/help/certifyscan; certifyscan@alexa.com)'"
157.55.39.113 - - [22/Jul/2014:01:41:15 -0700] "GET /blog/chinese-american-designers/ HTTP/1.1" 200 52881 "-" "Mozilla/5.0 (compatible; bingbot/2.0; +http://www.bing.com/bingbot.htm)"
66.249.79.94 - - [22/Jul/2014:01:41:25 -0700] "GET /blog/winter-fruit-salad-pomegranate-and-persimmon/ HTTP/1.1" 200 52082 "-" "Mozilla/5.0 (compatible; Googlebot/2.1; +http://www.google.com/bot.html)"
54.254.118.29 - - [22/Jul/2014:01:41:34 -0700] "GET / HTTP/1.0" 200 14614 "-" "Mozilla/5.0 (compatible; Alexabot/1.0; +http://www.alexa.com/help/certifyscan; certifyscan@alexa.com)'"
157.55.39.211 - - [22/Jul/2014:01:41:37 -0700] "GET /our-team/ HTTP/1.1" 200 33328 "-" "Mozilla/5.0 (compatible; bingbot/2.0; +http://www.bing.com/bingbot.htm)"
54.228.175.121 - - [22/Jul/2014:01:41:40 -0700] "GET / HTTP/1.0" 302 - "-" "Mozilla/5.0 (compatible; Alexabot/1.0; +http://www.alexa.com/help/certifyscan; certifyscan@alexa.com)'"
54.228.175.121 - - [22/Jul/2014:01:41:40 -0700] "GET / HTTP/1.0" 200 14614 "-" "Mozilla/5.0 (compatible; Alexabot/1.0; +http://www.alexa.com/help/certifyscan; certifyscan@alexa.com)'"
66.249.79.107 - - [22/Jul/2014:01:41:45 -0700] "GET /cn/archives/tag/%E5%B8%AE%E5%8A%A9/feed HTTP/1.1" 200 7398 "-" "Mozilla/5.0 (compatible; Googlebot/2.1; +http://www.google.com/bot.html)"
157.55.39.113 - - [22/Jul/2014:01:42:13 -0700] "GET /blog/two-years-and-counting-introamerica-com-2-0/ HTTP/1.1" 200 50766 "-" "Mozilla/5.0 (compatible; bingbot/2.0; +http://www.bing.com/bingbot.htm)"
194.146.134.2 - - [22/Jul/2014:01:42:41 -0700] "POST /wp-content/uploads/avatars/46/cache/footer.php HTTP/1.1" 200 5026 "-" "Mozilla/5.0 (Windows; U; Windows NT 5.1; zh-CN; rv:1.7.6)"
194.146.134.2 - - [22/Jul/2014:01:42:54 -0700] "POST /wp-content/uploads/avatars/46/cache/footer.php HTTP/1.1" 200 4878 "-" "Mozilla/5.0 (Windows; U; Windows NT 5.1; zh-CN; rv:1.7.6)"
221.226.46.130 - - [22/Jul/2014:01:43:08 -0700] "GET /favicon.ico HTTP/1.1" 200 - "-" "Mozilla/4.0 (compatible; MSIE 8.0; Windows NT 6.1; WOW64; Trident/4.0; SLCC2; .NET CLR 2.0.50727; .NET CLR 3.5.30729; .NET CLR 3.0.30729; .NET4.0C; InfoPath.2)"
194.146.134.2 - - [22/Jul/2014:01:43:05 -0700] "POST /wp-content/uploads/avatars/46/cache/footer.php HTTP/1.1" 200 4838 "-" "Mozilla/5.0 (Windows; U; Windows NT 5.1; zh-CN; rv:1.7.6)"
194.146.134.2 - - [22/Jul/2014:01:43:19 -0700] "POST /wp-content/uploads/avatars/46/cache/footer.php HTTP/1.1" 200 4854 "-" "Mozilla/5.0 (Windows; U; Windows NT 5.1; zh-CN; rv:1.7.6)"
157.55.39.172 - - [22/Jul/2014:01:43:26 -0700] "GET /blog/the-columbia-university-graduation-ceremony/ HTTP/1.1" 200 54097 "-" "Mozilla/5.0 (compatible; bingbot/2.0; +http://www.bing.com/bingbot.htm)"
66.249.79.120 - - [22/Jul/2014:01:43:42 -0700] "GET /events/2597-03-28/ HTTP/1.1" 404 47161 "-" "Mozilla/5.0 (compatible; Googlebot/2.1; +http://www.google.com/bot.html)"
194.146.134.2 - - [22/Jul/2014:01:43:28 -0700] "POST /wp-content/uploads/avatars/46/cache/footer.php HTTP/1.1" 200 4978 "-" "Mozilla/5.0 (Windows; U; Windows NT 5.1; zh-CN; rv:1.7.6)"
157.55.39.194 - - [22/Jul/2014:01:43:52 -0700] "GET /blog/the-american-experience-from-a-parents-perspective/ HTTP/1.1" 200 51886 "-" "Mozilla/5.0 (compatible; bingbot/2.0; +http://www.bing.com/bingbot.htm)"
194.146.134.2 - - [22/Jul/2014:01:43:54 -0700] "POST /wp-content/uploads/avatars/46/cache/footer.php HTTP/1.1" 200 4930 "-" "Mozilla/5.0 (Windows; U; Windows NT 5.1; zh-CN; rv:1.7.6)"
194.146.134.2 - - [22/Jul/2014:01:44:04 -0700] "POST /wp-content/uploads/avatars/46/cache/footer.php HTTP/1.1" 200 4874 "-" "Mozilla/5.0 (Windows; U; Windows NT 5.1; zh-CN; rv:1.7.6)"
194.146.134.2 - - [22/Jul/2014:01:44:15 -0700] "POST /wp-content/uploads/avatars/46/cache/footer.php HTTP/1.1" 200 4854 "-" "Mozilla/5.0 (Windows; U; Windows NT 5.1; zh-CN; rv:1.7.6)"
194.146.134.2 - - [22/Jul/2014:01:44:31 -0700] "POST /wp-content/uploads/avatars/46/cache/footer.php HTTP/1.1" 200 4678 "-" "Mozilla/5.0 (Windows; U; Windows NT 5.1; zh-CN; rv:1.7.6)"
100.43.91.16 - - [22/Jul/2014:01:44:38 -0700] "GET /cn/xmlrpc.php HTTP/1.1" 200 42 "-" "Mozilla/5.0 (compatible; YandexBot/3.0; +http://yandex.com/bots)"
194.146.134.2 - - [22/Jul/2014:01:44:42 -0700] "POST /wp-content/uploads/avatars/46/cache/footer.php HTTP/1.1" 200 4842 "-" "Mozilla/5.0 (Windows; U; Windows NT 5.1; zh-CN; rv:1.7.6)"
157.55.39.113 - - [22/Jul/2014:01:44:48 -0700] "GET /unique-interesting-colleges/ HTTP/1.1" 200 47074 "-" "Mozilla/5.0 (compatible; bingbot/2.0; +http://www.bing.com/bingbot.htm)"
194.146.134.2 - - [22/Jul/2014:01:44:52 -0700] "POST /wp-content/uploads/avatars/46/cache/footer.php HTTP/1.1" 200 4778 "-" "Mozilla/5.0 (Windows; U; Windows NT 5.1; zh-CN; rv:1.7.6)"
194.146.134.2 - - [22/Jul/2014:01:45:06 -0700] "POST /wp-content/uploads/avatars/46/cache/footer.php HTTP/1.1" 200 5210 "-" "Mozilla/5.0 (Windows; U; Windows NT 5.1; zh-CN; rv:1.7.6)"
194.146.134.2 - - [22/Jul/2014:01:45:22 -0700] "POST /wp-content/uploads/avatars/46/cache/footer.php HTTP/1.1" 200 5166 "-" "Mozilla/5.0 (Windows; U; Windows NT 5.1; zh-CN; rv:1.7.6)"
66.249.79.107 - - [22/Jul/2014:01:45:28 -0700] "GET /our-team/ HTTP/1.1" 200 33328 "-" "Mozilla/5.0 (compatible; Googlebot/2.1; +http://www.google.com/bot.html)"
66.249.79.107 - - [22/Jul/2014:01:45:47 -0700] "GET /events/2597-07-01/ HTTP/1.1" 404 47159 "-" "Mozilla/5.0 (compatible; Googlebot/2.1; +http://www.google.com/bot.html)"
157.55.39.171 - - [22/Jul/2014:01:45:56 -0700] "GET /blog/tag/greek-life/feed/ HTTP/1.1" 200 26364 "-" "Mozilla/5.0 (compatible; bingbot/2.0; +http://www.bing.com/bingbot.htm)"
50.16.129.154 - - [22/Jul/2014:01:46:06 -0700] "GET / HTTP/1.0" 200 14544 "-" "Mozilla/5.0 (compatible; Alexabot/1.0; +http://www.alexa.com/help/certifyscan; certifyscan@alexa.com)'"
54.254.118.29 - - [22/Jul/2014:01:46:34 -0700] "GET / HTTP/1.0" 200 14563 "-" "Mozilla/5.0 (compatible; Alexabot/1.0; +http://www.alexa.com/help/certifyscan; certifyscan@alexa.com)'"
54.228.175.121 - - [22/Jul/2014:01:46:39 -0700] "GET / HTTP/1.0" 200 14544 "-" "Mozilla/5.0 (compatible; Alexabot/1.0; +http://www.alexa.com/help/certifyscan; certifyscan@alexa.com)'"
157.55.39.113 - - [22/Jul/2014:01:47:47 -0700] "GET /blog/tag/shopping/ HTTP/1.1" 200 62753 "-" "Mozilla/5.0 (compatible; bingbot/2.0; +http://www.bing.com/bingbot.htm)"
199.58.86.209 - - [22/Jul/2014:01:48:49 -0700] "GET /robots.txt HTTP/1.0" 200 109 "-" "Mozilla/5.0 (compatible; MJ12bot/v1.4.5; http://www.majestic12.co.uk/bot.php?+)"
199.58.86.209 - - [22/Jul/2014:01:48:51 -0700] "GET / HTTP/1.0" 200 95368 "-" "Mozilla/5.0 (compatible; MJ12bot/v1.4.5; http://www.majestic12.co.uk/bot.php?+)"
66.249.79.107 - - [22/Jul/2014:01:49:31 -0700] "GET /blog/looking-for-a-fancy-dessert-try-lady-m-confections/ HTTP/1.1" 200 51321 "-" "Mozilla/5.0 (compatible; Googlebot/2.1; +http://www.google.com/bot.html)"
66.249.79.94 - - [22/Jul/2014:01:49:50 -0700] "GET /events/2597-07-22/ HTTP/1.1" 404 47160 "-" "Mozilla/5.0 (compatible; Googlebot/2.1; +http://www.google.com/bot.html)"
157.55.39.113 - - [22/Jul/2014:01:50:31 -0700] "GET /blog/my-coming-to-america-story/ HTTP/1.1" 200 50202 "-" "Mozilla/5.0 (compatible; bingbot/2.0; +http://www.bing.com/bingbot.htm)"
50.16.129.154 - - [22/Jul/2014:01:51:07 -0700] "GET / HTTP/1.0" 302 - "-" "Mozilla/5.0 (compatible; Alexabot/1.0; +http://www.alexa.com/help/certifyscan; certifyscan@alexa.com)'"
50.16.129.154 - - [22/Jul/2014:01:51:07 -0700] "GET / HTTP/1.0" 200 14544 "-" "Mozilla/5.0 (compatible; Alexabot/1.0; +http://www.alexa.com/help/certifyscan; certifyscan@alexa.com)'"
54.254.118.29 - - [22/Jul/2014:01:51:34 -0700] "GET / HTTP/1.0" 200 14535 "-" "Mozilla/5.0 (compatible; Alexabot/1.0; +http://www.alexa.com/help/certifyscan; certifyscan@alexa.com)'"
54.228.175.121 - - [22/Jul/2014:01:51:39 -0700] "GET / HTTP/1.0" 302 - "-" "Mozilla/5.0 (compatible; Alexabot/1.0; +http://www.alexa.com/help/certifyscan; certifyscan@alexa.com)'"
54.228.175.121 - - [22/Jul/2014:01:51:39 -0700] "GET / HTTP/1.0" 200 14544 "-" "Mozilla/5.0 (compatible; Alexabot/1.0; +http://www.alexa.com/help/certifyscan; certifyscan@alexa.com)'"
142.4.214.124 - - [22/Jul/2014:01:51:45 -0700] "GET /robots.txt HTTP/1.0" 200 109 "-" "Mozilla/5.0 (compatible; MJ12bot/v1.4.5; http://www.majestic12.co.uk/bot.php?+)"
157.55.39.113 - - [22/Jul/2014:01:51:49 -0700] "GET /star-colleges HTTP/1.1" 301 - "-" "Mozilla/5.0 (compatible; bingbot/2.0; +http://www.bing.com/bingbot.htm)"
142.4.214.124 - - [22/Jul/2014:01:51:53 -0700] "GET /?p=9160 HTTP/1.0" 301 - "-" "Mozilla/5.0 (compatible; MJ12bot/v1.4.5; http://www.majestic12.co.uk/bot.php?+)"
81.177.140.201 - - [22/Jul/2014:01:51:58 -0700] "POST /wp-content/uploads/avatars/46/cache/footer.php HTTP/1.1" 200 5026 "-" "Mozilla/5.0 (Windows; U; Windows NT 5.1; zh-CN; rv:1.7.6)"
142.4.214.124 - - [22/Jul/2014:01:51:57 -0700] "GET /blog/interview-with-ivys-columbia/ HTTP/1.0" 200 51839 "-" "Mozilla/5.0 (compatible; MJ12bot/v1.4.5; http://www.majestic12.co.uk/bot.php?+)"
142.4.214.124 - - [22/Jul/2014:01:52:27 -0700] "GET /?p=9160 HTTP/1.0" 301 - "-" "Mozilla/5.0 (compatible; MJ12bot/v1.4.5; http://www.majestic12.co.uk/bot.php?+)"
5.104.241.171 - - [22/Jul/2014:01:52:36 -0700] "GET /feed/ HTTP/1.1" 304 - "-" "Opera/7.50 (Windows XP; U)"
142.4.214.124 - - [22/Jul/2014:01:52:38 -0700] "GET /blog/interview-with-ivys-columbia/ HTTP/1.0" 200 51839 "-" "Mozilla/5.0 (compatible; MJ12bot/v1.4.5; http://www.majestic12.co.uk/bot.php?+)"
142.4.214.124 - - [22/Jul/2014:01:52:49 -0700] "GET /?p=9165 HTTP/1.0" 301 - "-" "Mozilla/5.0 (compatible; MJ12bot/v1.4.5; http://www.majestic12.co.uk/bot.php?+)"
142.4.214.124 - - [22/Jul/2014:01:52:50 -0700] "GET /?p=9165 HTTP/1.0" 301 - "-" "Mozilla/5.0 (compatible; MJ12bot/v1.4.5; http://www.majestic12.co.uk/bot.php?+)"
142.4.214.124 - - [22/Jul/2014:01:52:56 -0700] "GET /blog/business-simulation-competition/ HTTP/1.0" 200 51947 "-" "Mozilla/5.0 (compatible; MJ12bot/v1.4.5; http://www.majestic12.co.uk/bot.php?+)"
142.4.214.124 - - [22/Jul/2014:01:52:59 -0700] "GET /blog/business-simulation-competition/ HTTP/1.0" 200 51947 "-" "Mozilla/5.0 (compatible; MJ12bot/v1.4.5; http://www.majestic12.co.uk/bot.php?+)"
66.249.79.94 - - [22/Jul/2014:01:53:33 -0700] "GET /events/2595-06-30/ HTTP/1.1" 404 47160 "-" "Mozilla/5.0 (compatible; Googlebot/2.1; +http://www.google.com/bot.html)"
66.249.79.94 - - [22/Jul/2014:01:53:34 -0700] "GET /blog/building-a-healthy-immune-system/ HTTP/1.1" 200 55642 "-" "Mozilla/5.0 (compatible; Googlebot/2.1; +http://www.google.com/bot.html)"
100.43.91.16 - - [22/Jul/2014:01:54:34 -0700] "GET /event/super-hero-factory-themed-family-workshops-asia-society/ HTTP/1.1" 200 54903 "-" "Mozilla/5.0 (compatible; YandexBot/3.0; +http://yandex.com/bots)"
81.177.139.101 - - [22/Jul/2014:01:54:34 -0700] "POST /wp-content/uploads/avatars/46/cache/footer.php HTTP/1.1" 200 4938 "-" "Mozilla/5.0 (Windows; U; Windows NT 5.1; zh-CN; rv:1.7.6)"
66.249.79.120 - - [22/Jul/2014:01:54:53 -0700] "GET /events/2596-01-15/ HTTP/1.1" 404 47163 "-" "Mozilla/5.0 (compatible; Googlebot/2.1; +http://www.google.com/bot.html)"
157.55.39.172 - - [22/Jul/2014:01:55:32 -0700] "GET /blog/on-campus-housing-vs-off-campus-housing/ HTTP/1.1" 200 53368 "-" "Mozilla/5.0 (compatible; bingbot/2.0; +http://www.bing.com/bingbot.htm)"
65.55.217.239 - - [22/Jul/2014:01:55:48 -0700] "GET /wp-content/plugins/wysija-newsletters/css/validationEngine.jquery.css?ver=2.5.9.4 HTTP/1.1" 200 4439 "http://www.introamerica.com/blog/halal-street-meat-the-best-street-eats/" "Mozilla/5.0 (Windows NT 6.1; WOW64) AppleWebKit/534+ (KHTML, like Gecko) BingPreview/1.0b"
65.55.217.239 - - [22/Jul/2014:01:55:48 -0700] "GET /wp-content/plugins/wordpress-popular-posts/style/wpp.css?ver=2.3.7 HTTP/1.1" 200 807 "http://www.introamerica.com/blog/halal-street-meat-the-best-street-eats/" "Mozilla/5.0 (Windows NT 6.1; WOW64) AppleWebKit/534+ (KHTML, like Gecko) BingPreview/1.0b"
65.55.217.239 - - [22/Jul/2014:01:55:48 -0700] "GET /wp-content/plugins/bbpress/templates/default/css/bbpress.css?ver=2.5.3-5249 HTTP/1.1" 200 29830 "http://www.introamerica.com/blog/halal-street-meat-the-best-street-eats/" "Mozilla/5.0 (Windows NT 6.1; WOW64) AppleWebKit/534+ (KHTML, like Gecko) BingPreview/1.0b"
65.55.217.239 - - [22/Jul/2014:01:55:46 -0700] "GET /blog/halal-street-meat-the-best-street-eats/ HTTP/1.1" 200 52134 "-" "Mozilla/5.0 (Windows NT 6.1; WOW64) AppleWebKit/534+ (KHTML, like Gecko) BingPreview/1.0b"
65.55.217.239 - - [22/Jul/2014:01:55:48 -0700] "GET /wp-content/plugins/wp-pro-quiz/css/wpProQuiz_front.css?ver=0.27 HTTP/1.1" 200 11612 "http://www.introamerica.com/blog/halal-street-meat-the-best-street-eats/" "Mozilla/5.0 (Windows NT 6.1; WOW64) AppleWebKit/534+ (KHTML, like Gecko) BingPreview/1.0b"
65.55.217.239 - - [22/Jul/2014:01:55:48 -0700] "GET /wp-content/themes/vc/style.css?ver=3.9.1 HTTP/1.1" 200 20 "http://www.introamerica.com/blog/halal-street-meat-the-best-street-eats/" "Mozilla/5.0 (Windows NT 6.1; WOW64) AppleWebKit/534+ (KHTML, like Gecko) BingPreview/1.0b"
65.55.217.239 - - [22/Jul/2014:01:55:48 -0700] "GET /wp-content/plugins/simplemodal-login/css/default.css?ver=1.0.7 HTTP/1.1" 200 2436 "http://www.introamerica.com/blog/halal-street-meat-the-best-street-eats/" "Mozilla/5.0 (Windows NT 6.1; WOW64) AppleWebKit/534+ (KHTML, like Gecko) BingPreview/1.0b"
65.55.217.239 - - [22/Jul/2014:01:55:48 -0700] "GET /wp-content/plugins/sitemap/css/page-list.css?ver=4.2 HTTP/1.1" 200 702 "http://www.introamerica.com/blog/halal-street-meat-the-best-street-eats/" "Mozilla/5.0 (Windows NT 6.1; WOW64) AppleWebKit/534+ (KHTML, like Gecko) BingPreview/1.0b"
65.55.217.239 - - [22/Jul/2014:01:55:48 -0700] "GET /wp-includes/js/jquery/jquery.js?ver=1.11.0 HTTP/1.1" 200 96402 "http://www.introamerica.com/blog/halal-street-meat-the-best-street-eats/" "Mozilla/5.0 (Windows NT 6.1; WOW64) AppleWebKit/534+ (KHTML, like Gecko) BingPreview/1.0b"
65.55.217.239 - - [22/Jul/2014:01:55:49 -0700] "GET /wp-includes/js/jquery/jquery-migrate.min.js?ver=1.2.1 HTTP/1.1" 200 7200 "http://www.introamerica.com/blog/halal-street-meat-the-best-street-eats/" "Mozilla/5.0 (Windows NT 6.1; WOW64) AppleWebKit/534+ (KHTML, like Gecko) BingPreview/1.0b"
65.55.217.239 - - [22/Jul/2014:01:55:50 -0700] "GET /wp-content/plugins/tabber-tabs-widget/js/tabber-minimized.js?ver=3.9.1 HTTP/1.1" 200 4904 "http://www.introamerica.com/blog/halal-street-meat-the-best-street-eats/" "Mozilla/5.0 (Windows NT 6.1; WOW64) AppleWebKit/534+ (KHTML, like Gecko) BingPreview/1.0b"
65.55.217.239 - - [22/Jul/2014:01:55:50 -0700] "GET /wp-content/plugins/tabber-tabs-widget/tabber.css HTTP/1.1" 200 4673 "http://www.introamerica.com/blog/halal-street-meat-the-best-street-eats/" "Mozilla/5.0 (Windows NT 6.1; WOW64) AppleWebKit/534+ (KHTML, like Gecko) BingPreview/1.0b"
65.55.217.239 - - [22/Jul/2014:01:55:50 -0700] "GET /wp-content/themes/vc/font/font1/stylesheet.css HTTP/1.1" 200 542 "http://www.introamerica.com/blog/halal-street-meat-the-best-street-eats/" "Mozilla/5.0 (Windows NT 6.1; WOW64) AppleWebKit/534+ (KHTML, like Gecko) BingPreview/1.0b"
65.55.217.239 - - [22/Jul/2014:01:55:50 -0700] "GET /wp-content/themes/vc/font/font2/stylesheet.css HTTP/1.1" 200 521 "http://www.introamerica.com/blog/halal-street-meat-the-best-street-eats/" "Mozilla/5.0 (Windows NT 6.1; WOW64) AppleWebKit/534+ (KHTML, like Gecko) BingPreview/1.0b"
65.55.217.239 - - [22/Jul/2014:01:55:50 -0700] "GET /wp-content/themes/vc/style1.css HTTP/1.1" 200 73919 "http://www.introamerica.com/blog/halal-street-meat-the-best-street-eats/" "Mozilla/5.0 (Windows NT 6.1; WOW64) AppleWebKit/534+ (KHTML, like Gecko) BingPreview/1.0b"
173.69.185.154 - - [22/Jul/2014:01:55:52 -0700] "GET /feed/ HTTP/1.1" 304 - "-" "Mozilla/5.0 (compatible; Genieo/1.0 http://www.genieo.com/webfilter.html)"
157.55.39.113 - - [22/Jul/2014:01:56:01 -0700] "GET /blog/chinese-american-designers/ HTTP/1.1" 200 52881 "-" "Mozilla/5.0 (compatible; bingbot/2.0; +http://www.bing.com/bingbot.htm)"
50.16.129.154 - - [22/Jul/2014:01:56:06 -0700] "GET / HTTP/1.0" 200 14544 "-" "Mozilla/5.0 (compatible; Alexabot/1.0; +http://www.alexa.com/help/certifyscan; certifyscan@alexa.com)'"
54.254.118.29 - - [22/Jul/2014:01:56:33 -0700] "GET / HTTP/1.0" 200 14544 "-" "Mozilla/5.0 (compatible; Alexabot/1.0; +http://www.alexa.com/help/certifyscan; certifyscan@alexa.com)'"
54.228.175.121 - - [22/Jul/2014:01:56:39 -0700] "GET / HTTP/1.0" 200 14544 "-" "Mozilla/5.0 (compatible; Alexabot/1.0; +http://www.alexa.com/help/certifyscan; certifyscan@alexa.com)'"
50.57.140.58 - - [22/Jul/2014:01:56:50 -0700] "POST /wp-content/uploads/avatars/46/cache/footer.php HTTP/1.1" 200 4806 "-" "Mozilla/5.0 (Windows; U; Windows NT 5.1; zh-CN; rv:1.7.6)"
41.133.52.34 - - [22/Jul/2014:01:55:46 -0700] "GET /wp-content/uploads/2014/04/1-halal.jpg HTTP/1.1" 200 590979 "http://www.bing.com/images/search?q=HALAL+MEAT+BEFORE+IT+IS+SLOUGHTERD&qs=n&form=QBIR&pq=halal+meat+before+it+is+sloughterd&sc=0-13&sp=-1&sk=" "Mozilla/5.0 (Windows NT 6.1; WOW64; Trident/7.0; rv:11.0) like Gecko"
50.57.140.58 - - [22/Jul/2014:01:56:59 -0700] "POST /wp-content/uploads/avatars/46/cache/footer.php HTTP/1.1" 200 4846 "-" "Mozilla/5.0 (Windows; U; Windows NT 5.1; zh-CN; rv:1.7.6)"
50.57.140.58 - - [22/Jul/2014:01:57:09 -0700] "POST /wp-content/uploads/avatars/46/cache/footer.php HTTP/1.1" 200 4982 "-" "Mozilla/5.0 (Windows; U; Windows NT 5.1; zh-CN; rv:1.7.6)"
183.60.213.54 - - [22/Jul/2014:01:57:25 -0700] "GET /press-release/%E2%80%A8syracuse-university-featured-in-introamerica-college-life-video-contest/ HTTP/1.1" 200 32176 "-" "Mozilla/5.0 (compatible; EasouSpider; +http://www.easou.com/search/spider.html)"
50.57.140.58 - - [22/Jul/2014:01:57:25 -0700] "POST /wp-content/uploads/avatars/46/cache/footer.php HTTP/1.1" 200 4810 "-" "Mozilla/5.0 (Windows; U; Windows NT 5.1; zh-CN; rv:1.7.6)"
66.249.79.120 - - [22/Jul/2014:01:57:36 -0700] "GET /events/2591-02-17/ HTTP/1.1" 404 47164 "-" "Mozilla/5.0 (compatible; Googlebot/2.1; +http://www.google.com/bot.html)"
66.249.79.94 - - [22/Jul/2014:01:57:37 -0700] "GET /profile-registration/ HTTP/1.1" 200 30043 "-" "Mozilla/5.0 (compatible; Googlebot/2.1; +http://www.google.com/bot.html)"
50.57.140.58 - - [22/Jul/2014:01:57:35 -0700] "POST /wp-content/uploads/avatars/46/cache/footer.php HTTP/1.1" 200 4906 "-" "Mozilla/5.0 (Windows; U; Windows NT 5.1; zh-CN; rv:1.7.6)"
50.57.140.58 - - [22/Jul/2014:01:57:44 -0700] "POST /wp-content/uploads/avatars/46/cache/footer.php HTTP/1.1" 200 4758 "-" "Mozilla/5.0 (Windows; U; Windows NT 5.1; zh-CN; rv:1.7.6)"
50.57.140.58 - - [22/Jul/2014:01:57:53 -0700] "POST /wp-content/uploads/avatars/46/cache/footer.php HTTP/1.1" 200 4814 "-" "Mozilla/5.0 (Windows; U; Windows NT 5.1; zh-CN; rv:1.7.6)"
50.57.140.58 - - [22/Jul/2014:01:58:02 -0700] "POST /wp-content/uploads/avatars/46/cache/footer.php HTTP/1.1" 200 4979 "-" "Mozilla/5.0 (Windows; U; Windows NT 5.1; zh-CN; rv:1.7.6)"
157.55.39.113 - - [22/Jul/2014:01:58:16 -0700] "GET /blog/check-out-our-new-friend-5/ HTTP/1.1" 200 47477 "-" "Mozilla/5.0 (compatible; bingbot/2.0; +http://www.bing.com/bingbot.htm)"
50.57.140.58 - - [22/Jul/2014:01:58:11 -0700] "POST /wp-content/uploads/avatars/46/cache/footer.php HTTP/1.1" 200 4846 "-" "Mozilla/5.0 (Windows; U; Windows NT 5.1; zh-CN; rv:1.7.6)"
50.57.140.58 - - [22/Jul/2014:01:58:27 -0700] "POST /wp-content/uploads/avatars/46/cache/footer.php HTTP/1.1" 200 4906 "-" "Mozilla/5.0 (Windows; U; Windows NT 5.1; zh-CN; rv:1.7.6)"
50.57.140.58 - - [22/Jul/2014:01:58:36 -0700] "POST /wp-content/uploads/avatars/46/cache/footer.php HTTP/1.1" 200 4954 "-" "Mozilla/5.0 (Windows; U; Windows NT 5.1; zh-CN; rv:1.7.6)"
54.80.153.148 - - [22/Jul/2014:01:58:45 -0700] "GET /feed/ HTTP/1.1" 200 22255 "-" "feedzirra http://github.com/pauldix/feedzirra/tree/master"
50.57.140.58 - - [22/Jul/2014:01:58:46 -0700] "POST /wp-content/uploads/avatars/46/cache/footer.php HTTP/1.1" 200 4982 "-" "Mozilla/5.0 (Windows; U; Windows NT 5.1; zh-CN; rv:1.7.6)"
50.57.140.58 - - [22/Jul/2014:01:58:55 -0700] "POST /wp-content/uploads/avatars/46/cache/footer.php HTTP/1.1" 200 5014 "-" "Mozilla/5.0 (Windows; U; Windows NT 5.1; zh-CN; rv:1.7.6)"
157.55.39.172 - - [22/Jul/2014:01:59:06 -0700] "GET /american-experience HTTP/1.1" 301 - "-" "Mozilla/5.0 (compatible; bingbot/2.0; +http://www.bing.com/bingbot.htm)"
50.57.140.58 - - [22/Jul/2014:01:59:04 -0700] "POST /wp-content/uploads/avatars/46/cache/footer.php HTTP/1.1" 200 4990 "-" "Mozilla/5.0 (Windows; U; Windows NT 5.1; zh-CN; rv:1.7.6)"
50.57.140.58 - - [22/Jul/2014:01:59:13 -0700] "POST /wp-content/uploads/avatars/46/cache/footer.php HTTP/1.1" 200 4802 "-" "Mozilla/5.0 (Windows; U; Windows NT 5.1; zh-CN; rv:1.7.6)"
50.57.140.58 - - [22/Jul/2014:01:59:21 -0700] "POST /wp-content/uploads/avatars/46/cache/footer.php HTTP/1.1" 200 4726 "-" "Mozilla/5.0 (Windows; U; Windows NT 5.1; zh-CN; rv:1.7.6)"
50.57.140.58 - - [22/Jul/2014:01:59:32 -0700] "POST /wp-content/uploads/avatars/46/cache/footer.php HTTP/1.1" 200 4802 "-" "Mozilla/5.0 (Windows; U; Windows NT 5.1; zh-CN; rv:1.7.6)"
50.57.140.58 - - [22/Jul/2014:01:59:40 -0700] "POST /wp-content/uploads/avatars/46/cache/footer.php HTTP/1.1" 200 4814 "-" "Mozilla/5.0 (Windows; U; Windows NT 5.1; zh-CN; rv:1.7.6)"
50.57.140.58 - - [22/Jul/2014:01:59:48 -0700] "POST /wp-content/uploads/avatars/46/cache/footer.php HTTP/1.1" 200 4890 "-" "Mozilla/5.0 (Windows; U; Windows NT 5.1; zh-CN; rv:1.7.6)"
50.57.140.58 - - [22/Jul/2014:01:59:58 -0700] "POST /wp-content/uploads/avatars/46/cache/footer.php HTTP/1.1" 200 4898 "-" "Mozilla/5.0 (Windows; U; Windows NT 5.1; zh-CN; rv:1.7.6)"
217.18.199.199 - - [22/Jul/2014:01:59:58 -0700] "POST /wp-content/uploads/avatars/46/cache/footer.php HTTP/1.1" 200 4918 "-" "Mozilla/5.0 (Windows; U; Windows NT 5.1; zh-CN; rv:1.7.6)"
50.57.140.58 - - [22/Jul/2014:02:00:06 -0700] "POST /wp-content/uploads/avatars/46/cache/footer.php HTTP/1.1" 200 4846 "-" "Mozilla/5.0 (Windows; U; Windows NT 5.1; zh-CN; rv:1.7.6)"
50.57.140.58 - - [22/Jul/2014:02:00:14 -0700] "POST /wp-content/uploads/avatars/46/cache/footer.php HTTP/1.1" 200 4834 "-" "Mozilla/5.0 (Windows; U; Windows NT 5.1; zh-CN; rv:1.7.6)"
50.57.140.58 - - [22/Jul/2014:02:00:22 -0700] "POST /wp-content/uploads/avatars/46/cache/footer.php HTTP/1.1" 200 4974 "-" "Mozilla/5.0 (Windows; U; Windows NT 5.1; zh-CN; rv:1.7.6)"
50.57.140.58 - - [22/Jul/2014:02:00:29 -0700] "POST /wp-content/uploads/avatars/46/cache/footer.php HTTP/1.1" 200 4870 "-" "Mozilla/5.0 (Windows; U; Windows NT 5.1; zh-CN; rv:1.7.6)"
50.57.140.58 - - [22/Jul/2014:02:00:37 -0700] "POST /wp-content/uploads/avatars/46/cache/footer.php HTTP/1.1" 200 4806 "-" "Mozilla/5.0 (Windows; U; Windows NT 5.1; zh-CN; rv:1.7.6)"
50.57.140.58 - - [22/Jul/2014:02:00:50 -0700] "POST /wp-content/uploads/avatars/46/cache/footer.php HTTP/1.1" 200 4846 "-" "Mozilla/5.0 (Windows; U; Windows NT 5.1; zh-CN; rv:1.7.6)"
